Archive member included to satisfy reference by file (symbol)

c:/program files (x86)/gnu tools arm embedded/6 2017-q2-update/bin/../lib/gcc/arm-none-eabi/6.3.1/../../../../arm-none-eabi/lib/thumb/v7e-m/fpv4-sp/hard\libc_nano.a(lib_a-exit.o)
                              c:/program files (x86)/gnu tools arm embedded/6 2017-q2-update/bin/../lib/gcc/arm-none-eabi/6.3.1/../../../../arm-none-eabi/lib/thumb/v7e-m/fpv4-sp/hard/crt0.o (exit)
c:/program files (x86)/gnu tools arm embedded/6 2017-q2-update/bin/../lib/gcc/arm-none-eabi/6.3.1/../../../../arm-none-eabi/lib/thumb/v7e-m/fpv4-sp/hard\libc_nano.a(lib_a-impure.o)
                              c:/program files (x86)/gnu tools arm embedded/6 2017-q2-update/bin/../lib/gcc/arm-none-eabi/6.3.1/../../../../arm-none-eabi/lib/thumb/v7e-m/fpv4-sp/hard\libc_nano.a(lib_a-exit.o) (_global_impure_ptr)
c:/program files (x86)/gnu tools arm embedded/6 2017-q2-update/bin/../lib/gcc/arm-none-eabi/6.3.1/../../../../arm-none-eabi/lib/thumb/v7e-m/fpv4-sp/hard\libc_nano.a(lib_a-init.o)
                              c:/program files (x86)/gnu tools arm embedded/6 2017-q2-update/bin/../lib/gcc/arm-none-eabi/6.3.1/../../../../arm-none-eabi/lib/thumb/v7e-m/fpv4-sp/hard/crt0.o (__libc_init_array)
c:/program files (x86)/gnu tools arm embedded/6 2017-q2-update/bin/../lib/gcc/arm-none-eabi/6.3.1/../../../../arm-none-eabi/lib/thumb/v7e-m/fpv4-sp/hard\libc_nano.a(lib_a-memset.o)
                              c:/program files (x86)/gnu tools arm embedded/6 2017-q2-update/bin/../lib/gcc/arm-none-eabi/6.3.1/../../../../arm-none-eabi/lib/thumb/v7e-m/fpv4-sp/hard/crt0.o (memset)
c:/program files (x86)/gnu tools arm embedded/6 2017-q2-update/bin/../lib/gcc/arm-none-eabi/6.3.1/../../../../arm-none-eabi/lib/thumb/v7e-m/fpv4-sp/hard\libc_nano.a(lib_a-nano-vfprintf_float.o)
                              (_printf_float)
c:/program files (x86)/gnu tools arm embedded/6 2017-q2-update/bin/../lib/gcc/arm-none-eabi/6.3.1/../../../../arm-none-eabi/lib/thumb/v7e-m/fpv4-sp/hard\libc_nano.a(lib_a-nano-vfprintf_i.o)
                              c:/program files (x86)/gnu tools arm embedded/6 2017-q2-update/bin/../lib/gcc/arm-none-eabi/6.3.1/../../../../arm-none-eabi/lib/thumb/v7e-m/fpv4-sp/hard\libc_nano.a(lib_a-nano-vfprintf_float.o) (_printf_common)
c:/program files (x86)/gnu tools arm embedded/6 2017-q2-update/bin/../lib/gcc/arm-none-eabi/6.3.1/../../../../arm-none-eabi/lib/thumb/v7e-m/fpv4-sp/hard\libc_nano.a(lib_a-strlen.o)
                              build/src/debug.o (strlen)
c:/program files (x86)/gnu tools arm embedded/6 2017-q2-update/bin/../lib/gcc/arm-none-eabi/6.3.1/../../../../arm-none-eabi/lib/thumb/v7e-m/fpv4-sp/hard\libc_nano.a(lib_a-vsnprintf.o)
                              build/src/debug.o (vsnprintf)
c:/program files (x86)/gnu tools arm embedded/6 2017-q2-update/bin/../lib/gcc/arm-none-eabi/6.3.1/../../../../arm-none-eabi/lib/thumb/v7e-m/fpv4-sp/hard\libc_nano.a(lib_a-dtoa.o)
                              c:/program files (x86)/gnu tools arm embedded/6 2017-q2-update/bin/../lib/gcc/arm-none-eabi/6.3.1/../../../../arm-none-eabi/lib/thumb/v7e-m/fpv4-sp/hard\libc_nano.a(lib_a-nano-vfprintf_float.o) (_dtoa_r)
c:/program files (x86)/gnu tools arm embedded/6 2017-q2-update/bin/../lib/gcc/arm-none-eabi/6.3.1/../../../../arm-none-eabi/lib/thumb/v7e-m/fpv4-sp/hard\libc_nano.a(lib_a-localeconv.o)
                              c:/program files (x86)/gnu tools arm embedded/6 2017-q2-update/bin/../lib/gcc/arm-none-eabi/6.3.1/../../../../arm-none-eabi/lib/thumb/v7e-m/fpv4-sp/hard\libc_nano.a(lib_a-nano-vfprintf_float.o) (_localeconv_r)
c:/program files (x86)/gnu tools arm embedded/6 2017-q2-update/bin/../lib/gcc/arm-none-eabi/6.3.1/../../../../arm-none-eabi/lib/thumb/v7e-m/fpv4-sp/hard\libc_nano.a(lib_a-malloc.o)
                              c:/program files (x86)/gnu tools arm embedded/6 2017-q2-update/bin/../lib/gcc/arm-none-eabi/6.3.1/../../../../arm-none-eabi/lib/thumb/v7e-m/fpv4-sp/hard\libc_nano.a(lib_a-dtoa.o) (malloc)
c:/program files (x86)/gnu tools arm embedded/6 2017-q2-update/bin/../lib/gcc/arm-none-eabi/6.3.1/../../../../arm-none-eabi/lib/thumb/v7e-m/fpv4-sp/hard\libc_nano.a(lib_a-memchr.o)
                              c:/program files (x86)/gnu tools arm embedded/6 2017-q2-update/bin/../lib/gcc/arm-none-eabi/6.3.1/../../../../arm-none-eabi/lib/thumb/v7e-m/fpv4-sp/hard\libc_nano.a(lib_a-nano-vfprintf_i.o) (memchr)
c:/program files (x86)/gnu tools arm embedded/6 2017-q2-update/bin/../lib/gcc/arm-none-eabi/6.3.1/../../../../arm-none-eabi/lib/thumb/v7e-m/fpv4-sp/hard\libc_nano.a(lib_a-memcpy-stub.o)
                              c:/program files (x86)/gnu tools arm embedded/6 2017-q2-update/bin/../lib/gcc/arm-none-eabi/6.3.1/../../../../arm-none-eabi/lib/thumb/v7e-m/fpv4-sp/hard\libc_nano.a(lib_a-dtoa.o) (memcpy)
[...]
Memory Configuration

Name             Origin             Length             Attributes
RAM              0x20000000         0x00020000         xrw
CCMRAM           0x10000000         0x00010000         rw
FLASH            0x08000000         0x00100000         xr
*default*        0x00000000         0xffffffff

Linker script and memory map

LOAD c:/program files (x86)/gnu tools arm embedded/6 2017-q2-update/bin/../lib/gcc/arm-none-eabi/6.3.1/thumb/v7e-m/fpv4-sp/hard/crti.o
LOAD c:/program files (x86)/gnu tools arm embedded/6 2017-q2-update/bin/../lib/gcc/arm-none-eabi/6.3.1/thumb/v7e-m/fpv4-sp/hard/crtbegin.o
LOAD c:/program files (x86)/gnu tools arm embedded/6 2017-q2-update/bin/../lib/gcc/arm-none-eabi/6.3.1/../../../../arm-none-eabi/lib/thumb/v7e-m/fpv4-sp/hard/crt0.o
LOAD build/startup_stm32f405xx.o
LOAD build/base/Drivers/STM32F4xx_HAL_Driver/Src/stm32f4xx_hal.o
LOAD build/base/Drivers/STM32F4xx_HAL_Driver/Src/stm32f4xx_hal_adc.o
LOAD build/base/Drivers/STM32F4xx_HAL_Driver/Src/stm32f4xx_hal_cortex.o
LOAD build/base/Drivers/STM32F4xx_HAL_Driver/Src/stm32f4xx_hal_crc.o
LOAD build/base/Drivers/STM32F4xx_HAL_Driver/Src/stm32f4xx_hal_dma.o
LOAD build/base/Drivers/STM32F4xx_HAL_Driver/Src/stm32f4xx_hal_dma_ex.o
LOAD build/base/Drivers/STM32F4xx_HAL_Driver/Src/stm32f4xx_hal_exti.o
LOAD build/base/Drivers/STM32F4xx_HAL_Driver/Src/stm32f4xx_hal_flash.o
LOAD build/base/Drivers/STM32F4xx_HAL_Driver/Src/stm32f4xx_hal_flash_ex.o
LOAD build/base/Drivers/STM32F4xx_HAL_Driver/Src/stm32f4xx_hal_gpio.o
LOAD build/base/Drivers/STM32F4xx_HAL_Driver/Src/stm32f4xx_hal_i2c.o
LOAD build/base/Drivers/STM32F4xx_HAL_Driver/Src/stm32f4xx_hal_i2c_ex.o
LOAD build/base/Drivers/STM32F4xx_HAL_Driver/Src/stm32f4xx_hal_sd.o
LOAD build/base/Drivers/STM32F4xx_HAL_Driver/Src/stm32f4xx_ll_sdmmc.o
LOAD build/base/Drivers/STM32F4xx_HAL_Driver/Src/stm32f4xx_hal_pwr.o
LOAD build/base/Drivers/STM32F4xx_HAL_Driver/Src/stm32f4xx_hal_pwr_ex.o
LOAD build/base/Drivers/STM32F4xx_HAL_Driver/Src/stm32f4xx_hal_rcc.o
LOAD build/base/Drivers/STM32F4xx_HAL_Driver/Src/stm32f4xx_hal_rcc_ex.o
LOAD build/base/Drivers/STM32F4xx_HAL_Driver/Src/stm32f4xx_hal_rng.o
LOAD build/base/Drivers/STM32F4xx_HAL_Driver/Src/stm32f4xx_hal_tim.o
LOAD build/base/Drivers/STM32F4xx_HAL_Driver/Src/stm32f4xx_hal_tim_ex.o
LOAD build/base/Drivers/STM32F4xx_HAL_Driver/Src/stm32f4xx_hal_uart.o
LOAD build/base/Src/main.o
LOAD build/base/Src/system_stm32f4xx.o
LOAD build/base/Src/stm32f4xx_it.o
LOAD build/base/Src/stm32f4xx_hal_msp.o
LOAD build/src/adc.o
LOAD build/src/ws2812.o
LOAD build/src/app.o
LOAD build/src/debug.o
LOAD build/src/phys_engine.o
LOAD build/src/console.o
LOAD c:/program files (x86)/gnu tools arm embedded/6 2017-q2-update/bin/../lib/gcc/arm-none-eabi/6.3.1/../../../../arm-none-eabi/lib/thumb/v7e-m/fpv4-sp/hard\libc_nano.a
LOAD c:/program files (x86)/gnu tools arm embedded/6 2017-q2-update/bin/../lib/gcc/arm-none-eabi/6.3.1/../../../../arm-none-eabi/lib/thumb/v7e-m/fpv4-sp/hard\libm.a
LOAD c:/program files (x86)/gnu tools arm embedded/6 2017-q2-update/bin/../lib/gcc/arm-none-eabi/6.3.1/../../../../arm-none-eabi/lib/thumb/v7e-m/fpv4-sp/hard\libnosys.a
START GROUP
LOAD c:/program files (x86)/gnu tools arm embedded/6 2017-q2-update/bin/../lib/gcc/arm-none-eabi/6.3.1/thumb/v7e-m/fpv4-sp/hard\libgcc.a
LOAD c:/program files (x86)/gnu tools arm embedded/6 2017-q2-update/bin/../lib/gcc/arm-none-eabi/6.3.1/../../../../arm-none-eabi/lib/thumb/v7e-m/fpv4-sp/hard\libc_nano.a
END GROUP
START GROUP
LOAD c:/program files (x86)/gnu tools arm embedded/6 2017-q2-update/bin/../lib/gcc/arm-none-eabi/6.3.1/thumb/v7e-m/fpv4-sp/hard\libgcc.a
LOAD c:/program files (x86)/gnu tools arm embedded/6 2017-q2-update/bin/../lib/gcc/arm-none-eabi/6.3.1/../../../../arm-none-eabi/lib/thumb/v7e-m/fpv4-sp/hard\libc_nano.a
END GROUP
LOAD c:/program files (x86)/gnu tools arm embedded/6 2017-q2-update/bin/../lib/gcc/arm-none-eabi/6.3.1/thumb/v7e-m/fpv4-sp/hard/crtend.o
LOAD c:/program files (x86)/gnu tools arm embedded/6 2017-q2-update/bin/../lib/gcc/arm-none-eabi/6.3.1/thumb/v7e-m/fpv4-sp/hard/crtn.o
                0x20020000                _estack = 0x20020000
                0x00000200                _Min_Heap_Size = 0x200
                0x00000400                _Min_Stack_Size = 0x400

.isr_vector     0x08000000      0x188
                0x08000000                . = ALIGN (0x4)
 *(.isr_vector)
 .isr_vector    0x08000000      0x188 build/startup_stm32f405xx.o
                0x08000000                g_pfnVectors
                0x08000188                . = ALIGN (0x4)

.text           0x08000190     0x7f94
                0x08000190                . = ALIGN (0x4)
 *(.text)
 .text          0x08000190       0x6c c:/program files (x86)/gnu tools arm embedded/6 2017-q2-update/bin/../lib/gcc/arm-none-eabi/6.3.1/thumb/v7e-m/fpv4-sp/hard/crtbegin.o
 .text          0x080001fc       0x10 c:/program files (x86)/gnu tools arm embedded/6 2017-q2-update/bin/../lib/gcc/arm-none-eabi/6.3.1/../../../../arm-none-eabi/lib/thumb/v7e-m/fpv4-sp/hard\libc_nano.a(lib_a-strlen.o)
                0x080001fc                strlen
 *fill*         0x0800020c        0x4 
 .text          0x08000210       0xa0 c:/program files (x86)/gnu tools arm embedded/6 2017-q2-update/bin/../lib/gcc/arm-none-eabi/6.3.1/../../../../arm-none-eabi/lib/thumb/v7e-m/fpv4-sp/hard\libc_nano.a(lib_a-memchr.o)
                0x08000210                memchr
 .text          0x080002b0      0x370 c:/program files (x86)/gnu tools arm embedded/6 2017-q2-update/bin/../lib/gcc/arm-none-eabi/6.3.1/thumb/v7e-m/fpv4-sp/hard\libgcc.a(_arm_addsubdf3.o)
                0x080002b0                __aeabi_drsub
                0x080002b8                __aeabi_dsub
                0x080002b8                __subdf3
                0x080002bc                __aeabi_dadd
                0x080002bc                __adddf3
                0x08000534                __floatunsidf
                0x08000534                __aeabi_ui2d
                0x08000554                __floatsidf
                0x08000554                __aeabi_i2d
                0x08000578                __aeabi_f2d
                0x08000578                __extendsfdf2
                0x080005b4                __floatundidf
                0x080005b4                __aeabi_ul2d
                0x080005c4                __floatdidf
                0x080005c4                __aeabi_l2d
 .text          0x08000620      0x424 c:/program files (x86)/gnu tools arm embedded/6 2017-q2-update/bin/../lib/gcc/arm-none-eabi/6.3.1/thumb/v7e-m/fpv4-sp/hard\libgcc.a(_arm_muldivdf3.o)
                0x08000620                __aeabi_dmul
                0x08000620                __muldf3
                0x08000874                __divdf3
                0x08000874                __aeabi_ddiv
 .text          0x08000a44      0x110 c:/program files (x86)/gnu tools arm embedded/6 2017-q2-update/bin/../lib/gcc/arm-none-eabi/6.3.1/thumb/v7e-m/fpv4-sp/hard\libgcc.a(_arm_cmpdf2.o)
                0x08000a44                __gtdf2
                0x08000a44                __gedf2
                0x08000a4c                __ltdf2
                0x08000a4c                __ledf2
                0x08000a54                __nedf2
                0x08000a54                __eqdf2
                0x08000a54                __cmpdf2
                0x08000ad0                __aeabi_cdrcmple
                0x08000ae0                __aeabi_cdcmpeq
                0x08000ae0                __aeabi_cdcmple
                0x08000af0                __aeabi_dcmpeq
                0x08000b04                __aeabi_dcmplt
                0x08000b18                __aeabi_dcmple
                0x08000b2c                __aeabi_dcmpge
                0x08000b40                __aeabi_dcmpgt
 .text          0x08000b54       0x2c c:/program files (x86)/gnu tools arm embedded/6 2017-q2-update/bin/../lib/gcc/arm-none-eabi/6.3.1/thumb/v7e-m/fpv4-sp/hard\libgcc.a(_arm_unorddf2.o)
                0x08000b54                __unorddf2
                0x08000b54                __aeabi_dcmpun
 .text          0x08000b80       0x50 c:/program files (x86)/gnu tools arm embedded/6 2017-q2-update/bin/../lib/gcc/arm-none-eabi/6.3.1/thumb/v7e-m/fpv4-sp/hard\libgcc.a(_arm_fixdfsi.o)
                0x08000b80                __aeabi_d2iz
                0x08000b80                __fixdfsi
 .text          0x08000bd0       0xa0 c:/program files (x86)/gnu tools arm embedded/6 2017-q2-update/bin/../lib/gcc/arm-none-eabi/6.3.1/thumb/v7e-m/fpv4-sp/hard\libgcc.a(_arm_truncdfsf2.o)
                0x08000bd0                __truncdfsf2
                0x08000bd0                __aeabi_d2f
 .text          0x08000c70       0x30 c:/program files (x86)/gnu tools arm embedded/6 2017-q2-update/bin/../lib/gcc/arm-none-eabi/6.3.1/thumb/v7e-m/fpv4-sp/hard\libgcc.a(_aeabi_uldivmod.o)
                0x08000c70                __aeabi_uldivmod
 .text          0x08000ca0      0x2dc c:/program files (x86)/gnu tools arm embedded/6 2017-q2-update/bin/../lib/gcc/arm-none-eabi/6.3.1/thumb/v7e-m/fpv4-sp/hard\libgcc.a(_udivmoddi4.o)
                0x08000ca0                __udivmoddi4
 .text          0x08000f7c        0x4 c:/program files (x86)/gnu tools arm embedded/6 2017-q2-update/bin/../lib/gcc/arm-none-eabi/6.3.1/thumb/v7e-m/fpv4-sp/hard\libgcc.a(_dvmd_tls.o)
                0x08000f7c                __aeabi_idiv0
                0x08000f7c                __aeabi_ldiv0
 *(.text*)
 .text.Reset_Handler
                0x08000f80       0x50 build/startup_stm32f405xx.o
                0x08000f80                Reset_Handler
 .text.Default_Handler
                0x08000fd0        0x2 build/startup_stm32f405xx.o
                0x08000fd0                RTC_Alarm_IRQHandler
                0x08000fd0                HASH_RNG_IRQHandler
                0x08000fd0                EXTI2_IRQHandler
                0x08000fd0                TIM8_CC_IRQHandler
                0x08000fd0                TIM1_CC_IRQHandler
                0x08000fd0                DMA2_Stream5_IRQHandler
                0x08000fd0                DMA1_Stream5_IRQHandler
                0x08000fd0                PVD_IRQHandler
                0x08000fd0                SDIO_IRQHandler
                0x08000fd0                TAMP_STAMP_IRQHandler
                0x08000fd0                CAN2_RX1_IRQHandler
                0x08000fd0                EXTI3_IRQHandler
                0x08000fd0                TIM8_TRG_COM_TIM14_IRQHandler
                0x08000fd0                TIM1_UP_TIM10_IRQHandler
                0x08000fd0                TIM8_UP_TIM13_IRQHandler
                0x08000fd0                I2C3_ER_IRQHandler
                0x08000fd0                EXTI0_IRQHandler
                0x08000fd0                I2C2_EV_IRQHandler
                0x08000fd0                DMA1_Stream2_IRQHandler
                0x08000fd0                CAN1_RX0_IRQHandler
                0x08000fd0                FPU_IRQHandler
                0x08000fd0                OTG_HS_WKUP_IRQHandler
                0x08000fd0                CAN2_SCE_IRQHandler
                0x08000fd0                DMA2_Stream2_IRQHandler
                0x08000fd0                SPI1_IRQHandler
                0x08000fd0                TIM6_DAC_IRQHandler
                0x08000fd0                TIM1_BRK_TIM9_IRQHandler
                0x08000fd0                CAN2_RX0_IRQHandler
                0x08000fd0                DMA2_Stream3_IRQHandler
                0x08000fd0                USART6_IRQHandler
                0x08000fd0                USART3_IRQHandler
                0x08000fd0                CAN1_RX1_IRQHandler
                0x08000fd0                UART5_IRQHandler
                0x08000fd0                TIM4_IRQHandler
                0x08000fd0                I2C1_EV_IRQHandler
                0x08000fd0                DMA1_Stream6_IRQHandler
                0x08000fd0                DMA1_Stream1_IRQHandler
                0x08000fd0                UART4_IRQHandler
                0x08000fd0                TIM3_IRQHandler
                0x08000fd0                RCC_IRQHandler
                0x08000fd0                TIM8_BRK_TIM12_IRQHandler
                0x08000fd0                Default_Handler
                0x08000fd0                EXTI15_10_IRQHandler
                0x08000fd0                ADC_IRQHandler
                0x08000fd0                DMA1_Stream7_IRQHandler
                0x08000fd0                TIM7_IRQHandler
                0x08000fd0                CAN2_TX_IRQHandler
                0x08000fd0                TIM5_IRQHandler
                0x08000fd0                DMA2_Stream7_IRQHandler
                0x08000fd0                I2C3_EV_IRQHandler
                0x08000fd0                EXTI9_5_IRQHandler
                0x08000fd0                RTC_WKUP_IRQHandler
                0x08000fd0                SPI2_IRQHandler
                0x08000fd0                OTG_HS_EP1_IN_IRQHandler
                0x08000fd0                DMA1_Stream0_IRQHandler
                0x08000fd0                CAN1_TX_IRQHandler
                0x08000fd0                EXTI4_IRQHandler
                0x08000fd0                FSMC_IRQHandler
                0x08000fd0                OTG_HS_EP1_OUT_IRQHandler
                0x08000fd0                WWDG_IRQHandler
                0x08000fd0                TIM2_IRQHandler
                0x08000fd0                OTG_FS_WKUP_IRQHandler
                0x08000fd0                TIM1_TRG_COM_TIM11_IRQHandler
                0x08000fd0                OTG_HS_IRQHandler
                0x08000fd0                EXTI1_IRQHandler
                0x08000fd0                I2C2_ER_IRQHandler
                0x08000fd0                CAN1_SCE_IRQHandler
                0x08000fd0                FLASH_IRQHandler
                0x08000fd0                DMA2_Stream4_IRQHandler
                0x08000fd0                USART1_IRQHandler
                0x08000fd0                OTG_FS_IRQHandler
                0x08000fd0                SPI3_IRQHandler
                0x08000fd0                DMA1_Stream4_IRQHandler
                0x08000fd0                I2C1_ER_IRQHandler
                0x08000fd0                DMA2_Stream6_IRQHandler
                0x08000fd0                DMA1_Stream3_IRQHandler
 *fill*         0x08000fd2        0x2 
 .text.HAL_InitTick
                0x08000fd4       0x48 build/base/Drivers/STM32F4xx_HAL_Driver/Src/stm32f4xx_hal.o
                0x08000fd4                HAL_InitTick
 .text.HAL_Init
                0x0800101c       0x34 build/base/Drivers/STM32F4xx_HAL_Driver/Src/stm32f4xx_hal.o
                0x0800101c                HAL_Init
 .text.HAL_IncTick
                0x08001050       0x18 build/base/Drivers/STM32F4xx_HAL_Driver/Src/stm32f4xx_hal.o
                0x08001050                HAL_IncTick
 .text.HAL_GetTick
                0x08001068        0xc build/base/Drivers/STM32F4xx_HAL_Driver/Src/stm32f4xx_hal.o
                0x08001068                HAL_GetTick
 .text.HAL_Delay
                0x08001074       0x24 build/base/Drivers/STM32F4xx_HAL_Driver/Src/stm32f4xx_hal.o
                0x08001074                HAL_Delay
 .text.HAL_ADC_Init
                0x08001098      0x160 build/base/Drivers/STM32F4xx_HAL_Driver/Src/stm32f4xx_hal_adc.o
                0x08001098                HAL_ADC_Init
 .text.HAL_ADC_Start
                0x080011f8       0xfc build/base/Drivers/STM32F4xx_HAL_Driver/Src/stm32f4xx_hal_adc.o
                0x080011f8                HAL_ADC_Start
 .text.HAL_ADC_Start_DMA
                0x080012f4      0x134 build/base/Drivers/STM32F4xx_HAL_Driver/Src/stm32f4xx_hal_adc.o
                0x080012f4                HAL_ADC_Start_DMA
 .text.HAL_ADC_ConvCpltCallback
                0x08001428        0x4 build/base/Drivers/STM32F4xx_HAL_Driver/Src/stm32f4xx_hal_adc.o
                0x08001428                HAL_ADC_ConvCpltCallback
 .text.HAL_ADC_ConvHalfCpltCallback
                0x0800142c        0x4 build/base/Drivers/STM32F4xx_HAL_Driver/Src/stm32f4xx_hal_adc.o
                0x0800142c                HAL_ADC_ConvHalfCpltCallback
 .text.ADC_DMAHalfConvCplt
                0x08001430        0xc build/base/Drivers/STM32F4xx_HAL_Driver/Src/stm32f4xx_hal_adc.o
 .text.HAL_ADC_ErrorCallback
                0x0800143c        0x4 build/base/Drivers/STM32F4xx_HAL_Driver/Src/stm32f4xx_hal_adc.o
                0x0800143c                HAL_ADC_ErrorCallback
 .text.ADC_DMAError
                0x08001440       0x18 build/base/Drivers/STM32F4xx_HAL_Driver/Src/stm32f4xx_hal_adc.o
 .text.ADC_DMAConvCplt
                0x08001458       0x6c build/base/Drivers/STM32F4xx_HAL_Driver/Src/stm32f4xx_hal_adc.o
 .text.HAL_ADC_ConfigChannel
                0x080014c4      0x144 build/base/Drivers/STM32F4xx_HAL_Driver/Src/stm32f4xx_hal_adc.o
                0x080014c4                HAL_ADC_ConfigChannel
 .text.HAL_NVIC_SetPriorityGrouping
                0x08001608       0x24 build/base/Drivers/STM32F4xx_HAL_Driver/Src/stm32f4xx_hal_cortex.o
                0x08001608                HAL_NVIC_SetPriorityGrouping
 .text.HAL_NVIC_SetPriority
                0x0800162c       0x6c build/base/Drivers/STM32F4xx_HAL_Driver/Src/stm32f4xx_hal_cortex.o
                0x0800162c                HAL_NVIC_SetPriority
 .text.HAL_NVIC_EnableIRQ
                0x08001698       0x1c build/base/Drivers/STM32F4xx_HAL_Driver/Src/stm32f4xx_hal_cortex.o
                0x08001698                HAL_NVIC_EnableIRQ
 .text.HAL_SYSTICK_Config
                0x080016b4       0x34 build/base/Drivers/STM32F4xx_HAL_Driver/Src/stm32f4xx_hal_cortex.o
                0x080016b4                HAL_SYSTICK_Config
 .text.HAL_CRC_Init
                0x080016e8       0x28 build/base/Drivers/STM32F4xx_HAL_Driver/Src/stm32f4xx_hal_crc.o
                0x080016e8                HAL_CRC_Init
 .text.HAL_DMA_Init
                0x08001710      0x134 build/base/Drivers/STM32F4xx_HAL_Driver/Src/stm32f4xx_hal_dma.o
                0x08001710                HAL_DMA_Init
 .text.HAL_DMA_Start_IT
                0x08001844       0x7c build/base/Drivers/STM32F4xx_HAL_Driver/Src/stm32f4xx_hal_dma.o
                0x08001844                HAL_DMA_Start_IT
 .text.HAL_DMA_Abort_IT
                0x080018c0       0x24 build/base/Drivers/STM32F4xx_HAL_Driver/Src/stm32f4xx_hal_dma.o
                0x080018c0                HAL_DMA_Abort_IT
 .text.HAL_DMA_IRQHandler
                0x080018e4      0x1a0 build/base/Drivers/STM32F4xx_HAL_Driver/Src/stm32f4xx_hal_dma.o
                0x080018e4                HAL_DMA_IRQHandler
 .text.HAL_GPIO_Init
                0x08001a84      0x250 build/base/Drivers/STM32F4xx_HAL_Driver/Src/stm32f4xx_hal_gpio.o
                0x08001a84                HAL_GPIO_Init
 .text.HAL_GPIO_WritePin
                0x08001cd4        0x8 build/base/Drivers/STM32F4xx_HAL_Driver/Src/stm32f4xx_hal_gpio.o
                0x08001cd4                HAL_GPIO_WritePin
 .text.HAL_I2C_Init
                0x08001cdc      0x180 build/base/Drivers/STM32F4xx_HAL_Driver/Src/stm32f4xx_hal_i2c.o
                0x08001cdc                HAL_I2C_Init
 .text.HAL_I2C_Master_Transmit
                0x08001e5c      0x314 build/base/Drivers/STM32F4xx_HAL_Driver/Src/stm32f4xx_hal_i2c.o
                0x08001e5c                HAL_I2C_Master_Transmit
 .text.HAL_I2C_Master_Receive
                0x08002170      0x490 build/base/Drivers/STM32F4xx_HAL_Driver/Src/stm32f4xx_hal_i2c.o
                0x08002170                HAL_I2C_Master_Receive
 .text.SD_FindSCR
                0x08002600       0xdc build/base/Drivers/STM32F4xx_HAL_Driver/Src/stm32f4xx_hal_sd.o
 .text.HAL_SD_GetCardCSD
                0x080026dc      0x174 build/base/Drivers/STM32F4xx_HAL_Driver/Src/stm32f4xx_hal_sd.o
                0x080026dc                HAL_SD_GetCardCSD
 .text.HAL_SD_Init
                0x08002850      0x214 build/base/Drivers/STM32F4xx_HAL_Driver/Src/stm32f4xx_hal_sd.o
                0x08002850                HAL_SD_Init
 .text.HAL_SD_ConfigWideBusOperation
                0x08002a64      0x120 build/base/Drivers/STM32F4xx_HAL_Driver/Src/stm32f4xx_hal_sd.o
                0x08002a64                HAL_SD_ConfigWideBusOperation
 .text.SDMMC_GetCmdResp1.part.2
                0x08002b84       0xc8 build/base/Drivers/STM32F4xx_HAL_Driver/Src/stm32f4xx_ll_sdmmc.o
 .text.SDIO_Init
                0x08002c4c       0x38 build/base/Drivers/STM32F4xx_HAL_Driver/Src/stm32f4xx_ll_sdmmc.o
                0x08002c4c                SDIO_Init
 .text.SDIO_ReadFIFO
                0x08002c84        0x8 build/base/Drivers/STM32F4xx_HAL_Driver/Src/stm32f4xx_ll_sdmmc.o
                0x08002c84                SDIO_ReadFIFO
 .text.SDIO_PowerState_ON
                0x08002c8c       0x10 build/base/Drivers/STM32F4xx_HAL_Driver/Src/stm32f4xx_ll_sdmmc.o
                0x08002c8c                SDIO_PowerState_ON
 .text.SDIO_GetPowerState
                0x08002c9c        0x8 build/base/Drivers/STM32F4xx_HAL_Driver/Src/stm32f4xx_ll_sdmmc.o
                0x08002c9c                SDIO_GetPowerState
 .text.SDIO_GetResponse
                0x08002ca4        0x8 build/base/Drivers/STM32F4xx_HAL_Driver/Src/stm32f4xx_ll_sdmmc.o
                0x08002ca4                SDIO_GetResponse
 .text.SDIO_ConfigData
                0x08002cac       0x28 build/base/Drivers/STM32F4xx_HAL_Driver/Src/stm32f4xx_ll_sdmmc.o
                0x08002cac                SDIO_ConfigData
 .text.SDMMC_CmdBlockLength
                0x08002cd4       0x78 build/base/Drivers/STM32F4xx_HAL_Driver/Src/stm32f4xx_ll_sdmmc.o
                0x08002cd4                SDMMC_CmdBlockLength
 .text.SDMMC_CmdSelDesel
                0x08002d4c       0x7c build/base/Drivers/STM32F4xx_HAL_Driver/Src/stm32f4xx_ll_sdmmc.o
                0x08002d4c                SDMMC_CmdSelDesel
 .text.SDMMC_CmdGoIdleState
                0x08002dc8       0x4c build/base/Drivers/STM32F4xx_HAL_Driver/Src/stm32f4xx_ll_sdmmc.o
                0x08002dc8                SDMMC_CmdGoIdleState
 .text.SDMMC_CmdOperCond
                0x08002e14       0x78 build/base/Drivers/STM32F4xx_HAL_Driver/Src/stm32f4xx_ll_sdmmc.o
                0x08002e14                SDMMC_CmdOperCond
 .text.SDMMC_CmdAppCommand
                0x08002e8c       0x7c build/base/Drivers/STM32F4xx_HAL_Driver/Src/stm32f4xx_ll_sdmmc.o
                0x08002e8c                SDMMC_CmdAppCommand
 .text.SDMMC_CmdAppOperCommand
                0x08002f08       0x70 build/base/Drivers/STM32F4xx_HAL_Driver/Src/stm32f4xx_ll_sdmmc.o
                0x08002f08                SDMMC_CmdAppOperCommand
 .text.SDMMC_CmdBusWidth
                0x08002f78       0x7c build/base/Drivers/STM32F4xx_HAL_Driver/Src/stm32f4xx_ll_sdmmc.o
                0x08002f78                SDMMC_CmdBusWidth
 .text.SDMMC_CmdSendSCR
                0x08002ff4       0x7c build/base/Drivers/STM32F4xx_HAL_Driver/Src/stm32f4xx_ll_sdmmc.o
                0x08002ff4                SDMMC_CmdSendSCR
 .text.SDMMC_CmdSendCID
                0x08003070       0x6c build/base/Drivers/STM32F4xx_HAL_Driver/Src/stm32f4xx_ll_sdmmc.o
                0x08003070                SDMMC_CmdSendCID
 .text.SDMMC_CmdSendCSD
                0x080030dc       0x78 build/base/Drivers/STM32F4xx_HAL_Driver/Src/stm32f4xx_ll_sdmmc.o
                0x080030dc                SDMMC_CmdSendCSD
 .text.SDMMC_CmdSetRelAdd
                0x08003154       0xac build/base/Drivers/STM32F4xx_HAL_Driver/Src/stm32f4xx_ll_sdmmc.o
                0x08003154                SDMMC_CmdSetRelAdd
 .text.HAL_RCC_OscConfig
                0x08003200      0x3bc build/base/Drivers/STM32F4xx_HAL_Driver/Src/stm32f4xx_hal_rcc.o
                0x08003200                HAL_RCC_OscConfig
 .text.HAL_RCC_GetSysClockFreq
                0x080035bc       0x6c build/base/Drivers/STM32F4xx_HAL_Driver/Src/stm32f4xx_hal_rcc.o
                0x080035bc                HAL_RCC_GetSysClockFreq
 .text.HAL_RCC_ClockConfig
                0x08003628      0x134 build/base/Drivers/STM32F4xx_HAL_Driver/Src/stm32f4xx_hal_rcc.o
                0x08003628                HAL_RCC_ClockConfig
 .text.HAL_RCC_GetPCLK1Freq
                0x0800375c       0x20 build/base/Drivers/STM32F4xx_HAL_Driver/Src/stm32f4xx_hal_rcc.o
                0x0800375c                HAL_RCC_GetPCLK1Freq
 .text.HAL_RCC_GetPCLK2Freq
                0x0800377c       0x20 build/base/Drivers/STM32F4xx_HAL_Driver/Src/stm32f4xx_hal_rcc.o
                0x0800377c                HAL_RCC_GetPCLK2Freq
 .text.HAL_RNG_Init
                0x0800379c       0x34 build/base/Drivers/STM32F4xx_HAL_Driver/Src/stm32f4xx_hal_rng.o
                0x0800379c                HAL_RNG_Init
 .text.HAL_TIM_Base_Init
                0x080037d0      0x144 build/base/Drivers/STM32F4xx_HAL_Driver/Src/stm32f4xx_hal_tim.o
                0x080037d0                HAL_TIM_Base_Init
 .text.HAL_TIM_PWM_MspInit
                0x08003914        0x4 build/base/Drivers/STM32F4xx_HAL_Driver/Src/stm32f4xx_hal_tim.o
                0x08003914                HAL_TIM_PWM_MspInit
 .text.HAL_TIM_PWM_Init
                0x08003918      0x144 build/base/Drivers/STM32F4xx_HAL_Driver/Src/stm32f4xx_hal_tim.o
                0x08003918                HAL_TIM_PWM_Init
 .text.HAL_TIM_PWM_Start_DMA
                0x08003a5c      0x14c build/base/Drivers/STM32F4xx_HAL_Driver/Src/stm32f4xx_hal_tim.o
                0x08003a5c                HAL_TIM_PWM_Start_DMA
 .text.HAL_TIM_PWM_Stop_DMA
                0x08003ba8       0xd4 build/base/Drivers/STM32F4xx_HAL_Driver/Src/stm32f4xx_hal_tim.o
                0x08003ba8                HAL_TIM_PWM_Stop_DMA
 .text.HAL_TIM_PWM_ConfigChannel
                0x08003c7c      0x20c build/base/Drivers/STM32F4xx_HAL_Driver/Src/stm32f4xx_hal_tim.o
                0x08003c7c                HAL_TIM_PWM_ConfigChannel
 .text.HAL_TIM_ConfigClockSource
                0x08003e88      0x14c build/base/Drivers/STM32F4xx_HAL_Driver/Src/stm32f4xx_hal_tim.o
                0x08003e88                HAL_TIM_ConfigClockSource
 .text.HAL_TIM_PWM_PulseFinishedCallback
                0x08003fd4        0x4 build/base/Drivers/STM32F4xx_HAL_Driver/Src/stm32f4xx_hal_tim.o
                0x08003fd4                HAL_TIM_PWM_PulseFinishedCallback
 .text.TIM_DMADelayPulseCplt
                0x08003fd8       0x4c build/base/Drivers/STM32F4xx_HAL_Driver/Src/stm32f4xx_hal_tim.o
                0x08003fd8                TIM_DMADelayPulseCplt
 .text.HAL_TIM_PWM_PulseFinishedHalfCpltCallback
                0x08004024        0x4 build/base/Drivers/STM32F4xx_HAL_Driver/Src/stm32f4xx_hal_tim.o
                0x08004024                HAL_TIM_PWM_PulseFinishedHalfCpltCallback
 .text.TIM_DMADelayPulseHalfCplt
                0x08004028       0x4c build/base/Drivers/STM32F4xx_HAL_Driver/Src/stm32f4xx_hal_tim.o
                0x08004028                TIM_DMADelayPulseHalfCplt
 .text.HAL_TIM_ErrorCallback
                0x08004074        0x4 build/base/Drivers/STM32F4xx_HAL_Driver/Src/stm32f4xx_hal_tim.o
                0x08004074                HAL_TIM_ErrorCallback
 .text.TIM_DMAError
                0x08004078       0x10 build/base/Drivers/STM32F4xx_HAL_Driver/Src/stm32f4xx_hal_tim.o
                0x08004078                TIM_DMAError
 .text.HAL_TIMEx_MasterConfigSynchronization
                0x08004088       0x8c build/base/Drivers/STM32F4xx_HAL_Driver/Src/stm32f4xx_hal_tim_ex.o
                0x08004088                HAL_TIMEx_MasterConfigSynchronization
 .text.HAL_TIMEx_ConfigBreakDeadTime
                0x08004114       0x54 build/base/Drivers/STM32F4xx_HAL_Driver/Src/stm32f4xx_hal_tim_ex.o
                0x08004114                HAL_TIMEx_ConfigBreakDeadTime
 .text.HAL_UART_Init
                0x08004168      0x148 build/base/Drivers/STM32F4xx_HAL_Driver/Src/stm32f4xx_hal_uart.o
                0x08004168                HAL_UART_Init
 .text.HAL_HalfDuplex_Init
                0x080042b0      0x150 build/base/Drivers/STM32F4xx_HAL_Driver/Src/stm32f4xx_hal_uart.o
                0x080042b0                HAL_HalfDuplex_Init
 .text.HAL_UART_Transmit
                0x08004400      0x114 build/base/Drivers/STM32F4xx_HAL_Driver/Src/stm32f4xx_hal_uart.o
                0x08004400                HAL_UART_Transmit
 .text.HAL_UART_TxCpltCallback
                0x08004514        0x4 build/base/Drivers/STM32F4xx_HAL_Driver/Src/stm32f4xx_hal_uart.o
                0x08004514                HAL_UART_TxCpltCallback
 .text.HAL_UART_RxCpltCallback
                0x08004518        0x4 build/base/Drivers/STM32F4xx_HAL_Driver/Src/stm32f4xx_hal_uart.o
                0x08004518                HAL_UART_RxCpltCallback
 .text.UART_Receive_IT.part.1
                0x0800451c       0x88 build/base/Drivers/STM32F4xx_HAL_Driver/Src/stm32f4xx_hal_uart.o
 .text.HAL_UART_ErrorCallback
                0x080045a4        0x4 build/base/Drivers/STM32F4xx_HAL_Driver/Src/stm32f4xx_hal_uart.o
                0x080045a4                HAL_UART_ErrorCallback
 .text.HAL_UART_IRQHandler
                0x080045a8      0x17c build/base/Drivers/STM32F4xx_HAL_Driver/Src/stm32f4xx_hal_uart.o
                0x080045a8                HAL_UART_IRQHandler
 .text.UART_DMAAbortOnError
                0x08004724       0x14 build/base/Drivers/STM32F4xx_HAL_Driver/Src/stm32f4xx_hal_uart.o
 .text.SystemClock_Config
                0x08004738       0x90 build/base/Src/main.o
                0x08004738                SystemClock_Config
 .text.startup.main
                0x080047c8      0x36c build/base/Src/main.o
                0x080047c8                main
 .text.Error_Handler
                0x08004b34        0x4 build/base/Src/main.o
                0x08004b34                Error_Handler
 .text.SystemInit
                0x08004b38       0x1c build/base/Src/system_stm32f4xx.o
                0x08004b38                SystemInit
 .text.NMI_Handler
                0x08004b54        0x4 build/base/Src/stm32f4xx_it.o
                0x08004b54                NMI_Handler
 .text.HardFault_Handler
                0x08004b58        0x4 build/base/Src/stm32f4xx_it.o
                0x08004b58                HardFault_Handler
 .text.MemManage_Handler
                0x08004b5c        0x4 build/base/Src/stm32f4xx_it.o
                0x08004b5c                MemManage_Handler
 .text.BusFault_Handler
                0x08004b60        0x4 build/base/Src/stm32f4xx_it.o
                0x08004b60                BusFault_Handler
 .text.UsageFault_Handler
                0x08004b64        0x4 build/base/Src/stm32f4xx_it.o
                0x08004b64                UsageFault_Handler
 .text.SVC_Handler
                0x08004b68        0x4 build/base/Src/stm32f4xx_it.o
                0x08004b68                SVC_Handler
 .text.DebugMon_Handler
                0x08004b6c        0x4 build/base/Src/stm32f4xx_it.o
                0x08004b6c                DebugMon_Handler
 .text.PendSV_Handler
                0x08004b70        0x4 build/base/Src/stm32f4xx_it.o
                0x08004b70                PendSV_Handler
 .text.SysTick_Handler
                0x08004b74        0x4 build/base/Src/stm32f4xx_it.o
                0x08004b74                SysTick_Handler
 .text.USART2_IRQHandler
                0x08004b78        0xc build/base/Src/stm32f4xx_it.o
                0x08004b78                USART2_IRQHandler
 .text.DMA2_Stream0_IRQHandler
                0x08004b84       0x40 build/base/Src/stm32f4xx_it.o
                0x08004b84                DMA2_Stream0_IRQHandler
 .text.DMA2_Stream1_IRQHandler
                0x08004bc4       0x14 build/base/Src/stm32f4xx_it.o
                0x08004bc4                DMA2_Stream1_IRQHandler
 .text.HAL_MspInit
                0x08004bd8       0x38 build/base/Src/stm32f4xx_hal_msp.o
                0x08004bd8                HAL_MspInit
 .text.HAL_ADC_MspInit
                0x08004c10       0xac build/base/Src/stm32f4xx_hal_msp.o
                0x08004c10                HAL_ADC_MspInit
 .text.HAL_CRC_MspInit
                0x08004cbc       0x34 build/base/Src/stm32f4xx_hal_msp.o
                0x08004cbc                HAL_CRC_MspInit
 .text.HAL_I2C_MspInit
                0x08004cf0       0x74 build/base/Src/stm32f4xx_hal_msp.o
                0x08004cf0                HAL_I2C_MspInit
 .text.HAL_RNG_MspInit
                0x08004d64       0x30 build/base/Src/stm32f4xx_hal_msp.o
                0x08004d64                HAL_RNG_MspInit
 .text.HAL_SD_MspInit
                0x08004d94       0xa0 build/base/Src/stm32f4xx_hal_msp.o
                0x08004d94                HAL_SD_MspInit
 .text.HAL_TIM_Base_MspInit
                0x08004e34       0xa4 build/base/Src/stm32f4xx_hal_msp.o
                0x08004e34                HAL_TIM_Base_MspInit
 .text.HAL_TIM_MspPostInit
                0x08004ed8       0x58 build/base/Src/stm32f4xx_hal_msp.o
                0x08004ed8                HAL_TIM_MspPostInit
 .text.HAL_UART_MspInit
                0x08004f30       0xd8 build/base/Src/stm32f4xx_hal_msp.o
                0x08004f30                HAL_UART_MspInit
 .text.adc_init
                0x08005008       0x30 build/src/adc.o
                0x08005008                adc_init
 .text.adc_print
                0x08005038       0x38 build/src/adc.o
                0x08005038                adc_print
 .text.adc_drv_conv_complete_half
                0x08005070        0xc build/src/adc.o
                0x08005070                adc_drv_conv_complete_half
 .text.adc_drv_conv_complete_full
                0x0800507c        0xc build/src/adc.o
                0x0800507c                adc_drv_conv_complete_full
 .text.ws2812_init
                0x08005088       0x28 build/src/ws2812.o
                0x08005088                ws2812_init
 .text.ws2812_push
                0x080050b0      0x200 build/src/ws2812.o
                0x080050b0                ws2812_push
 .text.ws2812_terminate
                0x080052b0       0x44 build/src/ws2812.o
                0x080052b0                ws2812_terminate
 .text.ws2812_set_angle
                0x080052f4      0x214 build/src/ws2812.o
                0x080052f4                ws2812_set_angle
 .text.init     0x08005508       0xe4 build/src/app.o
                0x08005508                init
 .text.loop     0x080055ec      0x458 build/src/app.o
                0x080055ec                loop
 .text.debug    0x08005a44       0x40 build/src/debug.o
                0x08005a44                debug
 .text.phys_engine_reset
                0x08005a84       0x14 build/src/phys_engine.o
                0x08005a84                phys_engine_reset
 .text.approx_atan2
                0x08005a98       0xdc build/src/phys_engine.o
                0x08005a98                approx_atan2
 .text.phys_engine_poll
                0x08005b74      0x104 build/src/phys_engine.o
                0x08005b74                phys_engine_poll
 .text.phys_engine_get_angle
                0x08005c78        0xc build/src/phys_engine.o
                0x08005c78                phys_engine_get_angle
 .text.phys_engine_get_w
                0x08005c84        0xc build/src/phys_engine.o
                0x08005c84                phys_engine_get_w
 .text.__libc_init_array
                0x08005c90       0x48 c:/program files (x86)/gnu tools arm embedded/6 2017-q2-update/bin/../lib/gcc/arm-none-eabi/6.3.1/../../../../arm-none-eabi/lib/thumb/v7e-m/fpv4-sp/hard\libc_nano.a(lib_a-init.o)
                0x08005c90                __libc_init_array
 .text.memset   0x08005cd8       0x10 c:/program files (x86)/gnu tools arm embedded/6 2017-q2-update/bin/../lib/gcc/arm-none-eabi/6.3.1/../../../../arm-none-eabi/lib/thumb/v7e-m/fpv4-sp/hard\libc_nano.a(lib_a-memset.o)
                0x08005cd8                memset
 .text.__cvt    0x08005ce8       0xc2 c:/program files (x86)/gnu tools arm embedded/6 2017-q2-update/bin/../lib/gcc/arm-none-eabi/6.3.1/../../../../arm-none-eabi/lib/thumb/v7e-m/fpv4-sp/hard\libc_nano.a(lib_a-nano-vfprintf_float.o)
                0x08005ce8                __cvt
 .text.__exponent
                0x08005daa       0x6a c:/program files (x86)/gnu tools arm embedded/6 2017-q2-update/bin/../lib/gcc/arm-none-eabi/6.3.1/../../../../arm-none-eabi/lib/thumb/v7e-m/fpv4-sp/hard\libc_nano.a(lib_a-nano-vfprintf_float.o)
                0x08005daa                __exponent
 .text._printf_float
                0x08005e14      0x480 c:/program files (x86)/gnu tools arm embedded/6 2017-q2-update/bin/../lib/gcc/arm-none-eabi/6.3.1/../../../../arm-none-eabi/lib/thumb/v7e-m/fpv4-sp/hard\libc_nano.a(lib_a-nano-vfprintf_float.o)
                0x08005e14                _printf_float
 .text._printf_common
                0x08006294       0xec c:/program files (x86)/gnu tools arm embedded/6 2017-q2-update/bin/../lib/gcc/arm-none-eabi/6.3.1/../../../../arm-none-eabi/lib/thumb/v7e-m/fpv4-sp/hard\libc_nano.a(lib_a-nano-vfprintf_i.o)
                0x08006294                _printf_common
 .text._printf_i
                0x08006380      0x240 c:/program files (x86)/gnu tools arm embedded/6 2017-q2-update/bin/../lib/gcc/arm-none-eabi/6.3.1/../../../../arm-none-eabi/lib/thumb/v7e-m/fpv4-sp/hard\libc_nano.a(lib_a-nano-vfprintf_i.o)
                0x08006380                _printf_i
 .text._vsnprintf_r
                0x080065c0       0x58 c:/program files (x86)/gnu tools arm embedded/6 2017-q2-update/bin/../lib/gcc/arm-none-eabi/6.3.1/../../../../arm-none-eabi/lib/thumb/v7e-m/fpv4-sp/hard\libc_nano.a(lib_a-vsnprintf.o)
                0x080065c0                _vsniprintf_r
                0x080065c0                _vsnprintf_r
 .text.vsnprintf
                0x08006618       0x1c c:/program files (x86)/gnu tools arm embedded/6 2017-q2-update/bin/../lib/gcc/arm-none-eabi/6.3.1/../../../../arm-none-eabi/lib/thumb/v7e-m/fpv4-sp/hard\libc_nano.a(lib_a-vsnprintf.o)
                0x08006618                vsniprintf
                0x08006618                vsnprintf
 .text.quorem   0x08006634      0x118 c:/program files (x86)/gnu tools arm embedded/6 2017-q2-update/bin/../lib/gcc/arm-none-eabi/6.3.1/../../../../arm-none-eabi/lib/thumb/v7e-m/fpv4-sp/hard\libc_nano.a(lib_a-dtoa.o)
 *fill*         0x0800674c        0x4 
 .text._dtoa_r  0x08006750      0xb9c c:/program files (x86)/gnu tools arm embedded/6 2017-q2-update/bin/../lib/gcc/arm-none-eabi/6.3.1/../../../../arm-none-eabi/lib/thumb/v7e-m/fpv4-sp/hard\libc_nano.a(lib_a-dtoa.o)
                0x08006750                _dtoa_r
 .text._localeconv_r
                0x080072ec       0x1c c:/program files (x86)/gnu tools arm embedded/6 2017-q2-update/bin/../lib/gcc/arm-none-eabi/6.3.1/../../../../arm-none-eabi/lib/thumb/v7e-m/fpv4-sp/hard\libc_nano.a(lib_a-localeconv.o)
                0x080072ec                _localeconv_r
 .text.malloc   0x08007308       0x10 c:/program files (x86)/gnu tools arm embedded/6 2017-q2-update/bin/../lib/gcc/arm-none-eabi/6.3.1/../../../../arm-none-eabi/lib/thumb/v7e-m/fpv4-sp/hard\libc_nano.a(lib_a-malloc.o)
                0x08007308                malloc
 .text.memcpy   0x08007318       0x16 c:/program files (x86)/gnu tools arm embedded/6 2017-q2-update/bin/../lib/gcc/arm-none-eabi/6.3.1/../../../../arm-none-eabi/lib/thumb/v7e-m/fpv4-sp/hard\libc_nano.a(lib_a-memcpy-stub.o)
                0x08007318                memcpy
 .text._Balloc  0x0800732e       0x68 c:/program files (x86)/gnu tools arm embedded/6 2017-q2-update/bin/../lib/gcc/arm-none-eabi/6.3.1/../../../../arm-none-eabi/lib/thumb/v7e-m/fpv4-sp/hard\libc_nano.a(lib_a-mprec.o)
                0x0800732e                _Balloc
 .text._Bfree   0x08007396       0x2e c:/program files (x86)/gnu tools arm embedded/6 2017-q2-update/bin/../lib/gcc/arm-none-eabi/6.3.1/../../../../arm-none-eabi/lib/thumb/v7e-m/fpv4-sp/hard\libc_nano.a(lib_a-mprec.o)
                0x08007396                _Bfree
 .text.__multadd
                0x080073c4       0x76 c:/program files (x86)/gnu tools arm embedded/6 2017-q2-update/bin/../lib/gcc/arm-none-eabi/6.3.1/../../../../arm-none-eabi/lib/thumb/v7e-m/fpv4-sp/hard\libc_nano.a(lib_a-mprec.o)
                0x080073c4                __multadd
 .text.__hi0bits
                0x0800743a       0x3e c:/program files (x86)/gnu tools arm embedded/6 2017-q2-update/bin/../lib/gcc/arm-none-eabi/6.3.1/../../../../arm-none-eabi/lib/thumb/v7e-m/fpv4-sp/hard\libc_nano.a(lib_a-mprec.o)
                0x0800743a                __hi0bits
 .text.__lo0bits
                0x08007478       0x5e c:/program files (x86)/gnu tools arm embedded/6 2017-q2-update/bin/../lib/gcc/arm-none-eabi/6.3.1/../../../../arm-none-eabi/lib/thumb/v7e-m/fpv4-sp/hard\libc_nano.a(lib_a-mprec.o)
                0x08007478                __lo0bits
 .text.__i2b    0x080074d6       0x12 c:/program files (x86)/gnu tools arm embedded/6 2017-q2-update/bin/../lib/gcc/arm-none-eabi/6.3.1/../../../../arm-none-eabi/lib/thumb/v7e-m/fpv4-sp/hard\libc_nano.a(lib_a-mprec.o)
                0x080074d6                __i2b
 .text.__multiply
                0x080074e8      0x11a c:/program files (x86)/gnu tools arm embedded/6 2017-q2-update/bin/../lib/gcc/arm-none-eabi/6.3.1/../../../../arm-none-eabi/lib/thumb/v7e-m/fpv4-sp/hard\libc_nano.a(lib_a-mprec.o)
                0x080074e8                __multiply
 *fill*         0x08007602        0x2 
 .text.__pow5mult
                0x08007604       0x9c c:/program files (x86)/gnu tools arm embedded/6 2017-q2-update/bin/../lib/gcc/arm-none-eabi/6.3.1/../../../../arm-none-eabi/lib/thumb/v7e-m/fpv4-sp/hard\libc_nano.a(lib_a-mprec.o)
                0x08007604                __pow5mult
 .text.__lshift
                0x080076a0       0xa2 c:/program files (x86)/gnu tools arm embedded/6 2017-q2-update/bin/../lib/gcc/arm-none-eabi/6.3.1/../../../../arm-none-eabi/lib/thumb/v7e-m/fpv4-sp/hard\libc_nano.a(lib_a-mprec.o)
                0x080076a0                __lshift
 .text.__mcmp   0x08007742       0x34 c:/program files (x86)/gnu tools arm embedded/6 2017-q2-update/bin/../lib/gcc/arm-none-eabi/6.3.1/../../../../arm-none-eabi/lib/thumb/v7e-m/fpv4-sp/hard\libc_nano.a(lib_a-mprec.o)
                0x08007742                __mcmp
 .text.__mdiff  0x08007776       0xbc c:/program files (x86)/gnu tools arm embedded/6 2017-q2-update/bin/../lib/gcc/arm-none-eabi/6.3.1/../../../../arm-none-eabi/lib/thumb/v7e-m/fpv4-sp/hard\libc_nano.a(lib_a-mprec.o)
                0x08007776                __mdiff
 .text.__d2b    0x08007832       0x9e c:/program files (x86)/gnu tools arm embedded/6 2017-q2-update/bin/../lib/gcc/arm-none-eabi/6.3.1/../../../../arm-none-eabi/lib/thumb/v7e-m/fpv4-sp/hard\libc_nano.a(lib_a-mprec.o)
                0x08007832                __d2b
 .text._calloc_r
                0x080078d0       0x1c c:/program files (x86)/gnu tools arm embedded/6 2017-q2-update/bin/../lib/gcc/arm-none-eabi/6.3.1/../../../../arm-none-eabi/lib/thumb/v7e-m/fpv4-sp/hard\libc_nano.a(lib_a-nano-callocr.o)
                0x080078d0                _calloc_r
 .text._free_r  0x080078ec       0x9c c:/program files (x86)/gnu tools arm embedded/6 2017-q2-update/bin/../lib/gcc/arm-none-eabi/6.3.1/../../../../arm-none-eabi/lib/thumb/v7e-m/fpv4-sp/hard\libc_nano.a(lib_a-nano-freer.o)
                0x080078ec                _free_r
 .text._malloc_r
                0x08007988       0xbc c:/program files (x86)/gnu tools arm embedded/6 2017-q2-update/bin/../lib/gcc/arm-none-eabi/6.3.1/../../../../arm-none-eabi/lib/thumb/v7e-m/fpv4-sp/hard\libc_nano.a(lib_a-nano-mallocr.o)
                0x08007988                _malloc_r
 .text.__ssputs_r
                0x08007a44       0xb6 c:/program files (x86)/gnu tools arm embedded/6 2017-q2-update/bin/../lib/gcc/arm-none-eabi/6.3.1/../../../../arm-none-eabi/lib/thumb/v7e-m/fpv4-sp/hard\libc_nano.a(lib_a-nano-svfprintf.o)
                0x08007a44                __ssputs_r
 *fill*         0x08007afa        0x2 
 .text._svfprintf_r
                0x08007afc      0x1e8 c:/program files (x86)/gnu tools arm embedded/6 2017-q2-update/bin/../lib/gcc/arm-none-eabi/6.3.1/../../../../arm-none-eabi/lib/thumb/v7e-m/fpv4-sp/hard\libc_nano.a(lib_a-nano-svfprintf.o)
                0x08007afc                _svfiprintf_r
                0x08007afc                _svfprintf_r
 .text._sbrk_r  0x08007ce4       0x20 c:/program files (x86)/gnu tools arm embedded/6 2017-q2-update/bin/../lib/gcc/arm-none-eabi/6.3.1/../../../../arm-none-eabi/lib/thumb/v7e-m/fpv4-sp/hard\libc_nano.a(lib_a-sbrkr.o)
                0x08007ce4                _sbrk_r
 .text.__ascii_mbtowc
                0x08007d04       0x24 c:/program files (x86)/gnu tools arm embedded/6 2017-q2-update/bin/../lib/gcc/arm-none-eabi/6.3.1/../../../../arm-none-eabi/lib/thumb/v7e-m/fpv4-sp/hard\libc_nano.a(lib_a-mbtowc_r.o)
                0x08007d04                __ascii_mbtowc
 .text.memmove  0x08007d28       0x34 c:/program files (x86)/gnu tools arm embedded/6 2017-q2-update/bin/../lib/gcc/arm-none-eabi/6.3.1/../../../../arm-none-eabi/lib/thumb/v7e-m/fpv4-sp/hard\libc_nano.a(lib_a-memmove.o)
                0x08007d28                memmove
 .text.__malloc_lock
                0x08007d5c        0x2 c:/program files (x86)/gnu tools arm embedded/6 2017-q2-update/bin/../lib/gcc/arm-none-eabi/6.3.1/../../../../arm-none-eabi/lib/thumb/v7e-m/fpv4-sp/hard\libc_nano.a(lib_a-mlock.o)
                0x08007d5c                __malloc_lock
 .text.__malloc_unlock
                0x08007d5e        0x2 c:/program files (x86)/gnu tools arm embedded/6 2017-q2-update/bin/../lib/gcc/arm-none-eabi/6.3.1/../../../../arm-none-eabi/lib/thumb/v7e-m/fpv4-sp/hard\libc_nano.a(lib_a-mlock.o)
                0x08007d5e                __malloc_unlock
 .text._realloc_r
                0x08007d60       0x4c c:/program files (x86)/gnu tools arm embedded/6 2017-q2-update/bin/../lib/gcc/arm-none-eabi/6.3.1/../../../../arm-none-eabi/lib/thumb/v7e-m/fpv4-sp/hard\libc_nano.a(lib_a-nano-reallocr.o)
                0x08007d60                _realloc_r
 .text.__ascii_wctomb
                0x08007dac       0x1a c:/program files (x86)/gnu tools arm embedded/6 2017-q2-update/bin/../lib/gcc/arm-none-eabi/6.3.1/../../../../arm-none-eabi/lib/thumb/v7e-m/fpv4-sp/hard\libc_nano.a(lib_a-wctomb_r.o)
                0x08007dac                __ascii_wctomb
 .text._malloc_usable_size_r
                0x08007dc6       0x12 c:/program files (x86)/gnu tools arm embedded/6 2017-q2-update/bin/../lib/gcc/arm-none-eabi/6.3.1/../../../../arm-none-eabi/lib/thumb/v7e-m/fpv4-sp/hard\libc_nano.a(lib_a-nano-msizer.o)
                0x08007dc6                _malloc_usable_size_r
 .text.floor    0x08007dd8      0x120 c:/program files (x86)/gnu tools arm embedded/6 2017-q2-update/bin/../lib/gcc/arm-none-eabi/6.3.1/../../../../arm-none-eabi/lib/thumb/v7e-m/fpv4-sp/hard\libm.a(lib_a-s_floor.o)
                0x08007dd8                floor
 .text.fabsf    0x08007ef8       0x10 c:/program files (x86)/gnu tools arm embedded/6 2017-q2-update/bin/../lib/gcc/arm-none-eabi/6.3.1/../../../../arm-none-eabi/lib/thumb/v7e-m/fpv4-sp/hard\libm.a(lib_a-sf_fabs.o)
                0x08007ef8                fabsf
 .text.fmodf    0x08007f08       0xc0 c:/program files (x86)/gnu tools arm embedded/6 2017-q2-update/bin/../lib/gcc/arm-none-eabi/6.3.1/../../../../arm-none-eabi/lib/thumb/v7e-m/fpv4-sp/hard\libm.a(lib_a-wf_fmod.o)
                0x08007f08                fmodf
 .text.__ieee754_fmodf
                0x08007fc8      0x118 c:/program files (x86)/gnu tools arm embedded/6 2017-q2-update/bin/../lib/gcc/arm-none-eabi/6.3.1/../../../../arm-none-eabi/lib/thumb/v7e-m/fpv4-sp/hard\libm.a(lib_a-ef_fmod.o)
                0x08007fc8                __ieee754_fmodf
 .text.matherr  0x080080e0        0x4 c:/program files (x86)/gnu tools arm embedded/6 2017-q2-update/bin/../lib/gcc/arm-none-eabi/6.3.1/../../../../arm-none-eabi/lib/thumb/v7e-m/fpv4-sp/hard\libm.a(lib_a-s_matherr.o)
                0x080080e0                matherr
 .text._sbrk    0x080080e4       0x1c c:/program files (x86)/gnu tools arm embedded/6 2017-q2-update/bin/../lib/gcc/arm-none-eabi/6.3.1/../../../../arm-none-eabi/lib/thumb/v7e-m/fpv4-sp/hard\libnosys.a(sbrk.o)
                0x080080e4                _sbrk
 .text.__errno  0x08008100        0xc c:/program files (x86)/gnu tools arm embedded/6 2017-q2-update/bin/../lib/gcc/arm-none-eabi/6.3.1/../../../../arm-none-eabi/lib/thumb/v7e-m/fpv4-sp/hard\libc_nano.a(lib_a-errno.o)
                0x08008100                __errno
 *(.glue_7)
 .glue_7        0x0800810c        0x0 linker stubs
 *(.glue_7t)
 .glue_7t       0x0800810c        0x0 linker stubs
 *(.eh_frame)
 .eh_frame      0x0800810c        0x0 c:/program files (x86)/gnu tools arm embedded/6 2017-q2-update/bin/../lib/gcc/arm-none-eabi/6.3.1/thumb/v7e-m/fpv4-sp/hard/crtbegin.o
 *(.init)
 .init          0x0800810c        0x4 c:/program files (x86)/gnu tools arm embedded/6 2017-q2-update/bin/../lib/gcc/arm-none-eabi/6.3.1/thumb/v7e-m/fpv4-sp/hard/crti.o
                0x0800810c                _init
 .init          0x08008110        0x8 c:/program files (x86)/gnu tools arm embedded/6 2017-q2-update/bin/../lib/gcc/arm-none-eabi/6.3.1/thumb/v7e-m/fpv4-sp/hard/crtn.o
 *(.fini)
 .fini          0x08008118        0x4 c:/program files (x86)/gnu tools arm embedded/6 2017-q2-update/bin/../lib/gcc/arm-none-eabi/6.3.1/thumb/v7e-m/fpv4-sp/hard/crti.o
                0x08008118                _fini
 .fini          0x0800811c        0x8 c:/program files (x86)/gnu tools arm embedded/6 2017-q2-update/bin/../lib/gcc/arm-none-eabi/6.3.1/thumb/v7e-m/fpv4-sp/hard/crtn.o
                0x08008124                . = ALIGN (0x4)
                0x08008124                _etext = .

.vfp11_veneer   0x08008124        0x0
 .vfp11_veneer  0x08008124        0x0 linker stubs

.v4_bx          0x08008124        0x0
 .v4_bx         0x08008124        0x0 linker stubs

.iplt           0x08008124        0x0
 .iplt          0x08008124        0x0 c:/program files (x86)/gnu tools arm embedded/6 2017-q2-update/bin/../lib/gcc/arm-none-eabi/6.3.1/thumb/v7e-m/fpv4-sp/hard/crtbegin.o

.rodata         0x08008128      0x3c8
                0x08008128                . = ALIGN (0x4)
 *(.rodata)
 *(.rodata*)
 .rodata.flagBitshiftOffset.8154
                0x08008128        0x8 build/base/Drivers/STM32F4xx_HAL_Driver/Src/stm32f4xx_hal_dma.o
 .rodata.AHBPrescTable
                0x08008130       0x10 build/base/Src/system_stm32f4xx.o
                0x08008130                AHBPrescTable
 .rodata.APBPrescTable
                0x08008140        0x8 build/base/Src/system_stm32f4xx.o
                0x08008140                APBPrescTable
 .rodata.adc_print.str1.4
                0x08008148        0xc build/src/adc.o
 .rodata.gamma8
                0x08008154      0x100 build/src/ws2812.o
 .rodata.loop.str1.4
                0x08008254       0x2e build/src/app.o
 .rodata._printf_float.str1.1
                0x08008282       0x12 c:/program files (x86)/gnu tools arm embedded/6 2017-q2-update/bin/../lib/gcc/arm-none-eabi/6.3.1/../../../../arm-none-eabi/lib/thumb/v7e-m/fpv4-sp/hard\libc_nano.a(lib_a-nano-vfprintf_float.o)
 .rodata._printf_i.str1.1
                0x08008294       0x22 c:/program files (x86)/gnu tools arm embedded/6 2017-q2-update/bin/../lib/gcc/arm-none-eabi/6.3.1/../../../../arm-none-eabi/lib/thumb/v7e-m/fpv4-sp/hard\libc_nano.a(lib_a-nano-vfprintf_i.o)
 .rodata._dtoa_r.str1.1
                0x080082b6        0xd c:/program files (x86)/gnu tools arm embedded/6 2017-q2-update/bin/../lib/gcc/arm-none-eabi/6.3.1/../../../../arm-none-eabi/lib/thumb/v7e-m/fpv4-sp/hard\libc_nano.a(lib_a-dtoa.o)
                                  0xf (size before relaxing)
 *fill*         0x080082c3        0x5 
 .rodata.__mprec_bigtens
                0x080082c8       0x28 c:/program files (x86)/gnu tools arm embedded/6 2017-q2-update/bin/../lib/gcc/arm-none-eabi/6.3.1/../../../../arm-none-eabi/lib/thumb/v7e-m/fpv4-sp/hard\libc_nano.a(lib_a-mprec.o)
                0x080082c8                __mprec_bigtens
 .rodata.__mprec_tens
                0x080082f0       0xc8 c:/program files (x86)/gnu tools arm embedded/6 2017-q2-update/bin/../lib/gcc/arm-none-eabi/6.3.1/../../../../arm-none-eabi/lib/thumb/v7e-m/fpv4-sp/hard\libc_nano.a(lib_a-mprec.o)
                0x080082f0                __mprec_tens
 .rodata.p05.7170
                0x080083b8        0xc c:/program files (x86)/gnu tools arm embedded/6 2017-q2-update/bin/../lib/gcc/arm-none-eabi/6.3.1/../../../../arm-none-eabi/lib/thumb/v7e-m/fpv4-sp/hard\libc_nano.a(lib_a-mprec.o)
 .rodata._svfprintf_r.str1.1
                0x080083c4       0x11 c:/program files (x86)/gnu tools arm embedded/6 2017-q2-update/bin/../lib/gcc/arm-none-eabi/6.3.1/../../../../arm-none-eabi/lib/thumb/v7e-m/fpv4-sp/hard\libc_nano.a(lib_a-nano-svfprintf.o)
 .rodata._setlocale_r.str1.1
                0x080083d5        0x8 c:/program files (x86)/gnu tools arm embedded/6 2017-q2-update/bin/../lib/gcc/arm-none-eabi/6.3.1/../../../../arm-none-eabi/lib/thumb/v7e-m/fpv4-sp/hard\libc_nano.a(lib_a-locale.o)
                                  0x9 (size before relaxing)
 .rodata.str1.1
                0x080083dd        0x2 c:/program files (x86)/gnu tools arm embedded/6 2017-q2-update/bin/../lib/gcc/arm-none-eabi/6.3.1/../../../../arm-none-eabi/lib/thumb/v7e-m/fpv4-sp/hard\libc_nano.a(lib_a-locale.o)
 .rodata._ctype_
                0x080083df      0x101 c:/program files (x86)/gnu tools arm embedded/6 2017-q2-update/bin/../lib/gcc/arm-none-eabi/6.3.1/../../../../arm-none-eabi/lib/thumb/v7e-m/fpv4-sp/hard\libc_nano.a(lib_a-ctype_.o)
                0x080083df                _ctype_
 .rodata.fmodf.str1.4
                0x080084e0        0x8 c:/program files (x86)/gnu tools arm embedded/6 2017-q2-update/bin/../lib/gcc/arm-none-eabi/6.3.1/../../../../arm-none-eabi/lib/thumb/v7e-m/fpv4-sp/hard\libm.a(lib_a-wf_fmod.o)
                                  0x6 (size before relaxing)
 .rodata.Zero   0x080084e8        0x8 c:/program files (x86)/gnu tools arm embedded/6 2017-q2-update/bin/../lib/gcc/arm-none-eabi/6.3.1/../../../../arm-none-eabi/lib/thumb/v7e-m/fpv4-sp/hard\libm.a(lib_a-ef_fmod.o)
                0x080084f0                . = ALIGN (0x4)

.ARM.extab
 *(.ARM.extab* .gnu.linkonce.armextab.*)

.ARM            0x080084f0        0x8
                0x080084f0                __exidx_start = .
 *(.ARM.exidx*)
 .ARM.exidx     0x080084f0        0x8 c:/program files (x86)/gnu tools arm embedded/6 2017-q2-update/bin/../lib/gcc/arm-none-eabi/6.3.1/thumb/v7e-m/fpv4-sp/hard\libgcc.a(_udivmoddi4.o)
                0x080084f8                __exidx_end = .

.rel.dyn        0x080084f8        0x0
 .rel.iplt      0x080084f8        0x0 c:/program files (x86)/gnu tools arm embedded/6 2017-q2-update/bin/../lib/gcc/arm-none-eabi/6.3.1/thumb/v7e-m/fpv4-sp/hard/crtbegin.o

.preinit_array  0x080084f8        0x0
                0x080084f8                PROVIDE (__preinit_array_start, .)
 *(.preinit_array*)
                0x080084f8                PROVIDE (__preinit_array_end, .)

.init_array     0x080084f8        0x4
                0x080084f8                PROVIDE (__init_array_start, .)
 *(SORT(.init_array.*))
 *(.init_array*)
 .init_array    0x080084f8        0x4 c:/program files (x86)/gnu tools arm embedded/6 2017-q2-update/bin/../lib/gcc/arm-none-eabi/6.3.1/thumb/v7e-m/fpv4-sp/hard/crtbegin.o
                0x080084fc                PROVIDE (__init_array_end, .)

.fini_array     0x080084fc        0x4
                [!provide]                PROVIDE (__fini_array_start, .)
 *(SORT(.fini_array.*))
 *(.fini_array*)
 .fini_array    0x080084fc        0x4 c:/program files (x86)/gnu tools arm embedded/6 2017-q2-update/bin/../lib/gcc/arm-none-eabi/6.3.1/thumb/v7e-m/fpv4-sp/hard/crtbegin.o
                [!provide]                PROVIDE (__fini_array_end, .)
                0x08008500                _sidata = LOADADDR (.data)

.data           0x20000000      0x1f0 load address 0x08008500
                0x20000000                . = ALIGN (0x4)
                0x20000000                _sdata = .
 *(.data)
 *(.data*)
 .data.uwTickFreq
                0x20000000        0x1 build/base/Drivers/STM32F4xx_HAL_Driver/Src/stm32f4xx_hal.o
                0x20000000                uwTickFreq
 *fill*         0x20000001        0x3 
 .data.uwTickPrio
                0x20000004        0x4 build/base/Drivers/STM32F4xx_HAL_Driver/Src/stm32f4xx_hal.o
                0x20000004                uwTickPrio
 .data.SystemCoreClock
                0x20000008        0x4 build/base/Src/system_stm32f4xx.o
                0x20000008                SystemCoreClock
 .data.prev_start.9473
                0x2000000c        0x4 build/src/ws2812.o
 .data.a        0x20000010        0x4 build/src/phys_engine.o
 .data.c_damp   0x20000014        0x4 build/src/phys_engine.o
                0x20000014                c_damp
 .data.c_scale  0x20000018        0x4 build/src/phys_engine.o
                0x20000018                c_scale
 .data._impure_ptr
                0x2000001c        0x4 c:/program files (x86)/gnu tools arm embedded/6 2017-q2-update/bin/../lib/gcc/arm-none-eabi/6.3.1/../../../../arm-none-eabi/lib/thumb/v7e-m/fpv4-sp/hard\libc_nano.a(lib_a-impure.o)
                0x2000001c                _impure_ptr
 .data.impure_data
                0x20000020       0x60 c:/program files (x86)/gnu tools arm embedded/6 2017-q2-update/bin/../lib/gcc/arm-none-eabi/6.3.1/../../../../arm-none-eabi/lib/thumb/v7e-m/fpv4-sp/hard\libc_nano.a(lib_a-impure.o)
 .data.__global_locale
                0x20000080      0x16c c:/program files (x86)/gnu tools arm embedded/6 2017-q2-update/bin/../lib/gcc/arm-none-eabi/6.3.1/../../../../arm-none-eabi/lib/thumb/v7e-m/fpv4-sp/hard\libc_nano.a(lib_a-locale.o)
                0x20000080                __global_locale
 .data.__fdlib_version
                0x200001ec        0x1 c:/program files (x86)/gnu tools arm embedded/6 2017-q2-update/bin/../lib/gcc/arm-none-eabi/6.3.1/../../../../arm-none-eabi/lib/thumb/v7e-m/fpv4-sp/hard\libm.a(lib_a-s_lib_ver.o)
                0x200001ec                __fdlib_version
                0x200001f0                . = ALIGN (0x4)
 *fill*         0x200001ed        0x3 
                0x200001f0                _edata = .
                0x080086f0                _siccmram = LOADADDR (.ccmram)

.jcr            0x200001f0        0x0 load address 0x080086f0
 .jcr           0x200001f0        0x0 c:/program files (x86)/gnu tools arm embedded/6 2017-q2-update/bin/../lib/gcc/arm-none-eabi/6.3.1/thumb/v7e-m/fpv4-sp/hard/crtbegin.o

.igot.plt       0x200001f0        0x0 load address 0x080086f0
 .igot.plt      0x200001f0        0x0 c:/program files (x86)/gnu tools arm embedded/6 2017-q2-update/bin/../lib/gcc/arm-none-eabi/6.3.1/thumb/v7e-m/fpv4-sp/hard/crtbegin.o

.ccmram         0x10000000        0x0 load address 0x080086f0
                0x10000000                . = ALIGN (0x4)
                0x10000000                _sccmram = .
 *(.ccmram)
 *(.ccmram*)
                0x10000000                . = ALIGN (0x4)
                0x10000000                _eccmram = .
                0x10000000                . = ALIGN (0x4)

.bss            0x200001f0     0x25b0
                0x200001f0                _sbss = .
                0x200001f0                __bss_start__ = _sbss
 *(.bss)
 .bss           0x200001f0       0x1c c:/program files (x86)/gnu tools arm embedded/6 2017-q2-update/bin/../lib/gcc/arm-none-eabi/6.3.1/thumb/v7e-m/fpv4-sp/hard/crtbegin.o
 *(.bss*)
 .bss.adc_raw   0x2000020c        0x8 build/src/adc.o
 .bss.adc_sel   0x20000214        0x4 build/src/adc.o
                0x20000214                adc_sel
 .bss.buffer_dma
                0x20000218     0x1e60 build/src/ws2812.o
                0x20000218                buffer_dma
 .bss.transfer_enabled
                0x20002078        0x1 build/src/ws2812.o
 .bss.Data.8929
                0x20002079        0x1 build/src/app.o
 *fill*         0x2000207a        0x2 
 .bss.accel.8941
                0x2000207c        0x6 build/src/app.o
 .bss.first_press.8949
                0x20002082        0x1 build/src/app.o
 *fill*         0x20002083        0x1 
 .bss.i.8940    0x20002084        0x4 build/src/app.o
 .bss.prev_btn.8948
                0x20002088        0x4 build/src/app.o
 .bss.prev_tick.8939
                0x2000208c        0x4 build/src/app.o
 .bss.time_ms_prev.8936
                0x20002090        0x4 build/src/app.o
 .bss.buffer.9649
                0x20002094      0x201 build/src/debug.o
 *fill*         0x20002295        0x3 
 .bss.w         0x20002298        0x4 build/src/phys_engine.o
 .bss.__malloc_free_list
                0x2000229c        0x4 c:/program files (x86)/gnu tools arm embedded/6 2017-q2-update/bin/../lib/gcc/arm-none-eabi/6.3.1/../../../../arm-none-eabi/lib/thumb/v7e-m/fpv4-sp/hard\libc_nano.a(lib_a-nano-mallocr.o)
                0x2000229c                __malloc_free_list
 .bss.__malloc_sbrk_start
                0x200022a0        0x4 c:/program files (x86)/gnu tools arm embedded/6 2017-q2-update/bin/../lib/gcc/arm-none-eabi/6.3.1/../../../../arm-none-eabi/lib/thumb/v7e-m/fpv4-sp/hard\libc_nano.a(lib_a-nano-mallocr.o)
                0x200022a0                __malloc_sbrk_start
 .bss.heap_end.5239
                0x200022a4        0x4 c:/program files (x86)/gnu tools arm embedded/6 2017-q2-update/bin/../lib/gcc/arm-none-eabi/6.3.1/../../../../arm-none-eabi/lib/thumb/v7e-m/fpv4-sp/hard\libnosys.a(sbrk.o)
 *(COMMON)
 COMMON         0x200022a8        0x4 build/base/Drivers/STM32F4xx_HAL_Driver/Src/stm32f4xx_hal.o
                0x200022a8                uwTick
 COMMON         0x200022ac      0x2f8 build/base/Src/main.o
                0x200022ac                hdma_tim1_ch1
                0x2000230c                hi2c1
                0x20002360                hcrc
                0x20002368                htim3
                0x200023a8                hadc1
                0x200023f0                huart1
                0x20002430                hdma_adc1
                0x20002490                htim1
                0x200024d0                hrng
                0x200024e0                hsd
                0x20002564                huart2
 COMMON         0x200025a4      0x1e0 build/src/ws2812.o
                0x200025a4                leds
 COMMON         0x20002784       0x18 build/src/app.o
                0x20002784                btn
 COMMON         0x2000279c        0x4 c:/program files (x86)/gnu tools arm embedded/6 2017-q2-update/bin/../lib/gcc/arm-none-eabi/6.3.1/../../../../arm-none-eabi/lib/thumb/v7e-m/fpv4-sp/hard\libc_nano.a(lib_a-reent.o)
                0x2000279c                errno
                0x200027a0                . = ALIGN (0x4)
                0x200027a0                _ebss = .
                0x200027a0                __bss_end__ = _ebss

._user_heap_stack
                0x200027a0      0x600
                0x200027a0                . = ALIGN (0x8)
                0x200027a0                PROVIDE (end, .)
                [!provide]                PROVIDE (_end, .)
                0x200029a0                . = (. + _Min_Heap_Size)
 *fill*         0x200027a0      0x200 
                0x20002da0                . = (. + _Min_Stack_Size)
 *fill*         0x200029a0      0x400 
                0x20002da0                . = ALIGN (0x8)

/DISCARD/
 libc.a(*)
 libm.a(*)
 libgcc.a(*)

.ARM.attributes
                0x00000000       0x30
 *(.ARM.attributes)
 .ARM.attributes
                0x00000000       0x22 c:/program files (x86)/gnu tools arm embedded/6 2017-q2-update/bin/../lib/gcc/arm-none-eabi/6.3.1/thumb/v7e-m/fpv4-sp/hard/crti.o
 .ARM.attributes
                0x00000022       0x34 c:/program files (x86)/gnu tools arm embedded/6 2017-q2-update/bin/../lib/gcc/arm-none-eabi/6.3.1/thumb/v7e-m/fpv4-sp/hard/crtbegin.o
 .ARM.attributes
                0x00000056       0x21 build/startup_stm32f405xx.o
 .ARM.attributes
                0x00000077       0x39 build/base/Drivers/STM32F4xx_HAL_Driver/Src/stm32f4xx_hal.o
 .ARM.attributes
                0x000000b0       0x39 build/base/Drivers/STM32F4xx_HAL_Driver/Src/stm32f4xx_hal_adc.o
 .ARM.attributes
                0x000000e9       0x39 build/base/Drivers/STM32F4xx_HAL_Driver/Src/stm32f4xx_hal_cortex.o
 .ARM.attributes
                0x00000122       0x39 build/base/Drivers/STM32F4xx_HAL_Driver/Src/stm32f4xx_hal_crc.o
 .ARM.attributes
                0x0000015b       0x39 build/base/Drivers/STM32F4xx_HAL_Driver/Src/stm32f4xx_hal_dma.o
 .ARM.attributes
                0x00000194       0x39 build/base/Drivers/STM32F4xx_HAL_Driver/Src/stm32f4xx_hal_gpio.o
 .ARM.attributes
                0x000001cd       0x39 build/base/Drivers/STM32F4xx_HAL_Driver/Src/stm32f4xx_hal_i2c.o
 .ARM.attributes
                0x00000206       0x39 build/base/Drivers/STM32F4xx_HAL_Driver/Src/stm32f4xx_hal_sd.o
 .ARM.attributes
                0x0000023f       0x39 build/base/Drivers/STM32F4xx_HAL_Driver/Src/stm32f4xx_ll_sdmmc.o
 .ARM.attributes
                0x00000278       0x39 build/base/Drivers/STM32F4xx_HAL_Driver/Src/stm32f4xx_hal_rcc.o
 .ARM.attributes
                0x000002b1       0x39 build/base/Drivers/STM32F4xx_HAL_Driver/Src/stm32f4xx_hal_rng.o
 .ARM.attributes
                0x000002ea       0x39 build/base/Drivers/STM32F4xx_HAL_Driver/Src/stm32f4xx_hal_tim.o
 .ARM.attributes
                0x00000323       0x39 build/base/Drivers/STM32F4xx_HAL_Driver/Src/stm32f4xx_hal_tim_ex.o
 .ARM.attributes
                0x0000035c       0x39 build/base/Drivers/STM32F4xx_HAL_Driver/Src/stm32f4xx_hal_uart.o
 .ARM.attributes
                0x00000395       0x39 build/base/Src/main.o
 .ARM.attributes
                0x000003ce       0x39 build/base/Src/system_stm32f4xx.o
 .ARM.attributes
                0x00000407       0x39 build/base/Src/stm32f4xx_it.o
 .ARM.attributes
                0x00000440       0x39 build/base/Src/stm32f4xx_hal_msp.o
 .ARM.attributes
                0x00000479       0x39 build/src/adc.o
 .ARM.attributes
                0x000004b2       0x39 build/src/ws2812.o
 .ARM.attributes
                0x000004eb       0x39 build/src/app.o
 .ARM.attributes
                0x00000524       0x39 build/src/debug.o
 .ARM.attributes
                0x0000055d       0x39 build/src/phys_engine.o
 .ARM.attributes
                0x00000596       0x34 c:/program files (x86)/gnu tools arm embedded/6 2017-q2-update/bin/../lib/gcc/arm-none-eabi/6.3.1/../../../../arm-none-eabi/lib/thumb/v7e-m/fpv4-sp/hard\libc_nano.a(lib_a-impure.o)
 .ARM.attributes
                0x000005ca       0x34 c:/program files (x86)/gnu tools arm embedded/6 2017-q2-update/bin/../lib/gcc/arm-none-eabi/6.3.1/../../../../arm-none-eabi/lib/thumb/v7e-m/fpv4-sp/hard\libc_nano.a(lib_a-init.o)
 .ARM.attributes
                0x000005fe       0x34 c:/program files (x86)/gnu tools arm embedded/6 2017-q2-update/bin/../lib/gcc/arm-none-eabi/6.3.1/../../../../arm-none-eabi/lib/thumb/v7e-m/fpv4-sp/hard\libc_nano.a(lib_a-memset.o)
 .ARM.attributes
                0x00000632       0x34 c:/program files (x86)/gnu tools arm embedded/6 2017-q2-update/bin/../lib/gcc/arm-none-eabi/6.3.1/../../../../arm-none-eabi/lib/thumb/v7e-m/fpv4-sp/hard\libc_nano.a(lib_a-nano-vfprintf_float.o)
 .ARM.attributes
                0x00000666       0x34 c:/program files (x86)/gnu tools arm embedded/6 2017-q2-update/bin/../lib/gcc/arm-none-eabi/6.3.1/../../../../arm-none-eabi/lib/thumb/v7e-m/fpv4-sp/hard\libc_nano.a(lib_a-nano-vfprintf_i.o)
 .ARM.attributes
                0x0000069a       0x1b c:/program files (x86)/gnu tools arm embedded/6 2017-q2-update/bin/../lib/gcc/arm-none-eabi/6.3.1/../../../../arm-none-eabi/lib/thumb/v7e-m/fpv4-sp/hard\libc_nano.a(lib_a-strlen.o)
 .ARM.attributes
                0x000006b5       0x34 c:/program files (x86)/gnu tools arm embedded/6 2017-q2-update/bin/../lib/gcc/arm-none-eabi/6.3.1/../../../../arm-none-eabi/lib/thumb/v7e-m/fpv4-sp/hard\libc_nano.a(lib_a-vsnprintf.o)
 .ARM.attributes
                0x000006e9       0x34 c:/program files (x86)/gnu tools arm embedded/6 2017-q2-update/bin/../lib/gcc/arm-none-eabi/6.3.1/../../../../arm-none-eabi/lib/thumb/v7e-m/fpv4-sp/hard\libc_nano.a(lib_a-dtoa.o)
 .ARM.attributes
                0x0000071d       0x34 c:/program files (x86)/gnu tools arm embedded/6 2017-q2-update/bin/../lib/gcc/arm-none-eabi/6.3.1/../../../../arm-none-eabi/lib/thumb/v7e-m/fpv4-sp/hard\libc_nano.a(lib_a-localeconv.o)
 .ARM.attributes
                0x00000751       0x34 c:/program files (x86)/gnu tools arm embedded/6 2017-q2-update/bin/../lib/gcc/arm-none-eabi/6.3.1/../../../../arm-none-eabi/lib/thumb/v7e-m/fpv4-sp/hard\libc_nano.a(lib_a-malloc.o)
 .ARM.attributes
                0x00000785       0x20 c:/program files (x86)/gnu tools arm embedded/6 2017-q2-update/bin/../lib/gcc/arm-none-eabi/6.3.1/../../../../arm-none-eabi/lib/thumb/v7e-m/fpv4-sp/hard\libc_nano.a(lib_a-memchr.o)
 .ARM.attributes
                0x000007a5       0x34 c:/program files (x86)/gnu tools arm embedded/6 2017-q2-update/bin/../lib/gcc/arm-none-eabi/6.3.1/../../../../arm-none-eabi/lib/thumb/v7e-m/fpv4-sp/hard\libc_nano.a(lib_a-memcpy-stub.o)
 .ARM.attributes
                0x000007d9       0x34 c:/program files (x86)/gnu tools arm embedded/6 2017-q2-update/bin/../lib/gcc/arm-none-eabi/6.3.1/../../../../arm-none-eabi/lib/thumb/v7e-m/fpv4-sp/hard\libc_nano.a(lib_a-mprec.o)
 .ARM.attributes
                0x0000080d       0x34 c:/program files (x86)/gnu tools arm embedded/6 2017-q2-update/bin/../lib/gcc/arm-none-eabi/6.3.1/../../../../arm-none-eabi/lib/thumb/v7e-m/fpv4-sp/hard\libc_nano.a(lib_a-nano-callocr.o)
 .ARM.attributes
                0x00000841       0x34 c:/program files (x86)/gnu tools arm embedded/6 2017-q2-update/bin/../lib/gcc/arm-none-eabi/6.3.1/../../../../arm-none-eabi/lib/thumb/v7e-m/fpv4-sp/hard\libc_nano.a(lib_a-nano-freer.o)
 .ARM.attributes
                0x00000875       0x34 c:/program files (x86)/gnu tools arm embedded/6 2017-q2-update/bin/../lib/gcc/arm-none-eabi/6.3.1/../../../../arm-none-eabi/lib/thumb/v7e-m/fpv4-sp/hard\libc_nano.a(lib_a-nano-mallocr.o)
 .ARM.attributes
                0x000008a9       0x34 c:/program files (x86)/gnu tools arm embedded/6 2017-q2-update/bin/../lib/gcc/arm-none-eabi/6.3.1/../../../../arm-none-eabi/lib/thumb/v7e-m/fpv4-sp/hard\libc_nano.a(lib_a-nano-svfprintf.o)
 .ARM.attributes
                0x000008dd       0x34 c:/program files (x86)/gnu tools arm embedded/6 2017-q2-update/bin/../lib/gcc/arm-none-eabi/6.3.1/../../../../arm-none-eabi/lib/thumb/v7e-m/fpv4-sp/hard\libc_nano.a(lib_a-sbrkr.o)
 .ARM.attributes
                0x00000911       0x34 c:/program files (x86)/gnu tools arm embedded/6 2017-q2-update/bin/../lib/gcc/arm-none-eabi/6.3.1/../../../../arm-none-eabi/lib/thumb/v7e-m/fpv4-sp/hard\libc_nano.a(lib_a-locale.o)
 .ARM.attributes
                0x00000945       0x34 c:/program files (x86)/gnu tools arm embedded/6 2017-q2-update/bin/../lib/gcc/arm-none-eabi/6.3.1/../../../../arm-none-eabi/lib/thumb/v7e-m/fpv4-sp/hard\libc_nano.a(lib_a-mbtowc_r.o)
 .ARM.attributes
                0x00000979       0x34 c:/program files (x86)/gnu tools arm embedded/6 2017-q2-update/bin/../lib/gcc/arm-none-eabi/6.3.1/../../../../arm-none-eabi/lib/thumb/v7e-m/fpv4-sp/hard\libc_nano.a(lib_a-memmove.o)
 .ARM.attributes
                0x000009ad       0x34 c:/program files (x86)/gnu tools arm embedded/6 2017-q2-update/bin/../lib/gcc/arm-none-eabi/6.3.1/../../../../arm-none-eabi/lib/thumb/v7e-m/fpv4-sp/hard\libc_nano.a(lib_a-mlock.o)
 .ARM.attributes
                0x000009e1       0x34 c:/program files (x86)/gnu tools arm embedded/6 2017-q2-update/bin/../lib/gcc/arm-none-eabi/6.3.1/../../../../arm-none-eabi/lib/thumb/v7e-m/fpv4-sp/hard\libc_nano.a(lib_a-nano-reallocr.o)
 .ARM.attributes
                0x00000a15       0x34 c:/program files (x86)/gnu tools arm embedded/6 2017-q2-update/bin/../lib/gcc/arm-none-eabi/6.3.1/../../../../arm-none-eabi/lib/thumb/v7e-m/fpv4-sp/hard\libc_nano.a(lib_a-reent.o)
 .ARM.attributes
                0x00000a49       0x34 c:/program files (x86)/gnu tools arm embedded/6 2017-q2-update/bin/../lib/gcc/arm-none-eabi/6.3.1/../../../../arm-none-eabi/lib/thumb/v7e-m/fpv4-sp/hard\libc_nano.a(lib_a-wctomb_r.o)
 .ARM.attributes
                0x00000a7d       0x34 c:/program files (x86)/gnu tools arm embedded/6 2017-q2-update/bin/../lib/gcc/arm-none-eabi/6.3.1/../../../../arm-none-eabi/lib/thumb/v7e-m/fpv4-sp/hard\libc_nano.a(lib_a-ctype_.o)
 .ARM.attributes
                0x00000ab1       0x34 c:/program files (x86)/gnu tools arm embedded/6 2017-q2-update/bin/../lib/gcc/arm-none-eabi/6.3.1/../../../../arm-none-eabi/lib/thumb/v7e-m/fpv4-sp/hard\libc_nano.a(lib_a-nano-msizer.o)
 .ARM.attributes
                0x00000ae5       0x34 c:/program files (x86)/gnu tools arm embedded/6 2017-q2-update/bin/../lib/gcc/arm-none-eabi/6.3.1/../../../../arm-none-eabi/lib/thumb/v7e-m/fpv4-sp/hard\libm.a(lib_a-s_floor.o)
 .ARM.attributes
                0x00000b19       0x34 c:/program files (x86)/gnu tools arm embedded/6 2017-q2-update/bin/../lib/gcc/arm-none-eabi/6.3.1/../../../../arm-none-eabi/lib/thumb/v7e-m/fpv4-sp/hard\libm.a(lib_a-sf_fabs.o)
 .ARM.attributes
                0x00000b4d       0x34 c:/program files (x86)/gnu tools arm embedded/6 2017-q2-update/bin/../lib/gcc/arm-none-eabi/6.3.1/../../../../arm-none-eabi/lib/thumb/v7e-m/fpv4-sp/hard\libm.a(lib_a-wf_fmod.o)
 .ARM.attributes
                0x00000b81       0x34 c:/program files (x86)/gnu tools arm embedded/6 2017-q2-update/bin/../lib/gcc/arm-none-eabi/6.3.1/../../../../arm-none-eabi/lib/thumb/v7e-m/fpv4-sp/hard\libm.a(lib_a-ef_fmod.o)
 .ARM.attributes
                0x00000bb5       0x34 c:/program files (x86)/gnu tools arm embedded/6 2017-q2-update/bin/../lib/gcc/arm-none-eabi/6.3.1/../../../../arm-none-eabi/lib/thumb/v7e-m/fpv4-sp/hard\libm.a(lib_a-s_lib_ver.o)
 .ARM.attributes
                0x00000be9       0x34 c:/program files (x86)/gnu tools arm embedded/6 2017-q2-update/bin/../lib/gcc/arm-none-eabi/6.3.1/../../../../arm-none-eabi/lib/thumb/v7e-m/fpv4-sp/hard\libm.a(lib_a-s_matherr.o)
 .ARM.attributes
                0x00000c1d       0x34 c:/program files (x86)/gnu tools arm embedded/6 2017-q2-update/bin/../lib/gcc/arm-none-eabi/6.3.1/../../../../arm-none-eabi/lib/thumb/v7e-m/fpv4-sp/hard\libnosys.a(sbrk.o)
 .ARM.attributes
                0x00000c51       0x22 c:/program files (x86)/gnu tools arm embedded/6 2017-q2-update/bin/../lib/gcc/arm-none-eabi/6.3.1/thumb/v7e-m/fpv4-sp/hard\libgcc.a(_arm_addsubdf3.o)
 .ARM.attributes
                0x00000c73       0x22 c:/program files (x86)/gnu tools arm embedded/6 2017-q2-update/bin/../lib/gcc/arm-none-eabi/6.3.1/thumb/v7e-m/fpv4-sp/hard\libgcc.a(_arm_muldivdf3.o)
 .ARM.attributes
                0x00000c95       0x22 c:/program files (x86)/gnu tools arm embedded/6 2017-q2-update/bin/../lib/gcc/arm-none-eabi/6.3.1/thumb/v7e-m/fpv4-sp/hard\libgcc.a(_arm_cmpdf2.o)
 .ARM.attributes
                0x00000cb7       0x22 c:/program files (x86)/gnu tools arm embedded/6 2017-q2-update/bin/../lib/gcc/arm-none-eabi/6.3.1/thumb/v7e-m/fpv4-sp/hard\libgcc.a(_arm_unorddf2.o)
 .ARM.attributes
                0x00000cd9       0x22 c:/program files (x86)/gnu tools arm embedded/6 2017-q2-update/bin/../lib/gcc/arm-none-eabi/6.3.1/thumb/v7e-m/fpv4-sp/hard\libgcc.a(_arm_fixdfsi.o)
 .ARM.attributes
                0x00000cfb       0x22 c:/program files (x86)/gnu tools arm embedded/6 2017-q2-update/bin/../lib/gcc/arm-none-eabi/6.3.1/thumb/v7e-m/fpv4-sp/hard\libgcc.a(_arm_truncdfsf2.o)
 .ARM.attributes
                0x00000d1d       0x22 c:/program files (x86)/gnu tools arm embedded/6 2017-q2-update/bin/../lib/gcc/arm-none-eabi/6.3.1/thumb/v7e-m/fpv4-sp/hard\libgcc.a(_aeabi_uldivmod.o)
 .ARM.attributes
                0x00000d3f       0x34 c:/program files (x86)/gnu tools arm embedded/6 2017-q2-update/bin/../lib/gcc/arm-none-eabi/6.3.1/thumb/v7e-m/fpv4-sp/hard\libgcc.a(_udivmoddi4.o)
 .ARM.attributes
                0x00000d73       0x22 c:/program files (x86)/gnu tools arm embedded/6 2017-q2-update/bin/../lib/gcc/arm-none-eabi/6.3.1/thumb/v7e-m/fpv4-sp/hard\libgcc.a(_dvmd_tls.o)
 .ARM.attributes
                0x00000d95       0x34 c:/program files (x86)/gnu tools arm embedded/6 2017-q2-update/bin/../lib/gcc/arm-none-eabi/6.3.1/../../../../arm-none-eabi/lib/thumb/v7e-m/fpv4-sp/hard\libc_nano.a(lib_a-errno.o)
 .ARM.attributes
                0x00000dc9       0x22 c:/program files (x86)/gnu tools arm embedded/6 2017-q2-update/bin/../lib/gcc/arm-none-eabi/6.3.1/thumb/v7e-m/fpv4-sp/hard/crtn.o
OUTPUT(build/head elf32-littlearm)

.debug_line     0x00000000     0xaf7f
 .debug_line    0x00000000       0x74 build/startup_stm32f405xx.o
 .debug_line    0x00000074      0x3b9 build/base/Drivers/STM32F4xx_HAL_Driver/Src/stm32f4xx_hal.o
 .debug_line    0x0000042d      0x7d0 build/base/Drivers/STM32F4xx_HAL_Driver/Src/stm32f4xx_hal_adc.o
 .debug_line    0x00000bfd      0x42e build/base/Drivers/STM32F4xx_HAL_Driver/Src/stm32f4xx_hal_cortex.o
 .debug_line    0x0000102b      0x268 build/base/Drivers/STM32F4xx_HAL_Driver/Src/stm32f4xx_hal_crc.o
 .debug_line    0x00001293      0x650 build/base/Drivers/STM32F4xx_HAL_Driver/Src/stm32f4xx_hal_dma.o
 .debug_line    0x000018e3      0x3ed build/base/Drivers/STM32F4xx_HAL_Driver/Src/stm32f4xx_hal_gpio.o
 .debug_line    0x00001cd0     0x1e46 build/base/Drivers/STM32F4xx_HAL_Driver/Src/stm32f4xx_hal_i2c.o
 .debug_line    0x00003b16      0xd08 build/base/Drivers/STM32F4xx_HAL_Driver/Src/stm32f4xx_hal_sd.o
 .debug_line    0x0000481e      0xc0a build/base/Drivers/STM32F4xx_HAL_Driver/Src/stm32f4xx_ll_sdmmc.o
 .debug_line    0x00005428      0x503 build/base/Drivers/STM32F4xx_HAL_Driver/Src/stm32f4xx_hal_rcc.o
 .debug_line    0x0000592b      0x3aa build/base/Drivers/STM32F4xx_HAL_Driver/Src/stm32f4xx_hal_rng.o
 .debug_line    0x00005cd5     0x1a4c build/base/Drivers/STM32F4xx_HAL_Driver/Src/stm32f4xx_hal_tim.o
 .debug_line    0x00007721      0x7dc build/base/Drivers/STM32F4xx_HAL_Driver/Src/stm32f4xx_hal_tim_ex.o
 .debug_line    0x00007efd      0xe0d build/base/Drivers/STM32F4xx_HAL_Driver/Src/stm32f4xx_hal_uart.o
 .debug_line    0x00008d0a      0x477 build/base/Src/main.o
 .debug_line    0x00009181      0x1ab build/base/Src/system_stm32f4xx.o
 .debug_line    0x0000932c      0x34e build/base/Src/stm32f4xx_it.o
 .debug_line    0x0000967a      0x52a build/base/Src/stm32f4xx_hal_msp.o
 .debug_line    0x00009ba4      0x307 build/src/adc.o
 .debug_line    0x00009eab      0x5d2 build/src/ws2812.o
 .debug_line    0x0000a47d      0x597 build/src/app.o
 .debug_line    0x0000aa14      0x2f9 build/src/debug.o
 .debug_line    0x0000ad0d      0x272 build/src/phys_engine.o

.debug_info     0x00000000    0x21860
 .debug_info    0x00000000       0x4b build/startup_stm32f405xx.o
 .debug_info    0x0000004b      0xabd build/base/Drivers/STM32F4xx_HAL_Driver/Src/stm32f4xx_hal.o
 .debug_info    0x00000b08      0xef2 build/base/Drivers/STM32F4xx_HAL_Driver/Src/stm32f4xx_hal_adc.o
 .debug_info    0x000019fa     0x1040 build/base/Drivers/STM32F4xx_HAL_Driver/Src/stm32f4xx_hal_cortex.o
 .debug_info    0x00002a3a      0x47c build/base/Drivers/STM32F4xx_HAL_Driver/Src/stm32f4xx_hal_crc.o
 .debug_info    0x00002eb6      0xb8e build/base/Drivers/STM32F4xx_HAL_Driver/Src/stm32f4xx_hal_dma.o
 .debug_info    0x00003a44      0x839 build/base/Drivers/STM32F4xx_HAL_Driver/Src/stm32f4xx_hal_gpio.o
 .debug_info    0x0000427d     0x3cac build/base/Drivers/STM32F4xx_HAL_Driver/Src/stm32f4xx_hal_i2c.o
 .debug_info    0x00007f29     0x2997 build/base/Drivers/STM32F4xx_HAL_Driver/Src/stm32f4xx_hal_sd.o
 .debug_info    0x0000a8c0     0x22a3 build/base/Drivers/STM32F4xx_HAL_Driver/Src/stm32f4xx_ll_sdmmc.o
 .debug_info    0x0000cb63      0xb77 build/base/Drivers/STM32F4xx_HAL_Driver/Src/stm32f4xx_hal_rcc.o
 .debug_info    0x0000d6da      0x6a3 build/base/Drivers/STM32F4xx_HAL_Driver/Src/stm32f4xx_hal_rng.o
 .debug_info    0x0000dd7d     0x4018 build/base/Drivers/STM32F4xx_HAL_Driver/Src/stm32f4xx_hal_tim.o
 .debug_info    0x00011d95     0x1693 build/base/Drivers/STM32F4xx_HAL_Driver/Src/stm32f4xx_hal_tim_ex.o
 .debug_info    0x00013428     0x19ae build/base/Drivers/STM32F4xx_HAL_Driver/Src/stm32f4xx_hal_uart.o
 .debug_info    0x00014dd6     0x250a build/base/Src/main.o
 .debug_info    0x000172e0      0x5b6 build/base/Src/system_stm32f4xx.o
 .debug_info    0x00017896     0x11cc build/base/Src/stm32f4xx_it.o
 .debug_info    0x00018a62     0x1ff3 build/base/Src/stm32f4xx_hal_msp.o
 .debug_info    0x0001aa55     0x146c build/src/adc.o
 .debug_info    0x0001bec1     0x17de build/src/ws2812.o
 .debug_info    0x0001d69f     0x23f0 build/src/app.o
 .debug_info    0x0001fa8f     0x10e9 build/src/debug.o
 .debug_info    0x00020b78      0xce8 build/src/phys_engine.o

.debug_abbrev   0x00000000     0x4261
 .debug_abbrev  0x00000000       0x12 build/startup_stm32f405xx.o
 .debug_abbrev  0x00000012      0x23c build/base/Drivers/STM32F4xx_HAL_Driver/Src/stm32f4xx_hal.o
 .debug_abbrev  0x0000024e      0x2d0 build/base/Drivers/STM32F4xx_HAL_Driver/Src/stm32f4xx_hal_adc.o
 .debug_abbrev  0x0000051e      0x32c build/base/Drivers/STM32F4xx_HAL_Driver/Src/stm32f4xx_hal_cortex.o
 .debug_abbrev  0x0000084a      0x1e1 build/base/Drivers/STM32F4xx_HAL_Driver/Src/stm32f4xx_hal_crc.o
 .debug_abbrev  0x00000a2b      0x322 build/base/Drivers/STM32F4xx_HAL_Driver/Src/stm32f4xx_hal_dma.o
 .debug_abbrev  0x00000d4d      0x227 build/base/Drivers/STM32F4xx_HAL_Driver/Src/stm32f4xx_hal_gpio.o
 .debug_abbrev  0x00000f74      0x37c build/base/Drivers/STM32F4xx_HAL_Driver/Src/stm32f4xx_hal_i2c.o
 .debug_abbrev  0x000012f0      0x3bf build/base/Drivers/STM32F4xx_HAL_Driver/Src/stm32f4xx_hal_sd.o
 .debug_abbrev  0x000016af      0x2f1 build/base/Drivers/STM32F4xx_HAL_Driver/Src/stm32f4xx_ll_sdmmc.o
 .debug_abbrev  0x000019a0      0x2f7 build/base/Drivers/STM32F4xx_HAL_Driver/Src/stm32f4xx_hal_rcc.o
 .debug_abbrev  0x00001c97      0x2a7 build/base/Drivers/STM32F4xx_HAL_Driver/Src/stm32f4xx_hal_rng.o
 .debug_abbrev  0x00001f3e      0x374 build/base/Drivers/STM32F4xx_HAL_Driver/Src/stm32f4xx_hal_tim.o
 .debug_abbrev  0x000022b2      0x314 build/base/Drivers/STM32F4xx_HAL_Driver/Src/stm32f4xx_hal_tim_ex.o
 .debug_abbrev  0x000025c6      0x350 build/base/Drivers/STM32F4xx_HAL_Driver/Src/stm32f4xx_hal_uart.o
 .debug_abbrev  0x00002916      0x2d2 build/base/Src/main.o
 .debug_abbrev  0x00002be8      0x128 build/base/Src/system_stm32f4xx.o
 .debug_abbrev  0x00002d10      0x26b build/base/Src/stm32f4xx_it.o
 .debug_abbrev  0x00002f7b      0x2aa build/base/Src/stm32f4xx_hal_msp.o
 .debug_abbrev  0x00003225      0x2ec build/src/adc.o
 .debug_abbrev  0x00003511      0x432 build/src/ws2812.o
 .debug_abbrev  0x00003943      0x368 build/src/app.o
 .debug_abbrev  0x00003cab      0x283 build/src/debug.o
 .debug_abbrev  0x00003f2e      0x333 build/src/phys_engine.o

.debug_aranges  0x00000000      0xf78
 .debug_aranges
                0x00000000       0x28 build/startup_stm32f405xx.o
 .debug_aranges
                0x00000028       0xe8 build/base/Drivers/STM32F4xx_HAL_Driver/Src/stm32f4xx_hal.o
 .debug_aranges
                0x00000110       0xb8 build/base/Drivers/STM32F4xx_HAL_Driver/Src/stm32f4xx_hal_adc.o
 .debug_aranges
                0x000001c8       0xa8 build/base/Drivers/STM32F4xx_HAL_Driver/Src/stm32f4xx_hal_cortex.o
 .debug_aranges
                0x00000270       0x48 build/base/Drivers/STM32F4xx_HAL_Driver/Src/stm32f4xx_hal_crc.o
 .debug_aranges
                0x000002b8       0x78 build/base/Drivers/STM32F4xx_HAL_Driver/Src/stm32f4xx_hal_dma.o
 .debug_aranges
                0x00000330       0x58 build/base/Drivers/STM32F4xx_HAL_Driver/Src/stm32f4xx_hal_gpio.o
 .debug_aranges
                0x00000388      0x180 build/base/Drivers/STM32F4xx_HAL_Driver/Src/stm32f4xx_hal_i2c.o
 .debug_aranges
                0x00000508       0xf0 build/base/Drivers/STM32F4xx_HAL_Driver/Src/stm32f4xx_hal_sd.o
 .debug_aranges
                0x000005f8      0x140 build/base/Drivers/STM32F4xx_HAL_Driver/Src/stm32f4xx_ll_sdmmc.o
 .debug_aranges
                0x00000738       0x88 build/base/Drivers/STM32F4xx_HAL_Driver/Src/stm32f4xx_hal_rcc.o
 .debug_aranges
                0x000007c0       0x78 build/base/Drivers/STM32F4xx_HAL_Driver/Src/stm32f4xx_hal_rng.o
 .debug_aranges
                0x00000838      0x258 build/base/Drivers/STM32F4xx_HAL_Driver/Src/stm32f4xx_hal_tim.o
 .debug_aranges
                0x00000a90       0xf0 build/base/Drivers/STM32F4xx_HAL_Driver/Src/stm32f4xx_hal_tim_ex.o
 .debug_aranges
                0x00000b80      0x158 build/base/Drivers/STM32F4xx_HAL_Driver/Src/stm32f4xx_hal_uart.o
 .debug_aranges
                0x00000cd8       0x30 build/base/Src/main.o
 .debug_aranges
                0x00000d08       0x28 build/base/Src/system_stm32f4xx.o
 .debug_aranges
                0x00000d30       0x60 build/base/Src/stm32f4xx_it.o
 .debug_aranges
                0x00000d90       0x98 build/base/Src/stm32f4xx_hal_msp.o
 .debug_aranges
                0x00000e28       0x40 build/src/adc.o
 .debug_aranges
                0x00000e68       0x68 build/src/ws2812.o
 .debug_aranges
                0x00000ed0       0x38 build/src/app.o
 .debug_aranges
                0x00000f08       0x30 build/src/debug.o
 .debug_aranges
                0x00000f38       0x40 build/src/phys_engine.o

.debug_ranges   0x00000000     0x3608
 .debug_ranges  0x00000000       0x20 build/startup_stm32f405xx.o
 .debug_ranges  0x00000020       0xd8 build/base/Drivers/STM32F4xx_HAL_Driver/Src/stm32f4xx_hal.o
 .debug_ranges  0x000000f8       0xd0 build/base/Drivers/STM32F4xx_HAL_Driver/Src/stm32f4xx_hal_adc.o
 .debug_ranges  0x000001c8      0x160 build/base/Drivers/STM32F4xx_HAL_Driver/Src/stm32f4xx_hal_cortex.o
 .debug_ranges  0x00000328       0x38 build/base/Drivers/STM32F4xx_HAL_Driver/Src/stm32f4xx_hal_crc.o
 .debug_ranges  0x00000360      0x110 build/base/Drivers/STM32F4xx_HAL_Driver/Src/stm32f4xx_hal_dma.o
 .debug_ranges  0x00000470       0x68 build/base/Drivers/STM32F4xx_HAL_Driver/Src/stm32f4xx_hal_gpio.o
 .debug_ranges  0x000004d8      0xc50 build/base/Drivers/STM32F4xx_HAL_Driver/Src/stm32f4xx_hal_i2c.o
 .debug_ranges  0x00001128      0x390 build/base/Drivers/STM32F4xx_HAL_Driver/Src/stm32f4xx_hal_sd.o
 .debug_ranges  0x000014b8      0xbc0 build/base/Drivers/STM32F4xx_HAL_Driver/Src/stm32f4xx_ll_sdmmc.o
 .debug_ranges  0x00002078      0x100 build/base/Drivers/STM32F4xx_HAL_Driver/Src/stm32f4xx_hal_rcc.o
 .debug_ranges  0x00002178       0xe0 build/base/Drivers/STM32F4xx_HAL_Driver/Src/stm32f4xx_hal_rng.o
 .debug_ranges  0x00002258      0x718 build/base/Drivers/STM32F4xx_HAL_Driver/Src/stm32f4xx_hal_tim.o
 .debug_ranges  0x00002970       0xe0 build/base/Drivers/STM32F4xx_HAL_Driver/Src/stm32f4xx_hal_tim_ex.o
 .debug_ranges  0x00002a50      0x2c8 build/base/Drivers/STM32F4xx_HAL_Driver/Src/stm32f4xx_hal_uart.o
 .debug_ranges  0x00002d18      0x150 build/base/Src/main.o
 .debug_ranges  0x00002e68       0x18 build/base/Src/system_stm32f4xx.o
 .debug_ranges  0x00002e80       0x50 build/base/Src/stm32f4xx_it.o
 .debug_ranges  0x00002ed0      0x1c8 build/base/Src/stm32f4xx_hal_msp.o
 .debug_ranges  0x00003098       0x60 build/src/adc.o
 .debug_ranges  0x000030f8      0x268 build/src/ws2812.o
 .debug_ranges  0x00003360      0x1d8 build/src/app.o
 .debug_ranges  0x00003538       0x20 build/src/debug.o
 .debug_ranges  0x00003558       0xb0 build/src/phys_engine.o

.debug_loc      0x00000000    0x18f06
 .debug_loc     0x00000000      0x1cf build/base/Drivers/STM32F4xx_HAL_Driver/Src/stm32f4xx_hal.o
 .debug_loc     0x000001cf      0xc32 build/base/Drivers/STM32F4xx_HAL_Driver/Src/stm32f4xx_hal_adc.o
 .debug_loc     0x00000e01      0x78e build/base/Drivers/STM32F4xx_HAL_Driver/Src/stm32f4xx_hal_cortex.o
 .debug_loc     0x0000158f      0x2a2 build/base/Drivers/STM32F4xx_HAL_Driver/Src/stm32f4xx_hal_crc.o
 .debug_loc     0x00001831      0x99a build/base/Drivers/STM32F4xx_HAL_Driver/Src/stm32f4xx_hal_dma.o
 .debug_loc     0x000021cb      0x4f3 build/base/Drivers/STM32F4xx_HAL_Driver/Src/stm32f4xx_hal_gpio.o
 .debug_loc     0x000026be     0x5098 build/base/Drivers/STM32F4xx_HAL_Driver/Src/stm32f4xx_hal_i2c.o
 .debug_loc     0x00007756     0x261a build/base/Drivers/STM32F4xx_HAL_Driver/Src/stm32f4xx_hal_sd.o
 .debug_loc     0x00009d70     0x35bc build/base/Drivers/STM32F4xx_HAL_Driver/Src/stm32f4xx_ll_sdmmc.o
 .debug_loc     0x0000d32c      0x55a build/base/Drivers/STM32F4xx_HAL_Driver/Src/stm32f4xx_hal_rcc.o
 .debug_loc     0x0000d886      0x56c build/base/Drivers/STM32F4xx_HAL_Driver/Src/stm32f4xx_hal_rng.o
 .debug_loc     0x0000ddf2     0x6025 build/base/Drivers/STM32F4xx_HAL_Driver/Src/stm32f4xx_hal_tim.o
 .debug_loc     0x00013e17     0x13ca build/base/Drivers/STM32F4xx_HAL_Driver/Src/stm32f4xx_hal_tim_ex.o
 .debug_loc     0x000151e1     0x1cb7 build/base/Drivers/STM32F4xx_HAL_Driver/Src/stm32f4xx_hal_uart.o
 .debug_loc     0x00016e98       0x66 build/base/Src/main.o
 .debug_loc     0x00016efe      0x14c build/base/Src/system_stm32f4xx.o
 .debug_loc     0x0001704a       0x88 build/base/Src/stm32f4xx_it.o
 .debug_loc     0x000170d2      0x4e2 build/base/Src/stm32f4xx_hal_msp.o
 .debug_loc     0x000175b4       0x8d build/src/adc.o
 .debug_loc     0x00017641      0xe6a build/src/ws2812.o
 .debug_loc     0x000184ab      0x5db build/src/app.o
 .debug_loc     0x00018a86       0x9d build/src/debug.o
 .debug_loc     0x00018b23      0x3e3 build/src/phys_engine.o

.debug_str      0x00000000     0x6134
 .debug_str     0x00000000      0xb64 build/base/Drivers/STM32F4xx_HAL_Driver/Src/stm32f4xx_hal.o
                                0xbc1 (size before relaxing)
 .debug_str     0x00000b64      0x6be build/base/Drivers/STM32F4xx_HAL_Driver/Src/stm32f4xx_hal_adc.o
                                0xa3f (size before relaxing)
 .debug_str     0x00001222      0x4a3 build/base/Drivers/STM32F4xx_HAL_Driver/Src/stm32f4xx_hal_cortex.o
                                0xd00 (size before relaxing)
 .debug_str     0x000016c5      0x16b build/base/Drivers/STM32F4xx_HAL_Driver/Src/stm32f4xx_hal_crc.o
                                0x49f (size before relaxing)
 .debug_str     0x00001830      0x2ec build/base/Drivers/STM32F4xx_HAL_Driver/Src/stm32f4xx_hal_dma.o
                                0x86d (size before relaxing)
 .debug_str     0x00001b1c      0x1ca build/base/Drivers/STM32F4xx_HAL_Driver/Src/stm32f4xx_hal_gpio.o
                                0x5dc (size before relaxing)
 .debug_str     0x00001ce6      0xb08 build/base/Drivers/STM32F4xx_HAL_Driver/Src/stm32f4xx_hal_i2c.o
                               0x1111 (size before relaxing)
 .debug_str     0x000027ee      0xb9d build/base/Drivers/STM32F4xx_HAL_Driver/Src/stm32f4xx_hal_sd.o
                               0x11cc (size before relaxing)
 .debug_str     0x0000338b      0x20d build/base/Drivers/STM32F4xx_HAL_Driver/Src/stm32f4xx_ll_sdmmc.o
                                0x8bd (size before relaxing)
 .debug_str     0x00003598      0x2cb build/base/Drivers/STM32F4xx_HAL_Driver/Src/stm32f4xx_hal_rcc.o
                                0x7af (size before relaxing)
 .debug_str     0x00003863      0x221 build/base/Drivers/STM32F4xx_HAL_Driver/Src/stm32f4xx_hal_rng.o
                                0x572 (size before relaxing)
 .debug_str     0x00003a84      0xfdb build/base/Drivers/STM32F4xx_HAL_Driver/Src/stm32f4xx_hal_tim.o
                               0x15b9 (size before relaxing)
 .debug_str     0x00004a5f      0x54a build/base/Drivers/STM32F4xx_HAL_Driver/Src/stm32f4xx_hal_tim_ex.o
                                0xdd1 (size before relaxing)
 .debug_str     0x00004fa9      0x696 build/base/Drivers/STM32F4xx_HAL_Driver/Src/stm32f4xx_hal_uart.o
                                0xd12 (size before relaxing)
 .debug_str     0x0000563f      0x13b build/base/Src/main.o
                               0x1c15 (size before relaxing)
 .debug_str     0x0000577a       0x47 build/base/Src/system_stm32f4xx.o
                                0x44b (size before relaxing)
 .debug_str     0x000057c1      0x546 build/base/Src/stm32f4xx_it.o
                                0xc6f (size before relaxing)
 .debug_str     0x00005d07       0x27 build/base/Src/stm32f4xx_hal_msp.o
                               0x181d (size before relaxing)
 .debug_str     0x00005d2e       0xdf build/src/adc.o
                                0xd7d (size before relaxing)
 .debug_str     0x00005e0d      0x121 build/src/ws2812.o
                                0xcf2 (size before relaxing)
 .debug_str     0x00005f2e      0x13e build/src/app.o
                               0x1280 (size before relaxing)
 .debug_str     0x0000606c       0x81 build/src/debug.o
                                0xb42 (size before relaxing)
 .debug_str     0x000060ed       0x47 build/src/phys_engine.o
                                0x6f4 (size before relaxing)

.comment        0x00000000       0x7f
 .comment       0x00000000       0x7f build/base/Drivers/STM32F4xx_HAL_Driver/Src/stm32f4xx_hal.o
                                 0x80 (size before relaxing)
 .comment       0x0000007f       0x80 build/base/Drivers/STM32F4xx_HAL_Driver/Src/stm32f4xx_hal_adc.o
 .comment       0x0000007f       0x80 build/base/Drivers/STM32F4xx_HAL_Driver/Src/stm32f4xx_hal_cortex.o