Archive member included to satisfy reference by file (symbol)

c:/program files (x86)/gnu tools arm embedded/6 2017-q2-update/bin/../lib/gcc/arm-none-eabi/6.3.1/../../../../arm-none-eabi/lib/thumb/v7e-m/fpv4-sp/hard\libc_nano.a(lib_a-exit.o)
                              c:/program files (x86)/gnu tools arm embedded/6 2017-q2-update/bin/../lib/gcc/arm-none-eabi/6.3.1/../../../../arm-none-eabi/lib/thumb/v7e-m/fpv4-sp/hard/crt0.o (exit)
c:/program files (x86)/gnu tools arm embedded/6 2017-q2-update/bin/../lib/gcc/arm-none-eabi/6.3.1/../../../../arm-none-eabi/lib/thumb/v7e-m/fpv4-sp/hard\libc_nano.a(lib_a-impure.o)
                              c:/program files (x86)/gnu tools arm embedded/6 2017-q2-update/bin/../lib/gcc/arm-none-eabi/6.3.1/../../../../arm-none-eabi/lib/thumb/v7e-m/fpv4-sp/hard\libc_nano.a(lib_a-exit.o) (_global_impure_ptr)
c:/program files (x86)/gnu tools arm embedded/6 2017-q2-update/bin/../lib/gcc/arm-none-eabi/6.3.1/../../../../arm-none-eabi/lib/thumb/v7e-m/fpv4-sp/hard\libc_nano.a(lib_a-init.o)
                              c:/program files (x86)/gnu tools arm embedded/6 2017-q2-update/bin/../lib/gcc/arm-none-eabi/6.3.1/../../../../arm-none-eabi/lib/thumb/v7e-m/fpv4-sp/hard/crt0.o (__libc_init_array)
c:/program files (x86)/gnu tools arm embedded/6 2017-q2-update/bin/../lib/gcc/arm-none-eabi/6.3.1/../../../../arm-none-eabi/lib/thumb/v7e-m/fpv4-sp/hard\libc_nano.a(lib_a-memset.o)
                              c:/program files (x86)/gnu tools arm embedded/6 2017-q2-update/bin/../lib/gcc/arm-none-eabi/6.3.1/../../../../arm-none-eabi/lib/thumb/v7e-m/fpv4-sp/hard/crt0.o (memset)
c:/program files (x86)/gnu tools arm embedded/6 2017-q2-update/bin/../lib/gcc/arm-none-eabi/6.3.1/../../../../arm-none-eabi/lib/thumb/v7e-m/fpv4-sp/hard\libc_nano.a(lib_a-nano-vfprintf_float.o)
                              (_printf_float)
c:/program files (x86)/gnu tools arm embedded/6 2017-q2-update/bin/../lib/gcc/arm-none-eabi/6.3.1/../../../../arm-none-eabi/lib/thumb/v7e-m/fpv4-sp/hard\libc_nano.a(lib_a-nano-vfprintf_i.o)
                              c:/program files (x86)/gnu tools arm embedded/6 2017-q2-update/bin/../lib/gcc/arm-none-eabi/6.3.1/../../../../arm-none-eabi/lib/thumb/v7e-m/fpv4-sp/hard\libc_nano.a(lib_a-nano-vfprintf_float.o) (_printf_common)
c:/program files (x86)/gnu tools arm embedded/6 2017-q2-update/bin/../lib/gcc/arm-none-eabi/6.3.1/../../../../arm-none-eabi/lib/thumb/v7e-m/fpv4-sp/hard\libc_nano.a(lib_a-strlen.o)
                              build/src/app.o (strlen)
c:/program files (x86)/gnu tools arm embedded/6 2017-q2-update/bin/../lib/gcc/arm-none-eabi/6.3.1/../../../../arm-none-eabi/lib/thumb/v7e-m/fpv4-sp/hard\libc_nano.a(lib_a-vsnprintf.o)
                              build/src/debug.o (vsnprintf)
c:/program files (x86)/gnu tools arm embedded/6 2017-q2-update/bin/../lib/gcc/arm-none-eabi/6.3.1/../../../../arm-none-eabi/lib/thumb/v7e-m/fpv4-sp/hard\libc_nano.a(lib_a-dtoa.o)
                              c:/program files (x86)/gnu tools arm embedded/6 2017-q2-update/bin/../lib/gcc/arm-none-eabi/6.3.1/../../../../arm-none-eabi/lib/thumb/v7e-m/fpv4-sp/hard\libc_nano.a(lib_a-nano-vfprintf_float.o) (_dtoa_r)
c:/program files (x86)/gnu tools arm embedded/6 2017-q2-update/bin/../lib/gcc/arm-none-eabi/6.3.1/../../../../arm-none-eabi/lib/thumb/v7e-m/fpv4-sp/hard\libc_nano.a(lib_a-localeconv.o)
                              c:/program files (x86)/gnu tools arm embedded/6 2017-q2-update/bin/../lib/gcc/arm-none-eabi/6.3.1/../../../../arm-none-eabi/lib/thumb/v7e-m/fpv4-sp/hard\libc_nano.a(lib_a-nano-vfprintf_float.o) (_localeconv_r)
c:/program files (x86)/gnu tools arm embedded/6 2017-q2-update/bin/../lib/gcc/arm-none-eabi/6.3.1/../../../../arm-none-eabi/lib/thumb/v7e-m/fpv4-sp/hard\libc_nano.a(lib_a-malloc.o)
                              c:/program files (x86)/gnu tools arm embedded/6 2017-q2-update/bin/../lib/gcc/arm-none-eabi/6.3.1/../../../../arm-none-eabi/lib/thumb/v7e-m/fpv4-sp/hard\libc_nano.a(lib_a-dtoa.o) (malloc)
c:/program files (x86)/gnu tools arm embedded/6 2017-q2-update/bin/../lib/gcc/arm-none-eabi/6.3.1/../../../../arm-none-eabi/lib/thumb/v7e-m/fpv4-sp/hard\libc_nano.a(lib_a-memchr.o)
                              c:/program files (x86)/gnu tools arm embedded/6 2017-q2-update/bin/../lib/gcc/arm-none-eabi/6.3.1/../../../../arm-none-eabi/lib/thumb/v7e-m/fpv4-sp/hard\libc_nano.a(lib_a-nano-vfprintf_i.o) (memchr)
c:/program files (x86)/gnu tools arm embedded/6 2017-q2-update/bin/../lib/gcc/arm-none-eabi/6.3.1/../../../../arm-none-eabi/lib/thumb/v7e-m/fpv4-sp/hard\libc_nano.a(lib_a-memcpy-stub.o)
                              c:/program files (x86)/gnu tools arm embedded/6 2017-q2-update/bin/../lib/gcc/arm-none-eabi/6.3.1/../../../../arm-none-eabi/lib/thumb/v7e-m/fpv4-sp/hard\libc_nano.a(lib_a-dtoa.o) (memcpy)
[...]
Memory Configuration

Name             Origin             Length             Attributes
RAM              0x20000000         0x00020000         xrw
CCMRAM           0x10000000         0x00010000         rw
FLASH            0x08000000         0x00100000         xr
*default*        0x00000000         0xffffffff

Linker script and memory map

LOAD c:/program files (x86)/gnu tools arm embedded/6 2017-q2-update/bin/../lib/gcc/arm-none-eabi/6.3.1/thumb/v7e-m/fpv4-sp/hard/crti.o
LOAD c:/program files (x86)/gnu tools arm embedded/6 2017-q2-update/bin/../lib/gcc/arm-none-eabi/6.3.1/thumb/v7e-m/fpv4-sp/hard/crtbegin.o
LOAD c:/program files (x86)/gnu tools arm embedded/6 2017-q2-update/bin/../lib/gcc/arm-none-eabi/6.3.1/../../../../arm-none-eabi/lib/thumb/v7e-m/fpv4-sp/hard/crt0.o
LOAD build/startup_stm32f405xx.o
LOAD build/base/Drivers/STM32F4xx_HAL_Driver/Src/stm32f4xx_hal.o
LOAD build/base/Drivers/STM32F4xx_HAL_Driver/Src/stm32f4xx_hal_adc.o
LOAD build/base/Drivers/STM32F4xx_HAL_Driver/Src/stm32f4xx_hal_cortex.o
LOAD build/base/Drivers/STM32F4xx_HAL_Driver/Src/stm32f4xx_hal_crc.o
LOAD build/base/Drivers/STM32F4xx_HAL_Driver/Src/stm32f4xx_hal_dma.o
LOAD build/base/Drivers/STM32F4xx_HAL_Driver/Src/stm32f4xx_hal_dma_ex.o
LOAD build/base/Drivers/STM32F4xx_HAL_Driver/Src/stm32f4xx_hal_exti.o
LOAD build/base/Drivers/STM32F4xx_HAL_Driver/Src/stm32f4xx_hal_flash.o
LOAD build/base/Drivers/STM32F4xx_HAL_Driver/Src/stm32f4xx_hal_flash_ex.o
LOAD build/base/Drivers/STM32F4xx_HAL_Driver/Src/stm32f4xx_hal_gpio.o
LOAD build/base/Drivers/STM32F4xx_HAL_Driver/Src/stm32f4xx_hal_i2c.o
LOAD build/base/Drivers/STM32F4xx_HAL_Driver/Src/stm32f4xx_hal_i2c_ex.o
LOAD build/base/Drivers/STM32F4xx_HAL_Driver/Src/stm32f4xx_hal_sd.o
LOAD build/base/Drivers/STM32F4xx_HAL_Driver/Src/stm32f4xx_ll_sdmmc.o
LOAD build/base/Drivers/STM32F4xx_HAL_Driver/Src/stm32f4xx_hal_pwr.o
LOAD build/base/Drivers/STM32F4xx_HAL_Driver/Src/stm32f4xx_hal_pwr_ex.o
LOAD build/base/Drivers/STM32F4xx_HAL_Driver/Src/stm32f4xx_hal_rcc.o
LOAD build/base/Drivers/STM32F4xx_HAL_Driver/Src/stm32f4xx_hal_rcc_ex.o
LOAD build/base/Drivers/STM32F4xx_HAL_Driver/Src/stm32f4xx_hal_rng.o
LOAD build/base/Drivers/STM32F4xx_HAL_Driver/Src/stm32f4xx_hal_tim.o
LOAD build/base/Drivers/STM32F4xx_HAL_Driver/Src/stm32f4xx_hal_tim_ex.o
LOAD build/base/Drivers/STM32F4xx_HAL_Driver/Src/stm32f4xx_hal_uart.o
LOAD build/base/Src/main.o
LOAD build/base/Src/fatfs.o
LOAD build/base/Src/fatfs_platform.o
LOAD build/base/Src/sd_diskio.o
LOAD build/base/Src/bsp_driver_sd.o
LOAD build/base/Src/system_stm32f4xx.o
LOAD build/base/Src/stm32f4xx_it.o
LOAD build/base/Src/stm32f4xx_hal_msp.o
LOAD build/base/Middlewares/Third_Party/FatFs/src/diskio.o
LOAD build/base/Middlewares/Third_Party/FatFs/src/ff_gen_drv.o
LOAD build/base/Middlewares/Third_Party/FatFs/src/ff.o
LOAD build/src/adc.o
LOAD build/src/ws2812.o
LOAD build/src/app.o
LOAD build/src/debug.o
LOAD build/src/phys_engine.o
LOAD build/src/console.o
LOAD c:/program files (x86)/gnu tools arm embedded/6 2017-q2-update/bin/../lib/gcc/arm-none-eabi/6.3.1/../../../../arm-none-eabi/lib/thumb/v7e-m/fpv4-sp/hard\libc_nano.a
LOAD c:/program files (x86)/gnu tools arm embedded/6 2017-q2-update/bin/../lib/gcc/arm-none-eabi/6.3.1/../../../../arm-none-eabi/lib/thumb/v7e-m/fpv4-sp/hard\libm.a
LOAD c:/program files (x86)/gnu tools arm embedded/6 2017-q2-update/bin/../lib/gcc/arm-none-eabi/6.3.1/../../../../arm-none-eabi/lib/thumb/v7e-m/fpv4-sp/hard\libnosys.a
START GROUP
LOAD c:/program files (x86)/gnu tools arm embedded/6 2017-q2-update/bin/../lib/gcc/arm-none-eabi/6.3.1/thumb/v7e-m/fpv4-sp/hard\libgcc.a
LOAD c:/program files (x86)/gnu tools arm embedded/6 2017-q2-update/bin/../lib/gcc/arm-none-eabi/6.3.1/../../../../arm-none-eabi/lib/thumb/v7e-m/fpv4-sp/hard\libc_nano.a
END GROUP
START GROUP
LOAD c:/program files (x86)/gnu tools arm embedded/6 2017-q2-update/bin/../lib/gcc/arm-none-eabi/6.3.1/thumb/v7e-m/fpv4-sp/hard\libgcc.a
LOAD c:/program files (x86)/gnu tools arm embedded/6 2017-q2-update/bin/../lib/gcc/arm-none-eabi/6.3.1/../../../../arm-none-eabi/lib/thumb/v7e-m/fpv4-sp/hard\libc_nano.a
END GROUP
LOAD c:/program files (x86)/gnu tools arm embedded/6 2017-q2-update/bin/../lib/gcc/arm-none-eabi/6.3.1/thumb/v7e-m/fpv4-sp/hard/crtend.o
LOAD c:/program files (x86)/gnu tools arm embedded/6 2017-q2-update/bin/../lib/gcc/arm-none-eabi/6.3.1/thumb/v7e-m/fpv4-sp/hard/crtn.o
                0x20020000                _estack = 0x20020000
                0x00000200                _Min_Heap_Size = 0x200
                0x00000400                _Min_Stack_Size = 0x400

.isr_vector     0x08000000      0x188
                0x08000000                . = ALIGN (0x4)
 *(.isr_vector)
 .isr_vector    0x08000000      0x188 build/startup_stm32f405xx.o
                0x08000000                g_pfnVectors
                0x08000188                . = ALIGN (0x4)

.text           0x08000190     0xbb14
                0x08000190                . = ALIGN (0x4)
 *(.text)
 .text          0x08000190       0x6c c:/program files (x86)/gnu tools arm embedded/6 2017-q2-update/bin/../lib/gcc/arm-none-eabi/6.3.1/thumb/v7e-m/fpv4-sp/hard/crtbegin.o
 .text          0x080001fc       0x10 c:/program files (x86)/gnu tools arm embedded/6 2017-q2-update/bin/../lib/gcc/arm-none-eabi/6.3.1/../../../../arm-none-eabi/lib/thumb/v7e-m/fpv4-sp/hard\libc_nano.a(lib_a-strlen.o)
                0x080001fc                strlen
 *fill*         0x0800020c        0x4 
 .text          0x08000210       0xa0 c:/program files (x86)/gnu tools arm embedded/6 2017-q2-update/bin/../lib/gcc/arm-none-eabi/6.3.1/../../../../arm-none-eabi/lib/thumb/v7e-m/fpv4-sp/hard\libc_nano.a(lib_a-memchr.o)
                0x08000210                memchr
 .text          0x080002b0      0x370 c:/program files (x86)/gnu tools arm embedded/6 2017-q2-update/bin/../lib/gcc/arm-none-eabi/6.3.1/thumb/v7e-m/fpv4-sp/hard\libgcc.a(_arm_addsubdf3.o)
                0x080002b0                __aeabi_drsub
                0x080002b8                __aeabi_dsub
                0x080002b8                __subdf3
                0x080002bc                __aeabi_dadd
                0x080002bc                __adddf3
                0x08000534                __floatunsidf
                0x08000534                __aeabi_ui2d
                0x08000554                __floatsidf
                0x08000554                __aeabi_i2d
                0x08000578                __aeabi_f2d
                0x08000578                __extendsfdf2
                0x080005b4                __floatundidf
                0x080005b4                __aeabi_ul2d
                0x080005c4                __floatdidf
                0x080005c4                __aeabi_l2d
 .text          0x08000620      0x424 c:/program files (x86)/gnu tools arm embedded/6 2017-q2-update/bin/../lib/gcc/arm-none-eabi/6.3.1/thumb/v7e-m/fpv4-sp/hard\libgcc.a(_arm_muldivdf3.o)
                0x08000620                __aeabi_dmul
                0x08000620                __muldf3
                0x08000874                __divdf3
                0x08000874                __aeabi_ddiv
 .text          0x08000a44      0x110 c:/program files (x86)/gnu tools arm embedded/6 2017-q2-update/bin/../lib/gcc/arm-none-eabi/6.3.1/thumb/v7e-m/fpv4-sp/hard\libgcc.a(_arm_cmpdf2.o)
                0x08000a44                __gtdf2
                0x08000a44                __gedf2
                0x08000a4c                __ltdf2
                0x08000a4c                __ledf2
                0x08000a54                __nedf2
                0x08000a54                __eqdf2
                0x08000a54                __cmpdf2
                0x08000ad0                __aeabi_cdrcmple
                0x08000ae0                __aeabi_cdcmpeq
                0x08000ae0                __aeabi_cdcmple
                0x08000af0                __aeabi_dcmpeq
                0x08000b04                __aeabi_dcmplt
                0x08000b18                __aeabi_dcmple
                0x08000b2c                __aeabi_dcmpge
                0x08000b40                __aeabi_dcmpgt
 .text          0x08000b54       0x2c c:/program files (x86)/gnu tools arm embedded/6 2017-q2-update/bin/../lib/gcc/arm-none-eabi/6.3.1/thumb/v7e-m/fpv4-sp/hard\libgcc.a(_arm_unorddf2.o)
                0x08000b54                __unorddf2
                0x08000b54                __aeabi_dcmpun
 .text          0x08000b80       0x50 c:/program files (x86)/gnu tools arm embedded/6 2017-q2-update/bin/../lib/gcc/arm-none-eabi/6.3.1/thumb/v7e-m/fpv4-sp/hard\libgcc.a(_arm_fixdfsi.o)
                0x08000b80                __aeabi_d2iz
                0x08000b80                __fixdfsi
 .text          0x08000bd0       0xa0 c:/program files (x86)/gnu tools arm embedded/6 2017-q2-update/bin/../lib/gcc/arm-none-eabi/6.3.1/thumb/v7e-m/fpv4-sp/hard\libgcc.a(_arm_truncdfsf2.o)
                0x08000bd0                __truncdfsf2
                0x08000bd0                __aeabi_d2f
 .text          0x08000c70       0x30 c:/program files (x86)/gnu tools arm embedded/6 2017-q2-update/bin/../lib/gcc/arm-none-eabi/6.3.1/thumb/v7e-m/fpv4-sp/hard\libgcc.a(_aeabi_uldivmod.o)
                0x08000c70                __aeabi_uldivmod
 .text          0x08000ca0      0x2dc c:/program files (x86)/gnu tools arm embedded/6 2017-q2-update/bin/../lib/gcc/arm-none-eabi/6.3.1/thumb/v7e-m/fpv4-sp/hard\libgcc.a(_udivmoddi4.o)
                0x08000ca0                __udivmoddi4
 .text          0x08000f7c        0x4 c:/program files (x86)/gnu tools arm embedded/6 2017-q2-update/bin/../lib/gcc/arm-none-eabi/6.3.1/thumb/v7e-m/fpv4-sp/hard\libgcc.a(_dvmd_tls.o)
                0x08000f7c                __aeabi_idiv0
                0x08000f7c                __aeabi_ldiv0
 *(.text*)
 .text.Reset_Handler
                0x08000f80       0x50 build/startup_stm32f405xx.o
                0x08000f80                Reset_Handler
 .text.Default_Handler
                0x08000fd0        0x2 build/startup_stm32f405xx.o
                0x08000fd0                RTC_Alarm_IRQHandler
                0x08000fd0                HASH_RNG_IRQHandler
                0x08000fd0                EXTI2_IRQHandler
                0x08000fd0                TIM8_CC_IRQHandler
                0x08000fd0                TIM1_CC_IRQHandler
                0x08000fd0                DMA2_Stream5_IRQHandler
                0x08000fd0                DMA1_Stream5_IRQHandler
                0x08000fd0                PVD_IRQHandler
                0x08000fd0                SDIO_IRQHandler
                0x08000fd0                TAMP_STAMP_IRQHandler
                0x08000fd0                CAN2_RX1_IRQHandler
                0x08000fd0                EXTI3_IRQHandler
                0x08000fd0                TIM8_TRG_COM_TIM14_IRQHandler
                0x08000fd0                TIM1_UP_TIM10_IRQHandler
                0x08000fd0                TIM8_UP_TIM13_IRQHandler
                0x08000fd0                I2C3_ER_IRQHandler
                0x08000fd0                EXTI0_IRQHandler
                0x08000fd0                I2C2_EV_IRQHandler
                0x08000fd0                DMA1_Stream2_IRQHandler
                0x08000fd0                CAN1_RX0_IRQHandler
                0x08000fd0                FPU_IRQHandler
                0x08000fd0                OTG_HS_WKUP_IRQHandler
                0x08000fd0                CAN2_SCE_IRQHandler
                0x08000fd0                DMA2_Stream2_IRQHandler
                0x08000fd0                SPI1_IRQHandler
                0x08000fd0                TIM6_DAC_IRQHandler
                0x08000fd0                TIM1_BRK_TIM9_IRQHandler
                0x08000fd0                CAN2_RX0_IRQHandler
                0x08000fd0                DMA2_Stream3_IRQHandler
                0x08000fd0                USART6_IRQHandler
                0x08000fd0                USART3_IRQHandler
                0x08000fd0                CAN1_RX1_IRQHandler
                0x08000fd0                UART5_IRQHandler
                0x08000fd0                TIM4_IRQHandler
                0x08000fd0                I2C1_EV_IRQHandler
                0x08000fd0                DMA1_Stream6_IRQHandler
                0x08000fd0                DMA1_Stream1_IRQHandler
                0x08000fd0                UART4_IRQHandler
                0x08000fd0                TIM3_IRQHandler
                0x08000fd0                RCC_IRQHandler
                0x08000fd0                TIM8_BRK_TIM12_IRQHandler
                0x08000fd0                Default_Handler
                0x08000fd0                EXTI15_10_IRQHandler
                0x08000fd0                ADC_IRQHandler
                0x08000fd0                DMA1_Stream7_IRQHandler
                0x08000fd0                TIM7_IRQHandler
                0x08000fd0                CAN2_TX_IRQHandler
                0x08000fd0                TIM5_IRQHandler
                0x08000fd0                DMA2_Stream7_IRQHandler
                0x08000fd0                I2C3_EV_IRQHandler
                0x08000fd0                EXTI9_5_IRQHandler
                0x08000fd0                RTC_WKUP_IRQHandler
                0x08000fd0                SPI2_IRQHandler
                0x08000fd0                OTG_HS_EP1_IN_IRQHandler
                0x08000fd0                DMA1_Stream0_IRQHandler
                0x08000fd0                CAN1_TX_IRQHandler
                0x08000fd0                EXTI4_IRQHandler
                0x08000fd0                FSMC_IRQHandler
                0x08000fd0                OTG_HS_EP1_OUT_IRQHandler
                0x08000fd0                WWDG_IRQHandler
                0x08000fd0                TIM2_IRQHandler
                0x08000fd0                OTG_FS_WKUP_IRQHandler
                0x08000fd0                TIM1_TRG_COM_TIM11_IRQHandler
                0x08000fd0                OTG_HS_IRQHandler
                0x08000fd0                EXTI1_IRQHandler
                0x08000fd0                I2C2_ER_IRQHandler
                0x08000fd0                CAN1_SCE_IRQHandler
                0x08000fd0                FLASH_IRQHandler
                0x08000fd0                DMA2_Stream4_IRQHandler
                0x08000fd0                USART1_IRQHandler
                0x08000fd0                OTG_FS_IRQHandler
                0x08000fd0                SPI3_IRQHandler
                0x08000fd0                DMA1_Stream4_IRQHandler
                0x08000fd0                I2C1_ER_IRQHandler
                0x08000fd0                DMA2_Stream6_IRQHandler
                0x08000fd0                DMA1_Stream3_IRQHandler
 *fill*         0x08000fd2        0x2 
 .text.HAL_InitTick
                0x08000fd4       0x48 build/base/Drivers/STM32F4xx_HAL_Driver/Src/stm32f4xx_hal.o
                0x08000fd4                HAL_InitTick
 .text.HAL_Init
                0x0800101c       0x34 build/base/Drivers/STM32F4xx_HAL_Driver/Src/stm32f4xx_hal.o
                0x0800101c                HAL_Init
 .text.HAL_IncTick
                0x08001050       0x18 build/base/Drivers/STM32F4xx_HAL_Driver/Src/stm32f4xx_hal.o
                0x08001050                HAL_IncTick
 .text.HAL_GetTick
                0x08001068        0xc build/base/Drivers/STM32F4xx_HAL_Driver/Src/stm32f4xx_hal.o
                0x08001068                HAL_GetTick
 .text.HAL_Delay
                0x08001074       0x24 build/base/Drivers/STM32F4xx_HAL_Driver/Src/stm32f4xx_hal.o
                0x08001074                HAL_Delay
 .text.HAL_ADC_Init
                0x08001098      0x160 build/base/Drivers/STM32F4xx_HAL_Driver/Src/stm32f4xx_hal_adc.o
                0x08001098                HAL_ADC_Init
 .text.HAL_ADC_Start
                0x080011f8       0xfc build/base/Drivers/STM32F4xx_HAL_Driver/Src/stm32f4xx_hal_adc.o
                0x080011f8                HAL_ADC_Start
 .text.HAL_ADC_Start_DMA
                0x080012f4      0x134 build/base/Drivers/STM32F4xx_HAL_Driver/Src/stm32f4xx_hal_adc.o
                0x080012f4                HAL_ADC_Start_DMA
 .text.HAL_ADC_ConvCpltCallback
                0x08001428        0x4 build/base/Drivers/STM32F4xx_HAL_Driver/Src/stm32f4xx_hal_adc.o
                0x08001428                HAL_ADC_ConvCpltCallback
 .text.HAL_ADC_ConvHalfCpltCallback
                0x0800142c        0x4 build/base/Drivers/STM32F4xx_HAL_Driver/Src/stm32f4xx_hal_adc.o
                0x0800142c                HAL_ADC_ConvHalfCpltCallback
 .text.ADC_DMAHalfConvCplt
                0x08001430        0xc build/base/Drivers/STM32F4xx_HAL_Driver/Src/stm32f4xx_hal_adc.o
 .text.HAL_ADC_ErrorCallback
                0x0800143c        0x4 build/base/Drivers/STM32F4xx_HAL_Driver/Src/stm32f4xx_hal_adc.o
                0x0800143c                HAL_ADC_ErrorCallback
 .text.ADC_DMAError
                0x08001440       0x18 build/base/Drivers/STM32F4xx_HAL_Driver/Src/stm32f4xx_hal_adc.o
 .text.ADC_DMAConvCplt
                0x08001458       0x6c build/base/Drivers/STM32F4xx_HAL_Driver/Src/stm32f4xx_hal_adc.o
 .text.HAL_ADC_ConfigChannel
                0x080014c4      0x144 build/base/Drivers/STM32F4xx_HAL_Driver/Src/stm32f4xx_hal_adc.o
                0x080014c4                HAL_ADC_ConfigChannel
 .text.HAL_NVIC_SetPriorityGrouping
                0x08001608       0x24 build/base/Drivers/STM32F4xx_HAL_Driver/Src/stm32f4xx_hal_cortex.o
                0x08001608                HAL_NVIC_SetPriorityGrouping
 .text.HAL_NVIC_SetPriority
                0x0800162c       0x6c build/base/Drivers/STM32F4xx_HAL_Driver/Src/stm32f4xx_hal_cortex.o
                0x0800162c                HAL_NVIC_SetPriority
 .text.HAL_NVIC_EnableIRQ
                0x08001698       0x1c build/base/Drivers/STM32F4xx_HAL_Driver/Src/stm32f4xx_hal_cortex.o
                0x08001698                HAL_NVIC_EnableIRQ
 .text.HAL_SYSTICK_Config
                0x080016b4       0x34 build/base/Drivers/STM32F4xx_HAL_Driver/Src/stm32f4xx_hal_cortex.o
                0x080016b4                HAL_SYSTICK_Config
 .text.HAL_CRC_Init
                0x080016e8       0x28 build/base/Drivers/STM32F4xx_HAL_Driver/Src/stm32f4xx_hal_crc.o
                0x080016e8                HAL_CRC_Init
 .text.HAL_DMA_Init
                0x08001710      0x134 build/base/Drivers/STM32F4xx_HAL_Driver/Src/stm32f4xx_hal_dma.o
                0x08001710                HAL_DMA_Init
 .text.HAL_DMA_Start_IT
                0x08001844       0x7c build/base/Drivers/STM32F4xx_HAL_Driver/Src/stm32f4xx_hal_dma.o
                0x08001844                HAL_DMA_Start_IT
 .text.HAL_DMA_Abort_IT
                0x080018c0       0x24 build/base/Drivers/STM32F4xx_HAL_Driver/Src/stm32f4xx_hal_dma.o
                0x080018c0                HAL_DMA_Abort_IT
 .text.HAL_DMA_IRQHandler
                0x080018e4      0x1a0 build/base/Drivers/STM32F4xx_HAL_Driver/Src/stm32f4xx_hal_dma.o
                0x080018e4                HAL_DMA_IRQHandler
 .text.HAL_GPIO_Init
                0x08001a84      0x250 build/base/Drivers/STM32F4xx_HAL_Driver/Src/stm32f4xx_hal_gpio.o
                0x08001a84                HAL_GPIO_Init
 .text.HAL_GPIO_WritePin
                0x08001cd4        0x8 build/base/Drivers/STM32F4xx_HAL_Driver/Src/stm32f4xx_hal_gpio.o
                0x08001cd4                HAL_GPIO_WritePin
 .text.HAL_I2C_Init
                0x08001cdc      0x180 build/base/Drivers/STM32F4xx_HAL_Driver/Src/stm32f4xx_hal_i2c.o
                0x08001cdc                HAL_I2C_Init
 .text.HAL_I2C_Master_Transmit
                0x08001e5c      0x314 build/base/Drivers/STM32F4xx_HAL_Driver/Src/stm32f4xx_hal_i2c.o
                0x08001e5c                HAL_I2C_Master_Transmit
 .text.HAL_I2C_Master_Receive
                0x08002170      0x490 build/base/Drivers/STM32F4xx_HAL_Driver/Src/stm32f4xx_hal_i2c.o
                0x08002170                HAL_I2C_Master_Receive
 .text.SD_FindSCR
                0x08002600       0xdc build/base/Drivers/STM32F4xx_HAL_Driver/Src/stm32f4xx_hal_sd.o
 .text.HAL_SD_ReadBlocks
                0x080026dc      0x248 build/base/Drivers/STM32F4xx_HAL_Driver/Src/stm32f4xx_hal_sd.o
                0x080026dc                HAL_SD_ReadBlocks
 .text.HAL_SD_WriteBlocks
                0x08002924      0x1d4 build/base/Drivers/STM32F4xx_HAL_Driver/Src/stm32f4xx_hal_sd.o
                0x08002924                HAL_SD_WriteBlocks
 .text.HAL_SD_GetCardCSD
                0x08002af8      0x174 build/base/Drivers/STM32F4xx_HAL_Driver/Src/stm32f4xx_hal_sd.o
                0x08002af8                HAL_SD_GetCardCSD
 .text.HAL_SD_Init
                0x08002c6c      0x214 build/base/Drivers/STM32F4xx_HAL_Driver/Src/stm32f4xx_hal_sd.o
                0x08002c6c                HAL_SD_Init
 .text.HAL_SD_GetCardInfo
                0x08002e80       0x28 build/base/Drivers/STM32F4xx_HAL_Driver/Src/stm32f4xx_hal_sd.o
                0x08002e80                HAL_SD_GetCardInfo
 .text.HAL_SD_ConfigWideBusOperation
                0x08002ea8      0x120 build/base/Drivers/STM32F4xx_HAL_Driver/Src/stm32f4xx_hal_sd.o
                0x08002ea8                HAL_SD_ConfigWideBusOperation
 .text.HAL_SD_GetCardState
                0x08002fc8       0x28 build/base/Drivers/STM32F4xx_HAL_Driver/Src/stm32f4xx_hal_sd.o
                0x08002fc8                HAL_SD_GetCardState
 .text.SDMMC_GetCmdResp1.part.2
                0x08002ff0       0xc8 build/base/Drivers/STM32F4xx_HAL_Driver/Src/stm32f4xx_ll_sdmmc.o
 .text.SDIO_Init
                0x080030b8       0x38 build/base/Drivers/STM32F4xx_HAL_Driver/Src/stm32f4xx_ll_sdmmc.o
                0x080030b8                SDIO_Init
 .text.SDIO_ReadFIFO
                0x080030f0        0x8 build/base/Drivers/STM32F4xx_HAL_Driver/Src/stm32f4xx_ll_sdmmc.o
                0x080030f0                SDIO_ReadFIFO
 .text.SDIO_WriteFIFO
                0x080030f8        0xc build/base/Drivers/STM32F4xx_HAL_Driver/Src/stm32f4xx_ll_sdmmc.o
                0x080030f8                SDIO_WriteFIFO
 .text.SDIO_PowerState_ON
                0x08003104       0x10 build/base/Drivers/STM32F4xx_HAL_Driver/Src/stm32f4xx_ll_sdmmc.o
                0x08003104                SDIO_PowerState_ON
 .text.SDIO_GetPowerState
                0x08003114        0x8 build/base/Drivers/STM32F4xx_HAL_Driver/Src/stm32f4xx_ll_sdmmc.o
                0x08003114                SDIO_GetPowerState
 .text.SDIO_GetResponse
                0x0800311c        0x8 build/base/Drivers/STM32F4xx_HAL_Driver/Src/stm32f4xx_ll_sdmmc.o
                0x0800311c                SDIO_GetResponse
 .text.SDIO_ConfigData
                0x08003124       0x28 build/base/Drivers/STM32F4xx_HAL_Driver/Src/stm32f4xx_ll_sdmmc.o
                0x08003124                SDIO_ConfigData
 .text.SDMMC_CmdBlockLength
                0x0800314c       0x78 build/base/Drivers/STM32F4xx_HAL_Driver/Src/stm32f4xx_ll_sdmmc.o
                0x0800314c                SDMMC_CmdBlockLength
 .text.SDMMC_CmdReadSingleBlock
                0x080031c4       0x7c build/base/Drivers/STM32F4xx_HAL_Driver/Src/stm32f4xx_ll_sdmmc.o
                0x080031c4                SDMMC_CmdReadSingleBlock
 .text.SDMMC_CmdReadMultiBlock
                0x08003240       0x7c build/base/Drivers/STM32F4xx_HAL_Driver/Src/stm32f4xx_ll_sdmmc.o
                0x08003240                SDMMC_CmdReadMultiBlock
 .text.SDMMC_CmdWriteSingleBlock
                0x080032bc       0x78 build/base/Drivers/STM32F4xx_HAL_Driver/Src/stm32f4xx_ll_sdmmc.o
                0x080032bc                SDMMC_CmdWriteSingleBlock
 .text.SDMMC_CmdWriteMultiBlock
                0x08003334       0x7c build/base/Drivers/STM32F4xx_HAL_Driver/Src/stm32f4xx_ll_sdmmc.o
                0x08003334                SDMMC_CmdWriteMultiBlock
 .text.SDMMC_CmdStopTransfer
                0x080033b0       0x90 build/base/Drivers/STM32F4xx_HAL_Driver/Src/stm32f4xx_ll_sdmmc.o
                0x080033b0                SDMMC_CmdStopTransfer
 .text.SDMMC_CmdSelDesel
                0x08003440       0x7c build/base/Drivers/STM32F4xx_HAL_Driver/Src/stm32f4xx_ll_sdmmc.o
                0x08003440                SDMMC_CmdSelDesel
 .text.SDMMC_CmdGoIdleState
                0x080034bc       0x4c build/base/Drivers/STM32F4xx_HAL_Driver/Src/stm32f4xx_ll_sdmmc.o
                0x080034bc                SDMMC_CmdGoIdleState
 .text.SDMMC_CmdOperCond
                0x08003508       0x78 build/base/Drivers/STM32F4xx_HAL_Driver/Src/stm32f4xx_ll_sdmmc.o
                0x08003508                SDMMC_CmdOperCond
 .text.SDMMC_CmdAppCommand
                0x08003580       0x7c build/base/Drivers/STM32F4xx_HAL_Driver/Src/stm32f4xx_ll_sdmmc.o
                0x08003580                SDMMC_CmdAppCommand
 .text.SDMMC_CmdAppOperCommand
                0x080035fc       0x70 build/base/Drivers/STM32F4xx_HAL_Driver/Src/stm32f4xx_ll_sdmmc.o
                0x080035fc                SDMMC_CmdAppOperCommand
 .text.SDMMC_CmdBusWidth
                0x0800366c       0x7c build/base/Drivers/STM32F4xx_HAL_Driver/Src/stm32f4xx_ll_sdmmc.o
                0x0800366c                SDMMC_CmdBusWidth
 .text.SDMMC_CmdSendSCR
                0x080036e8       0x7c build/base/Drivers/STM32F4xx_HAL_Driver/Src/stm32f4xx_ll_sdmmc.o
                0x080036e8                SDMMC_CmdSendSCR
 .text.SDMMC_CmdSendCID
                0x08003764       0x6c build/base/Drivers/STM32F4xx_HAL_Driver/Src/stm32f4xx_ll_sdmmc.o
                0x08003764                SDMMC_CmdSendCID
 .text.SDMMC_CmdSendCSD
                0x080037d0       0x78 build/base/Drivers/STM32F4xx_HAL_Driver/Src/stm32f4xx_ll_sdmmc.o
                0x080037d0                SDMMC_CmdSendCSD
 .text.SDMMC_CmdSetRelAdd
                0x08003848       0xac build/base/Drivers/STM32F4xx_HAL_Driver/Src/stm32f4xx_ll_sdmmc.o
                0x08003848                SDMMC_CmdSetRelAdd
 .text.SDMMC_CmdSendStatus
                0x080038f4       0x7c build/base/Drivers/STM32F4xx_HAL_Driver/Src/stm32f4xx_ll_sdmmc.o
                0x080038f4                SDMMC_CmdSendStatus
 .text.HAL_RCC_OscConfig
                0x08003970      0x3bc build/base/Drivers/STM32F4xx_HAL_Driver/Src/stm32f4xx_hal_rcc.o
                0x08003970                HAL_RCC_OscConfig
 .text.HAL_RCC_GetSysClockFreq
                0x08003d2c       0x6c build/base/Drivers/STM32F4xx_HAL_Driver/Src/stm32f4xx_hal_rcc.o
                0x08003d2c                HAL_RCC_GetSysClockFreq
 .text.HAL_RCC_ClockConfig
                0x08003d98      0x134 build/base/Drivers/STM32F4xx_HAL_Driver/Src/stm32f4xx_hal_rcc.o
                0x08003d98                HAL_RCC_ClockConfig
 .text.HAL_RCC_GetPCLK1Freq
                0x08003ecc       0x20 build/base/Drivers/STM32F4xx_HAL_Driver/Src/stm32f4xx_hal_rcc.o
                0x08003ecc                HAL_RCC_GetPCLK1Freq
 .text.HAL_RCC_GetPCLK2Freq
                0x08003eec       0x20 build/base/Drivers/STM32F4xx_HAL_Driver/Src/stm32f4xx_hal_rcc.o
                0x08003eec                HAL_RCC_GetPCLK2Freq
 .text.HAL_RNG_Init
                0x08003f0c       0x34 build/base/Drivers/STM32F4xx_HAL_Driver/Src/stm32f4xx_hal_rng.o
                0x08003f0c                HAL_RNG_Init
 .text.HAL_TIM_Base_Init
                0x08003f40      0x144 build/base/Drivers/STM32F4xx_HAL_Driver/Src/stm32f4xx_hal_tim.o
                0x08003f40                HAL_TIM_Base_Init
 .text.HAL_TIM_PWM_MspInit
                0x08004084        0x4 build/base/Drivers/STM32F4xx_HAL_Driver/Src/stm32f4xx_hal_tim.o
                0x08004084                HAL_TIM_PWM_MspInit
 .text.HAL_TIM_PWM_Init
                0x08004088      0x144 build/base/Drivers/STM32F4xx_HAL_Driver/Src/stm32f4xx_hal_tim.o
                0x08004088                HAL_TIM_PWM_Init
 .text.HAL_TIM_PWM_Start_DMA
                0x080041cc      0x14c build/base/Drivers/STM32F4xx_HAL_Driver/Src/stm32f4xx_hal_tim.o
                0x080041cc                HAL_TIM_PWM_Start_DMA
 .text.HAL_TIM_PWM_Stop_DMA
                0x08004318       0xd4 build/base/Drivers/STM32F4xx_HAL_Driver/Src/stm32f4xx_hal_tim.o
                0x08004318                HAL_TIM_PWM_Stop_DMA
 .text.HAL_TIM_PWM_ConfigChannel
                0x080043ec      0x20c build/base/Drivers/STM32F4xx_HAL_Driver/Src/stm32f4xx_hal_tim.o
                0x080043ec                HAL_TIM_PWM_ConfigChannel
 .text.HAL_TIM_ConfigClockSource
                0x080045f8      0x14c build/base/Drivers/STM32F4xx_HAL_Driver/Src/stm32f4xx_hal_tim.o
                0x080045f8                HAL_TIM_ConfigClockSource
 .text.HAL_TIM_PWM_PulseFinishedCallback
                0x08004744        0x4 build/base/Drivers/STM32F4xx_HAL_Driver/Src/stm32f4xx_hal_tim.o
                0x08004744                HAL_TIM_PWM_PulseFinishedCallback
 .text.TIM_DMADelayPulseCplt
                0x08004748       0x4c build/base/Drivers/STM32F4xx_HAL_Driver/Src/stm32f4xx_hal_tim.o
                0x08004748                TIM_DMADelayPulseCplt
 .text.HAL_TIM_PWM_PulseFinishedHalfCpltCallback
                0x08004794        0x4 build/base/Drivers/STM32F4xx_HAL_Driver/Src/stm32f4xx_hal_tim.o
                0x08004794                HAL_TIM_PWM_PulseFinishedHalfCpltCallback
 .text.TIM_DMADelayPulseHalfCplt
                0x08004798       0x4c build/base/Drivers/STM32F4xx_HAL_Driver/Src/stm32f4xx_hal_tim.o
                0x08004798                TIM_DMADelayPulseHalfCplt
 .text.HAL_TIM_ErrorCallback
                0x080047e4        0x4 build/base/Drivers/STM32F4xx_HAL_Driver/Src/stm32f4xx_hal_tim.o
                0x080047e4                HAL_TIM_ErrorCallback
 .text.TIM_DMAError
                0x080047e8       0x10 build/base/Drivers/STM32F4xx_HAL_Driver/Src/stm32f4xx_hal_tim.o
                0x080047e8                TIM_DMAError
 .text.HAL_TIMEx_MasterConfigSynchronization
                0x080047f8       0x8c build/base/Drivers/STM32F4xx_HAL_Driver/Src/stm32f4xx_hal_tim_ex.o
                0x080047f8                HAL_TIMEx_MasterConfigSynchronization
 .text.HAL_TIMEx_ConfigBreakDeadTime
                0x08004884       0x54 build/base/Drivers/STM32F4xx_HAL_Driver/Src/stm32f4xx_hal_tim_ex.o
                0x08004884                HAL_TIMEx_ConfigBreakDeadTime
 .text.HAL_UART_Init
                0x080048d8      0x148 build/base/Drivers/STM32F4xx_HAL_Driver/Src/stm32f4xx_hal_uart.o
                0x080048d8                HAL_UART_Init
 .text.HAL_HalfDuplex_Init
                0x08004a20      0x150 build/base/Drivers/STM32F4xx_HAL_Driver/Src/stm32f4xx_hal_uart.o
                0x08004a20                HAL_HalfDuplex_Init
 .text.HAL_UART_Transmit
                0x08004b70      0x114 build/base/Drivers/STM32F4xx_HAL_Driver/Src/stm32f4xx_hal_uart.o
                0x08004b70                HAL_UART_Transmit
 .text.HAL_UART_TxCpltCallback
                0x08004c84        0x4 build/base/Drivers/STM32F4xx_HAL_Driver/Src/stm32f4xx_hal_uart.o
                0x08004c84                HAL_UART_TxCpltCallback
 .text.HAL_UART_RxCpltCallback
                0x08004c88        0x4 build/base/Drivers/STM32F4xx_HAL_Driver/Src/stm32f4xx_hal_uart.o
                0x08004c88                HAL_UART_RxCpltCallback
 .text.UART_Receive_IT.part.1
                0x08004c8c       0x88 build/base/Drivers/STM32F4xx_HAL_Driver/Src/stm32f4xx_hal_uart.o
 .text.HAL_UART_ErrorCallback
                0x08004d14        0x4 build/base/Drivers/STM32F4xx_HAL_Driver/Src/stm32f4xx_hal_uart.o
                0x08004d14                HAL_UART_ErrorCallback
 .text.HAL_UART_IRQHandler
                0x08004d18      0x17c build/base/Drivers/STM32F4xx_HAL_Driver/Src/stm32f4xx_hal_uart.o
                0x08004d18                HAL_UART_IRQHandler
 .text.UART_DMAAbortOnError
                0x08004e94       0x14 build/base/Drivers/STM32F4xx_HAL_Driver/Src/stm32f4xx_hal_uart.o
 .text.SystemClock_Config
                0x08004ea8       0x90 build/base/Src/main.o
                0x08004ea8                SystemClock_Config
 .text.startup.main
                0x08004f38      0x350 build/base/Src/main.o
                0x08004f38                main
 .text.Error_Handler
                0x08005288        0x4 build/base/Src/main.o
                0x08005288                Error_Handler
 .text.MX_FATFS_Init
                0x0800528c       0x1c build/base/Src/fatfs.o
                0x0800528c                MX_FATFS_Init
 .text.BSP_PlatformIsDetected
                0x080052a8        0x4 build/base/Src/fatfs_platform.o
                0x080052a8                BSP_PlatformIsDetected
 .text.SD_initialize
                0x080052ac       0x30 build/base/Src/sd_diskio.o
                0x080052ac                SD_initialize
 .text.SD_status
                0x080052dc       0x20 build/base/Src/sd_diskio.o
                0x080052dc                SD_status
 .text.SD_read  0x080052fc       0x20 build/base/Src/sd_diskio.o
                0x080052fc                SD_read
 .text.SD_ioctl
                0x0800531c       0x58 build/base/Src/sd_diskio.o
                0x0800531c                SD_ioctl
 .text.SD_write
                0x08005374       0x20 build/base/Src/sd_diskio.o
                0x08005374                SD_write
 .text.BSP_SD_Init
                0x08005394       0x44 build/base/Src/bsp_driver_sd.o
                0x08005394                BSP_SD_Init
 .text.BSP_SD_ReadBlocks
                0x080053d8       0x24 build/base/Src/bsp_driver_sd.o
                0x080053d8                BSP_SD_ReadBlocks
 .text.BSP_SD_WriteBlocks
                0x080053fc       0x24 build/base/Src/bsp_driver_sd.o
                0x080053fc                BSP_SD_WriteBlocks
 .text.BSP_SD_GetCardState
                0x08005420       0x14 build/base/Src/bsp_driver_sd.o
                0x08005420                BSP_SD_GetCardState
 .text.BSP_SD_GetCardInfo
                0x08005434        0xc build/base/Src/bsp_driver_sd.o
                0x08005434                BSP_SD_GetCardInfo
 .text.SystemInit
                0x08005440       0x1c build/base/Src/system_stm32f4xx.o
                0x08005440                SystemInit
 .text.NMI_Handler
                0x0800545c        0x4 build/base/Src/stm32f4xx_it.o
                0x0800545c                NMI_Handler
 .text.HardFault_Handler
                0x08005460        0x4 build/base/Src/stm32f4xx_it.o
                0x08005460                HardFault_Handler
 .text.MemManage_Handler
                0x08005464        0x4 build/base/Src/stm32f4xx_it.o
                0x08005464                MemManage_Handler
 .text.BusFault_Handler
                0x08005468        0x4 build/base/Src/stm32f4xx_it.o
                0x08005468                BusFault_Handler
 .text.UsageFault_Handler
                0x0800546c        0x4 build/base/Src/stm32f4xx_it.o
                0x0800546c                UsageFault_Handler
 .text.SVC_Handler
                0x08005470        0x4 build/base/Src/stm32f4xx_it.o
                0x08005470                SVC_Handler
 .text.DebugMon_Handler
                0x08005474        0x4 build/base/Src/stm32f4xx_it.o
                0x08005474                DebugMon_Handler
 .text.PendSV_Handler
                0x08005478        0x4 build/base/Src/stm32f4xx_it.o
                0x08005478                PendSV_Handler
 .text.SysTick_Handler
                0x0800547c        0x4 build/base/Src/stm32f4xx_it.o
                0x0800547c                SysTick_Handler
 .text.USART2_IRQHandler
                0x08005480        0xc build/base/Src/stm32f4xx_it.o
                0x08005480                USART2_IRQHandler
 .text.DMA2_Stream0_IRQHandler
                0x0800548c       0x40 build/base/Src/stm32f4xx_it.o
                0x0800548c                DMA2_Stream0_IRQHandler
 .text.DMA2_Stream1_IRQHandler
                0x080054cc       0x20 build/base/Src/stm32f4xx_it.o
                0x080054cc                DMA2_Stream1_IRQHandler
 .text.HAL_MspInit
                0x080054ec       0x38 build/base/Src/stm32f4xx_hal_msp.o
                0x080054ec                HAL_MspInit
 .text.HAL_ADC_MspInit
                0x08005524       0xac build/base/Src/stm32f4xx_hal_msp.o
                0x08005524                HAL_ADC_MspInit
 .text.HAL_CRC_MspInit
                0x080055d0       0x34 build/base/Src/stm32f4xx_hal_msp.o
                0x080055d0                HAL_CRC_MspInit
 .text.HAL_I2C_MspInit
                0x08005604       0x74 build/base/Src/stm32f4xx_hal_msp.o
                0x08005604                HAL_I2C_MspInit
 .text.HAL_RNG_MspInit
                0x08005678       0x30 build/base/Src/stm32f4xx_hal_msp.o
                0x08005678                HAL_RNG_MspInit
 .text.HAL_SD_MspInit
                0x080056a8       0xa0 build/base/Src/stm32f4xx_hal_msp.o
                0x080056a8                HAL_SD_MspInit
 .text.HAL_TIM_Base_MspInit
                0x08005748       0xa4 build/base/Src/stm32f4xx_hal_msp.o
                0x08005748                HAL_TIM_Base_MspInit
 .text.HAL_TIM_MspPostInit
                0x080057ec       0x58 build/base/Src/stm32f4xx_hal_msp.o
                0x080057ec                HAL_TIM_MspPostInit
 .text.HAL_UART_MspInit
                0x08005844       0xd8 build/base/Src/stm32f4xx_hal_msp.o
                0x08005844                HAL_UART_MspInit
 .text.disk_status
                0x0800591c       0x14 build/base/Middlewares/Third_Party/FatFs/src/diskio.o
                0x0800591c                disk_status
 .text.disk_initialize
                0x08005930       0x20 build/base/Middlewares/Third_Party/FatFs/src/diskio.o
                0x08005930                disk_initialize
 .text.disk_read
                0x08005950       0x1c build/base/Middlewares/Third_Party/FatFs/src/diskio.o
                0x08005950                disk_read
 .text.disk_write
                0x0800596c       0x1c build/base/Middlewares/Third_Party/FatFs/src/diskio.o
                0x0800596c                disk_write
 .text.disk_ioctl
                0x08005988       0x1c build/base/Middlewares/Third_Party/FatFs/src/diskio.o
                0x08005988                disk_ioctl
 .text.FATFS_LinkDriver
                0x080059a4       0x48 build/base/Middlewares/Third_Party/FatFs/src/ff_gen_drv.o
                0x080059a4                FATFS_LinkDriver
 .text.unlikely.sync_window.part.6
                0x080059ec       0x48 build/base/Middlewares/Third_Party/FatFs/src/ff.o
 .text.check_fs
                0x08005a34       0xac build/base/Middlewares/Third_Party/FatFs/src/ff.o
 .text.move_window
                0x08005ae0       0x7c build/base/Middlewares/Third_Party/FatFs/src/ff.o
 .text.find_volume
                0x08005b5c      0x434 build/base/Middlewares/Third_Party/FatFs/src/ff.o
 .text.sync_fs  0x08005f90      0x1a0 build/base/Middlewares/Third_Party/FatFs/src/ff.o
 .text.put_fat.part.8
                0x08006130      0x2f4 build/base/Middlewares/Third_Party/FatFs/src/ff.o
 .text.remove_chain
                0x08006424      0x328 build/base/Middlewares/Third_Party/FatFs/src/ff.o
 .text.get_fat.isra.9
                0x0800674c      0x298 build/base/Middlewares/Third_Party/FatFs/src/ff.o
 .text.create_chain
                0x080069e4      0x3b8 build/base/Middlewares/Third_Party/FatFs/src/ff.o
 .text.dir_sdi.constprop.13
                0x08006d9c      0x318 build/base/Middlewares/Third_Party/FatFs/src/ff.o
 .text.dir_register
                0x080070b4      0x440 build/base/Middlewares/Third_Party/FatFs/src/ff.o
 .text.follow_path
                0x080074f4      0x338 build/base/Middlewares/Third_Party/FatFs/src/ff.o
 .text.f_mount  0x0800782c       0x84 build/base/Middlewares/Third_Party/FatFs/src/ff.o
                0x0800782c                f_mount
 .text.f_open   0x080078b0      0x424 build/base/Middlewares/Third_Party/FatFs/src/ff.o
                0x080078b0                f_open
 .text.f_write  0x08007cd4      0x42c build/base/Middlewares/Third_Party/FatFs/src/ff.o
                0x08007cd4                f_write
 .text.f_close  0x08008100      0x188 build/base/Middlewares/Third_Party/FatFs/src/ff.o
                0x08008100                f_close
 .text.f_opendir
                0x08008288      0x514 build/base/Middlewares/Third_Party/FatFs/src/ff.o
                0x08008288                f_opendir
 .text.f_readdir
                0x0800879c      0x33c build/base/Middlewares/Third_Party/FatFs/src/ff.o
                0x0800879c                f_readdir
 .text.f_getfree
                0x08008ad8      0x168 build/base/Middlewares/Third_Party/FatFs/src/ff.o
                0x08008ad8                f_getfree
 .text.adc_init
                0x08008c40       0x30 build/src/adc.o
                0x08008c40                adc_init
 .text.adc_print
                0x08008c70       0x38 build/src/adc.o
                0x08008c70                adc_print
 .text.adc_drv_conv_complete_half
                0x08008ca8        0xc build/src/adc.o
                0x08008ca8                adc_drv_conv_complete_half
 .text.adc_drv_conv_complete_full
                0x08008cb4        0xc build/src/adc.o
                0x08008cb4                adc_drv_conv_complete_full
 .text.ws2812_init
                0x08008cc0       0x28 build/src/ws2812.o
                0x08008cc0                ws2812_init
 .text.ws2812_push
                0x08008ce8      0x1ec build/src/ws2812.o
                0x08008ce8                ws2812_push
 .text.ws2812_terminate
                0x08008ed4       0x1c build/src/ws2812.o
                0x08008ed4                ws2812_terminate
 .text.init     0x08008ef0      0x114 build/src/app.o
                0x08008ef0                init
 .text.loop     0x08009004      0x5c8 build/src/app.o
                0x08009004                loop
 .text.debug    0x080095cc       0x40 build/src/debug.o
                0x080095cc                debug
 .text.phys_engine_reset
                0x0800960c       0x14 build/src/phys_engine.o
                0x0800960c                phys_engine_reset
 .text.approx_atan2
                0x08009620       0xdc build/src/phys_engine.o
                0x08009620                approx_atan2
 .text.phys_engine_poll
                0x080096fc      0x114 build/src/phys_engine.o
                0x080096fc                phys_engine_poll
 .text.__libc_init_array
                0x08009810       0x48 c:/program files (x86)/gnu tools arm embedded/6 2017-q2-update/bin/../lib/gcc/arm-none-eabi/6.3.1/../../../../arm-none-eabi/lib/thumb/v7e-m/fpv4-sp/hard\libc_nano.a(lib_a-init.o)
                0x08009810                __libc_init_array
 .text.memset   0x08009858       0x10 c:/program files (x86)/gnu tools arm embedded/6 2017-q2-update/bin/../lib/gcc/arm-none-eabi/6.3.1/../../../../arm-none-eabi/lib/thumb/v7e-m/fpv4-sp/hard\libc_nano.a(lib_a-memset.o)
                0x08009858                memset
 .text.__cvt    0x08009868       0xc2 c:/program files (x86)/gnu tools arm embedded/6 2017-q2-update/bin/../lib/gcc/arm-none-eabi/6.3.1/../../../../arm-none-eabi/lib/thumb/v7e-m/fpv4-sp/hard\libc_nano.a(lib_a-nano-vfprintf_float.o)
                0x08009868                __cvt
 .text.__exponent
                0x0800992a       0x6a c:/program files (x86)/gnu tools arm embedded/6 2017-q2-update/bin/../lib/gcc/arm-none-eabi/6.3.1/../../../../arm-none-eabi/lib/thumb/v7e-m/fpv4-sp/hard\libc_nano.a(lib_a-nano-vfprintf_float.o)
                0x0800992a                __exponent
 .text._printf_float
                0x08009994      0x480 c:/program files (x86)/gnu tools arm embedded/6 2017-q2-update/bin/../lib/gcc/arm-none-eabi/6.3.1/../../../../arm-none-eabi/lib/thumb/v7e-m/fpv4-sp/hard\libc_nano.a(lib_a-nano-vfprintf_float.o)
                0x08009994                _printf_float
 .text._printf_common
                0x08009e14       0xec c:/program files (x86)/gnu tools arm embedded/6 2017-q2-update/bin/../lib/gcc/arm-none-eabi/6.3.1/../../../../arm-none-eabi/lib/thumb/v7e-m/fpv4-sp/hard\libc_nano.a(lib_a-nano-vfprintf_i.o)
                0x08009e14                _printf_common
 .text._printf_i
                0x08009f00      0x240 c:/program files (x86)/gnu tools arm embedded/6 2017-q2-update/bin/../lib/gcc/arm-none-eabi/6.3.1/../../../../arm-none-eabi/lib/thumb/v7e-m/fpv4-sp/hard\libc_nano.a(lib_a-nano-vfprintf_i.o)
                0x08009f00                _printf_i
 .text._vsnprintf_r
                0x0800a140       0x58 c:/program files (x86)/gnu tools arm embedded/6 2017-q2-update/bin/../lib/gcc/arm-none-eabi/6.3.1/../../../../arm-none-eabi/lib/thumb/v7e-m/fpv4-sp/hard\libc_nano.a(lib_a-vsnprintf.o)
                0x0800a140                _vsniprintf_r
                0x0800a140                _vsnprintf_r
 .text.vsnprintf
                0x0800a198       0x1c c:/program files (x86)/gnu tools arm embedded/6 2017-q2-update/bin/../lib/gcc/arm-none-eabi/6.3.1/../../../../arm-none-eabi/lib/thumb/v7e-m/fpv4-sp/hard\libc_nano.a(lib_a-vsnprintf.o)
                0x0800a198                vsniprintf
                0x0800a198                vsnprintf
 .text.quorem   0x0800a1b4      0x118 c:/program files (x86)/gnu tools arm embedded/6 2017-q2-update/bin/../lib/gcc/arm-none-eabi/6.3.1/../../../../arm-none-eabi/lib/thumb/v7e-m/fpv4-sp/hard\libc_nano.a(lib_a-dtoa.o)
 *fill*         0x0800a2cc        0x4 
 .text._dtoa_r  0x0800a2d0      0xb9c c:/program files (x86)/gnu tools arm embedded/6 2017-q2-update/bin/../lib/gcc/arm-none-eabi/6.3.1/../../../../arm-none-eabi/lib/thumb/v7e-m/fpv4-sp/hard\libc_nano.a(lib_a-dtoa.o)
                0x0800a2d0                _dtoa_r
 .text._localeconv_r
                0x0800ae6c       0x1c c:/program files (x86)/gnu tools arm embedded/6 2017-q2-update/bin/../lib/gcc/arm-none-eabi/6.3.1/../../../../arm-none-eabi/lib/thumb/v7e-m/fpv4-sp/hard\libc_nano.a(lib_a-localeconv.o)
                0x0800ae6c                _localeconv_r
 .text.malloc   0x0800ae88       0x10 c:/program files (x86)/gnu tools arm embedded/6 2017-q2-update/bin/../lib/gcc/arm-none-eabi/6.3.1/../../../../arm-none-eabi/lib/thumb/v7e-m/fpv4-sp/hard\libc_nano.a(lib_a-malloc.o)
                0x0800ae88                malloc
 .text.memcpy   0x0800ae98       0x16 c:/program files (x86)/gnu tools arm embedded/6 2017-q2-update/bin/../lib/gcc/arm-none-eabi/6.3.1/../../../../arm-none-eabi/lib/thumb/v7e-m/fpv4-sp/hard\libc_nano.a(lib_a-memcpy-stub.o)
                0x0800ae98                memcpy
 .text._Balloc  0x0800aeae       0x68 c:/program files (x86)/gnu tools arm embedded/6 2017-q2-update/bin/../lib/gcc/arm-none-eabi/6.3.1/../../../../arm-none-eabi/lib/thumb/v7e-m/fpv4-sp/hard\libc_nano.a(lib_a-mprec.o)
                0x0800aeae                _Balloc
 .text._Bfree   0x0800af16       0x2e c:/program files (x86)/gnu tools arm embedded/6 2017-q2-update/bin/../lib/gcc/arm-none-eabi/6.3.1/../../../../arm-none-eabi/lib/thumb/v7e-m/fpv4-sp/hard\libc_nano.a(lib_a-mprec.o)
                0x0800af16                _Bfree
 .text.__multadd
                0x0800af44       0x76 c:/program files (x86)/gnu tools arm embedded/6 2017-q2-update/bin/../lib/gcc/arm-none-eabi/6.3.1/../../../../arm-none-eabi/lib/thumb/v7e-m/fpv4-sp/hard\libc_nano.a(lib_a-mprec.o)
                0x0800af44                __multadd
 .text.__hi0bits
                0x0800afba       0x3e c:/program files (x86)/gnu tools arm embedded/6 2017-q2-update/bin/../lib/gcc/arm-none-eabi/6.3.1/../../../../arm-none-eabi/lib/thumb/v7e-m/fpv4-sp/hard\libc_nano.a(lib_a-mprec.o)
                0x0800afba                __hi0bits
 .text.__lo0bits
                0x0800aff8       0x5e c:/program files (x86)/gnu tools arm embedded/6 2017-q2-update/bin/../lib/gcc/arm-none-eabi/6.3.1/../../../../arm-none-eabi/lib/thumb/v7e-m/fpv4-sp/hard\libc_nano.a(lib_a-mprec.o)
                0x0800aff8                __lo0bits
 .text.__i2b    0x0800b056       0x12 c:/program files (x86)/gnu tools arm embedded/6 2017-q2-update/bin/../lib/gcc/arm-none-eabi/6.3.1/../../../../arm-none-eabi/lib/thumb/v7e-m/fpv4-sp/hard\libc_nano.a(lib_a-mprec.o)
                0x0800b056                __i2b
 .text.__multiply
                0x0800b068      0x11a c:/program files (x86)/gnu tools arm embedded/6 2017-q2-update/bin/../lib/gcc/arm-none-eabi/6.3.1/../../../../arm-none-eabi/lib/thumb/v7e-m/fpv4-sp/hard\libc_nano.a(lib_a-mprec.o)
                0x0800b068                __multiply
 *fill*         0x0800b182        0x2 
 .text.__pow5mult
                0x0800b184       0x9c c:/program files (x86)/gnu tools arm embedded/6 2017-q2-update/bin/../lib/gcc/arm-none-eabi/6.3.1/../../../../arm-none-eabi/lib/thumb/v7e-m/fpv4-sp/hard\libc_nano.a(lib_a-mprec.o)
                0x0800b184                __pow5mult
 .text.__lshift
                0x0800b220       0xa2 c:/program files (x86)/gnu tools arm embedded/6 2017-q2-update/bin/../lib/gcc/arm-none-eabi/6.3.1/../../../../arm-none-eabi/lib/thumb/v7e-m/fpv4-sp/hard\libc_nano.a(lib_a-mprec.o)
                0x0800b220                __lshift
 .text.__mcmp   0x0800b2c2       0x34 c:/program files (x86)/gnu tools arm embedded/6 2017-q2-update/bin/../lib/gcc/arm-none-eabi/6.3.1/../../../../arm-none-eabi/lib/thumb/v7e-m/fpv4-sp/hard\libc_nano.a(lib_a-mprec.o)
                0x0800b2c2                __mcmp
 .text.__mdiff  0x0800b2f6       0xbc c:/program files (x86)/gnu tools arm embedded/6 2017-q2-update/bin/../lib/gcc/arm-none-eabi/6.3.1/../../../../arm-none-eabi/lib/thumb/v7e-m/fpv4-sp/hard\libc_nano.a(lib_a-mprec.o)
                0x0800b2f6                __mdiff
 .text.__d2b    0x0800b3b2       0x9e c:/program files (x86)/gnu tools arm embedded/6 2017-q2-update/bin/../lib/gcc/arm-none-eabi/6.3.1/../../../../arm-none-eabi/lib/thumb/v7e-m/fpv4-sp/hard\libc_nano.a(lib_a-mprec.o)
                0x0800b3b2                __d2b
 .text._calloc_r
                0x0800b450       0x1c c:/program files (x86)/gnu tools arm embedded/6 2017-q2-update/bin/../lib/gcc/arm-none-eabi/6.3.1/../../../../arm-none-eabi/lib/thumb/v7e-m/fpv4-sp/hard\libc_nano.a(lib_a-nano-callocr.o)
                0x0800b450                _calloc_r
 .text._free_r  0x0800b46c       0x9c c:/program files (x86)/gnu tools arm embedded/6 2017-q2-update/bin/../lib/gcc/arm-none-eabi/6.3.1/../../../../arm-none-eabi/lib/thumb/v7e-m/fpv4-sp/hard\libc_nano.a(lib_a-nano-freer.o)
                0x0800b46c                _free_r
 .text._malloc_r
                0x0800b508       0xbc c:/program files (x86)/gnu tools arm embedded/6 2017-q2-update/bin/../lib/gcc/arm-none-eabi/6.3.1/../../../../arm-none-eabi/lib/thumb/v7e-m/fpv4-sp/hard\libc_nano.a(lib_a-nano-mallocr.o)
                0x0800b508                _malloc_r
 .text.__ssputs_r
                0x0800b5c4       0xb6 c:/program files (x86)/gnu tools arm embedded/6 2017-q2-update/bin/../lib/gcc/arm-none-eabi/6.3.1/../../../../arm-none-eabi/lib/thumb/v7e-m/fpv4-sp/hard\libc_nano.a(lib_a-nano-svfprintf.o)
                0x0800b5c4                __ssputs_r
 *fill*         0x0800b67a        0x2 
 .text._svfprintf_r
                0x0800b67c      0x1e8 c:/program files (x86)/gnu tools arm embedded/6 2017-q2-update/bin/../lib/gcc/arm-none-eabi/6.3.1/../../../../arm-none-eabi/lib/thumb/v7e-m/fpv4-sp/hard\libc_nano.a(lib_a-nano-svfprintf.o)
                0x0800b67c                _svfiprintf_r
                0x0800b67c                _svfprintf_r
 .text._sbrk_r  0x0800b864       0x20 c:/program files (x86)/gnu tools arm embedded/6 2017-q2-update/bin/../lib/gcc/arm-none-eabi/6.3.1/../../../../arm-none-eabi/lib/thumb/v7e-m/fpv4-sp/hard\libc_nano.a(lib_a-sbrkr.o)
                0x0800b864                _sbrk_r
 .text.__ascii_mbtowc
                0x0800b884       0x24 c:/program files (x86)/gnu tools arm embedded/6 2017-q2-update/bin/../lib/gcc/arm-none-eabi/6.3.1/../../../../arm-none-eabi/lib/thumb/v7e-m/fpv4-sp/hard\libc_nano.a(lib_a-mbtowc_r.o)
                0x0800b884                __ascii_mbtowc
 .text.memmove  0x0800b8a8       0x34 c:/program files (x86)/gnu tools arm embedded/6 2017-q2-update/bin/../lib/gcc/arm-none-eabi/6.3.1/../../../../arm-none-eabi/lib/thumb/v7e-m/fpv4-sp/hard\libc_nano.a(lib_a-memmove.o)
                0x0800b8a8                memmove
 .text.__malloc_lock
                0x0800b8dc        0x2 c:/program files (x86)/gnu tools arm embedded/6 2017-q2-update/bin/../lib/gcc/arm-none-eabi/6.3.1/../../../../arm-none-eabi/lib/thumb/v7e-m/fpv4-sp/hard\libc_nano.a(lib_a-mlock.o)
                0x0800b8dc                __malloc_lock
 .text.__malloc_unlock
                0x0800b8de        0x2 c:/program files (x86)/gnu tools arm embedded/6 2017-q2-update/bin/../lib/gcc/arm-none-eabi/6.3.1/../../../../arm-none-eabi/lib/thumb/v7e-m/fpv4-sp/hard\libc_nano.a(lib_a-mlock.o)
                0x0800b8de                __malloc_unlock
 .text._realloc_r
                0x0800b8e0       0x4c c:/program files (x86)/gnu tools arm embedded/6 2017-q2-update/bin/../lib/gcc/arm-none-eabi/6.3.1/../../../../arm-none-eabi/lib/thumb/v7e-m/fpv4-sp/hard\libc_nano.a(lib_a-nano-reallocr.o)
                0x0800b8e0                _realloc_r
 .text.__ascii_wctomb
                0x0800b92c       0x1a c:/program files (x86)/gnu tools arm embedded/6 2017-q2-update/bin/../lib/gcc/arm-none-eabi/6.3.1/../../../../arm-none-eabi/lib/thumb/v7e-m/fpv4-sp/hard\libc_nano.a(lib_a-wctomb_r.o)
                0x0800b92c                __ascii_wctomb
 .text._malloc_usable_size_r
                0x0800b946       0x12 c:/program files (x86)/gnu tools arm embedded/6 2017-q2-update/bin/../lib/gcc/arm-none-eabi/6.3.1/../../../../arm-none-eabi/lib/thumb/v7e-m/fpv4-sp/hard\libc_nano.a(lib_a-nano-msizer.o)
                0x0800b946                _malloc_usable_size_r
 .text.floor    0x0800b958      0x120 c:/program files (x86)/gnu tools arm embedded/6 2017-q2-update/bin/../lib/gcc/arm-none-eabi/6.3.1/../../../../arm-none-eabi/lib/thumb/v7e-m/fpv4-sp/hard\libm.a(lib_a-s_floor.o)
                0x0800b958                floor
 .text.fabsf    0x0800ba78       0x10 c:/program files (x86)/gnu tools arm embedded/6 2017-q2-update/bin/../lib/gcc/arm-none-eabi/6.3.1/../../../../arm-none-eabi/lib/thumb/v7e-m/fpv4-sp/hard\libm.a(lib_a-sf_fabs.o)
                0x0800ba78                fabsf
 .text.fmodf    0x0800ba88       0xc0 c:/program files (x86)/gnu tools arm embedded/6 2017-q2-update/bin/../lib/gcc/arm-none-eabi/6.3.1/../../../../arm-none-eabi/lib/thumb/v7e-m/fpv4-sp/hard\libm.a(lib_a-wf_fmod.o)
                0x0800ba88                fmodf
 .text.__ieee754_fmodf
                0x0800bb48      0x118 c:/program files (x86)/gnu tools arm embedded/6 2017-q2-update/bin/../lib/gcc/arm-none-eabi/6.3.1/../../../../arm-none-eabi/lib/thumb/v7e-m/fpv4-sp/hard\libm.a(lib_a-ef_fmod.o)
                0x0800bb48                __ieee754_fmodf
 .text.matherr  0x0800bc60        0x4 c:/program files (x86)/gnu tools arm embedded/6 2017-q2-update/bin/../lib/gcc/arm-none-eabi/6.3.1/../../../../arm-none-eabi/lib/thumb/v7e-m/fpv4-sp/hard\libm.a(lib_a-s_matherr.o)
                0x0800bc60                matherr
 .text._sbrk    0x0800bc64       0x1c c:/program files (x86)/gnu tools arm embedded/6 2017-q2-update/bin/../lib/gcc/arm-none-eabi/6.3.1/../../../../arm-none-eabi/lib/thumb/v7e-m/fpv4-sp/hard\libnosys.a(sbrk.o)
                0x0800bc64                _sbrk
 .text.__errno  0x0800bc80        0xc c:/program files (x86)/gnu tools arm embedded/6 2017-q2-update/bin/../lib/gcc/arm-none-eabi/6.3.1/../../../../arm-none-eabi/lib/thumb/v7e-m/fpv4-sp/hard\libc_nano.a(lib_a-errno.o)
                0x0800bc80                __errno
 *(.glue_7)
 .glue_7        0x0800bc8c        0x0 linker stubs
 *(.glue_7t)
 .glue_7t       0x0800bc8c        0x0 linker stubs
 *(.eh_frame)
 .eh_frame      0x0800bc8c        0x0 c:/program files (x86)/gnu tools arm embedded/6 2017-q2-update/bin/../lib/gcc/arm-none-eabi/6.3.1/thumb/v7e-m/fpv4-sp/hard/crtbegin.o
 *(.init)
 .init          0x0800bc8c        0x4 c:/program files (x86)/gnu tools arm embedded/6 2017-q2-update/bin/../lib/gcc/arm-none-eabi/6.3.1/thumb/v7e-m/fpv4-sp/hard/crti.o
                0x0800bc8c                _init
 .init          0x0800bc90        0x8 c:/program files (x86)/gnu tools arm embedded/6 2017-q2-update/bin/../lib/gcc/arm-none-eabi/6.3.1/thumb/v7e-m/fpv4-sp/hard/crtn.o
 *(.fini)
 .fini          0x0800bc98        0x4 c:/program files (x86)/gnu tools arm embedded/6 2017-q2-update/bin/../lib/gcc/arm-none-eabi/6.3.1/thumb/v7e-m/fpv4-sp/hard/crti.o
                0x0800bc98                _fini
 .fini          0x0800bc9c        0x8 c:/program files (x86)/gnu tools arm embedded/6 2017-q2-update/bin/../lib/gcc/arm-none-eabi/6.3.1/thumb/v7e-m/fpv4-sp/hard/crtn.o
                0x0800bca4                . = ALIGN (0x4)
                0x0800bca4                _etext = .

.vfp11_veneer   0x0800bca4        0x0
 .vfp11_veneer  0x0800bca4        0x0 linker stubs

.v4_bx          0x0800bca4        0x0
 .v4_bx         0x0800bca4        0x0 linker stubs

.iplt           0x0800bca4        0x0
 .iplt          0x0800bca4        0x0 c:/program files (x86)/gnu tools arm embedded/6 2017-q2-update/bin/../lib/gcc/arm-none-eabi/6.3.1/thumb/v7e-m/fpv4-sp/hard/crtbegin.o

.rodata         0x0800bca8      0x6f8
                0x0800bca8                . = ALIGN (0x4)
 *(.rodata)
 .rodata        0x0800bca8       0x11 build/src/app.o
 *(.rodata*)
 *fill*         0x0800bcb9        0x3 
 .rodata.flagBitshiftOffset.8154
                0x0800bcbc        0x8 build/base/Drivers/STM32F4xx_HAL_Driver/Src/stm32f4xx_hal_dma.o
 .rodata.SD_Driver
                0x0800bcc4       0x14 build/base/Src/sd_diskio.o
                0x0800bcc4                SD_Driver
 .rodata.AHBPrescTable
                0x0800bcd8       0x10 build/base/Src/system_stm32f4xx.o
                0x0800bcd8                AHBPrescTable
 .rodata.APBPrescTable
                0x0800bce8        0x8 build/base/Src/system_stm32f4xx.o
                0x0800bce8                APBPrescTable
 .rodata.ExCvt  0x0800bcf0       0x80 build/base/Middlewares/Third_Party/FatFs/src/ff.o
 .rodata.follow_path.str1.4
                0x0800bd70        0xf build/base/Middlewares/Third_Party/FatFs/src/ff.o
 *fill*         0x0800bd7f        0x1 
 .rodata.adc_print.str1.4
                0x0800bd80        0xc build/src/adc.o
 .rodata.gamma8
                0x0800bd8c      0x100 build/src/ws2812.o
 .rodata.CSWTCH.20
                0x0800be8c       0x50 build/src/app.o
 .rodata.init.str1.4
                0x0800bedc       0x1a build/src/app.o
 *fill*         0x0800bef6        0x2 
 .rodata.loop.str1.4
                0x0800bef8      0x141 build/src/app.o
                                0x145 (size before relaxing)
 *fill*         0x0800c039        0x3 
 .rodata.str1.4
                0x0800c03c       0xf6 build/src/app.o
 .rodata._printf_float.str1.1
                0x0800c132       0x12 c:/program files (x86)/gnu tools arm embedded/6 2017-q2-update/bin/../lib/gcc/arm-none-eabi/6.3.1/../../../../arm-none-eabi/lib/thumb/v7e-m/fpv4-sp/hard\libc_nano.a(lib_a-nano-vfprintf_float.o)
 .rodata._printf_i.str1.1
                0x0800c144       0x22 c:/program files (x86)/gnu tools arm embedded/6 2017-q2-update/bin/../lib/gcc/arm-none-eabi/6.3.1/../../../../arm-none-eabi/lib/thumb/v7e-m/fpv4-sp/hard\libc_nano.a(lib_a-nano-vfprintf_i.o)
 .rodata._dtoa_r.str1.1
                0x0800c166        0xd c:/program files (x86)/gnu tools arm embedded/6 2017-q2-update/bin/../lib/gcc/arm-none-eabi/6.3.1/../../../../arm-none-eabi/lib/thumb/v7e-m/fpv4-sp/hard\libc_nano.a(lib_a-dtoa.o)
                                  0xf (size before relaxing)
 *fill*         0x0800c173        0x5 
 .rodata.__mprec_bigtens
                0x0800c178       0x28 c:/program files (x86)/gnu tools arm embedded/6 2017-q2-update/bin/../lib/gcc/arm-none-eabi/6.3.1/../../../../arm-none-eabi/lib/thumb/v7e-m/fpv4-sp/hard\libc_nano.a(lib_a-mprec.o)
                0x0800c178                __mprec_bigtens
 .rodata.__mprec_tens
                0x0800c1a0       0xc8 c:/program files (x86)/gnu tools arm embedded/6 2017-q2-update/bin/../lib/gcc/arm-none-eabi/6.3.1/../../../../arm-none-eabi/lib/thumb/v7e-m/fpv4-sp/hard\libc_nano.a(lib_a-mprec.o)
                0x0800c1a0                __mprec_tens
 .rodata.p05.7170
                0x0800c268        0xc c:/program files (x86)/gnu tools arm embedded/6 2017-q2-update/bin/../lib/gcc/arm-none-eabi/6.3.1/../../../../arm-none-eabi/lib/thumb/v7e-m/fpv4-sp/hard\libc_nano.a(lib_a-mprec.o)
 .rodata._svfprintf_r.str1.1
                0x0800c274       0x11 c:/program files (x86)/gnu tools arm embedded/6 2017-q2-update/bin/../lib/gcc/arm-none-eabi/6.3.1/../../../../arm-none-eabi/lib/thumb/v7e-m/fpv4-sp/hard\libc_nano.a(lib_a-nano-svfprintf.o)
 .rodata._setlocale_r.str1.1
                0x0800c285        0x8 c:/program files (x86)/gnu tools arm embedded/6 2017-q2-update/bin/../lib/gcc/arm-none-eabi/6.3.1/../../../../arm-none-eabi/lib/thumb/v7e-m/fpv4-sp/hard\libc_nano.a(lib_a-locale.o)
                                  0x9 (size before relaxing)
 .rodata.str1.1
                0x0800c28d        0x2 c:/program files (x86)/gnu tools arm embedded/6 2017-q2-update/bin/../lib/gcc/arm-none-eabi/6.3.1/../../../../arm-none-eabi/lib/thumb/v7e-m/fpv4-sp/hard\libc_nano.a(lib_a-locale.o)
 .rodata._ctype_
                0x0800c28f      0x101 c:/program files (x86)/gnu tools arm embedded/6 2017-q2-update/bin/../lib/gcc/arm-none-eabi/6.3.1/../../../../arm-none-eabi/lib/thumb/v7e-m/fpv4-sp/hard\libc_nano.a(lib_a-ctype_.o)
                0x0800c28f                _ctype_
 .rodata.fmodf.str1.4
                0x0800c390        0x8 c:/program files (x86)/gnu tools arm embedded/6 2017-q2-update/bin/../lib/gcc/arm-none-eabi/6.3.1/../../../../arm-none-eabi/lib/thumb/v7e-m/fpv4-sp/hard\libm.a(lib_a-wf_fmod.o)
                                  0x6 (size before relaxing)
 .rodata.Zero   0x0800c398        0x8 c:/program files (x86)/gnu tools arm embedded/6 2017-q2-update/bin/../lib/gcc/arm-none-eabi/6.3.1/../../../../arm-none-eabi/lib/thumb/v7e-m/fpv4-sp/hard\libm.a(lib_a-ef_fmod.o)
                0x0800c3a0                . = ALIGN (0x4)

.ARM.extab
 *(.ARM.extab* .gnu.linkonce.armextab.*)

.ARM            0x0800c3a0        0x8
                0x0800c3a0                __exidx_start = .
 *(.ARM.exidx*)
 .ARM.exidx     0x0800c3a0        0x8 c:/program files (x86)/gnu tools arm embedded/6 2017-q2-update/bin/../lib/gcc/arm-none-eabi/6.3.1/thumb/v7e-m/fpv4-sp/hard\libgcc.a(_udivmoddi4.o)
                0x0800c3a8                __exidx_end = .

.rel.dyn        0x0800c3a8        0x0
 .rel.iplt      0x0800c3a8        0x0 c:/program files (x86)/gnu tools arm embedded/6 2017-q2-update/bin/../lib/gcc/arm-none-eabi/6.3.1/thumb/v7e-m/fpv4-sp/hard/crtbegin.o

.preinit_array  0x0800c3a8        0x0
                0x0800c3a8                PROVIDE (__preinit_array_start, .)
 *(.preinit_array*)
                0x0800c3a8                PROVIDE (__preinit_array_end, .)

.init_array     0x0800c3a8        0x4
                0x0800c3a8                PROVIDE (__init_array_start, .)
 *(SORT(.init_array.*))
 *(.init_array*)
 .init_array    0x0800c3a8        0x4 c:/program files (x86)/gnu tools arm embedded/6 2017-q2-update/bin/../lib/gcc/arm-none-eabi/6.3.1/thumb/v7e-m/fpv4-sp/hard/crtbegin.o
                0x0800c3ac                PROVIDE (__init_array_end, .)

.fini_array     0x0800c3ac        0x4
                [!provide]                PROVIDE (__fini_array_start, .)
 *(SORT(.fini_array.*))
 *(.fini_array*)
 .fini_array    0x0800c3ac        0x4 c:/program files (x86)/gnu tools arm embedded/6 2017-q2-update/bin/../lib/gcc/arm-none-eabi/6.3.1/thumb/v7e-m/fpv4-sp/hard/crtbegin.o
                [!provide]                PROVIDE (__fini_array_end, .)
                0x0800c3b0                _sidata = LOADADDR (.data)

.data           0x20000000      0x1f0 load address 0x0800c3b0
                0x20000000                . = ALIGN (0x4)
                0x20000000                _sdata = .
 *(.data)
 *(.data*)
 .data.uwTickFreq
                0x20000000        0x1 build/base/Drivers/STM32F4xx_HAL_Driver/Src/stm32f4xx_hal.o
                0x20000000                uwTickFreq
 *fill*         0x20000001        0x3 
 .data.uwTickPrio
                0x20000004        0x4 build/base/Drivers/STM32F4xx_HAL_Driver/Src/stm32f4xx_hal.o
                0x20000004                uwTickPrio
 .data.Stat     0x20000008        0x1 build/base/Src/sd_diskio.o
 *fill*         0x20000009        0x3 
 .data.SystemCoreClock
                0x2000000c        0x4 build/base/Src/system_stm32f4xx.o
                0x2000000c                SystemCoreClock
 .data.a        0x20000010        0x4 build/src/phys_engine.o
 .data.c_damp   0x20000014        0x4 build/src/phys_engine.o
                0x20000014                c_damp
 .data.c_scale  0x20000018        0x4 build/src/phys_engine.o
                0x20000018                c_scale
 .data._impure_ptr
                0x2000001c        0x4 c:/program files (x86)/gnu tools arm embedded/6 2017-q2-update/bin/../lib/gcc/arm-none-eabi/6.3.1/../../../../arm-none-eabi/lib/thumb/v7e-m/fpv4-sp/hard\libc_nano.a(lib_a-impure.o)
                0x2000001c                _impure_ptr
 .data.impure_data
                0x20000020       0x60 c:/program files (x86)/gnu tools arm embedded/6 2017-q2-update/bin/../lib/gcc/arm-none-eabi/6.3.1/../../../../arm-none-eabi/lib/thumb/v7e-m/fpv4-sp/hard\libc_nano.a(lib_a-impure.o)
 .data.__global_locale
                0x20000080      0x16c c:/program files (x86)/gnu tools arm embedded/6 2017-q2-update/bin/../lib/gcc/arm-none-eabi/6.3.1/../../../../arm-none-eabi/lib/thumb/v7e-m/fpv4-sp/hard\libc_nano.a(lib_a-locale.o)
                0x20000080                __global_locale
 .data.__fdlib_version
                0x200001ec        0x1 c:/program files (x86)/gnu tools arm embedded/6 2017-q2-update/bin/../lib/gcc/arm-none-eabi/6.3.1/../../../../arm-none-eabi/lib/thumb/v7e-m/fpv4-sp/hard\libm.a(lib_a-s_lib_ver.o)
                0x200001ec                __fdlib_version
                0x200001f0                . = ALIGN (0x4)
 *fill*         0x200001ed        0x3 
                0x200001f0                _edata = .
                0x0800c5a0                _siccmram = LOADADDR (.ccmram)

.jcr            0x200001f0        0x0 load address 0x0800c5a0
 .jcr           0x200001f0        0x0 c:/program files (x86)/gnu tools arm embedded/6 2017-q2-update/bin/../lib/gcc/arm-none-eabi/6.3.1/thumb/v7e-m/fpv4-sp/hard/crtbegin.o

.igot.plt       0x200001f0        0x0 load address 0x0800c5a0
 .igot.plt      0x200001f0        0x0 c:/program files (x86)/gnu tools arm embedded/6 2017-q2-update/bin/../lib/gcc/arm-none-eabi/6.3.1/thumb/v7e-m/fpv4-sp/hard/crtbegin.o

.ccmram         0x10000000        0x0 load address 0x0800c5a0
                0x10000000                . = ALIGN (0x4)
                0x10000000                _sccmram = .
 *(.ccmram)
 *(.ccmram*)
                0x10000000                . = ALIGN (0x4)
                0x10000000                _eccmram = .
                0x10000000                . = ALIGN (0x4)

.bss            0x200001f0     0x4654
                0x200001f0                _sbss = .
                0x200001f0                __bss_start__ = _sbss
 *(.bss)
 .bss           0x200001f0       0x1c c:/program files (x86)/gnu tools arm embedded/6 2017-q2-update/bin/../lib/gcc/arm-none-eabi/6.3.1/thumb/v7e-m/fpv4-sp/hard/crtbegin.o
 *(.bss*)
 .bss.disk      0x2000020c        0xc build/base/Middlewares/Third_Party/FatFs/src/ff_gen_drv.o
                0x2000020c                disk
 .bss.FatFs     0x20000218        0x4 build/base/Middlewares/Third_Party/FatFs/src/ff.o
 .bss.Files     0x2000021c       0x20 build/base/Middlewares/Third_Party/FatFs/src/ff.o
 .bss.Fsid      0x2000023c        0x2 build/base/Middlewares/Third_Party/FatFs/src/ff.o
 *fill*         0x2000023e        0x2 
 .bss.adc_raw   0x20000240        0x8 build/src/adc.o
 .bss.adc_sel   0x20000248        0x4 build/src/adc.o
                0x20000248                adc_sel
 .bss.transfer_enabled
                0x2000024c        0x1 build/src/ws2812.o
 .bss.Data.9278
                0x2000024d        0x1 build/src/app.o
 *fill*         0x2000024e        0x2 
 .bss.accel.9291
                0x20000250        0x6 build/src/app.o
 .bss.first_press.9299
                0x20000256        0x1 build/src/app.o
 *fill*         0x20000257        0x1 
 .bss.i.9290    0x20000258        0x4 build/src/app.o
 .bss.prev_btn.9298
                0x2000025c        0x4 build/src/app.o
 .bss.prev_tick.9289
                0x20000260        0x4 build/src/app.o
 .bss.time_ms_prev.9286
                0x20000264        0x4 build/src/app.o
 .bss.buffer.9923
                0x20000268      0x201 build/src/debug.o
 *fill*         0x20000469        0x3 
 .bss.w         0x2000046c        0x4 build/src/phys_engine.o
 .bss.__malloc_free_list
                0x20000470        0x4 c:/program files (x86)/gnu tools arm embedded/6 2017-q2-update/bin/../lib/gcc/arm-none-eabi/6.3.1/../../../../arm-none-eabi/lib/thumb/v7e-m/fpv4-sp/hard\libc_nano.a(lib_a-nano-mallocr.o)
                0x20000470                __malloc_free_list
 .bss.__malloc_sbrk_start
                0x20000474        0x4 c:/program files (x86)/gnu tools arm embedded/6 2017-q2-update/bin/../lib/gcc/arm-none-eabi/6.3.1/../../../../arm-none-eabi/lib/thumb/v7e-m/fpv4-sp/hard\libc_nano.a(lib_a-nano-mallocr.o)
                0x20000474                __malloc_sbrk_start
 .bss.heap_end.5239
                0x20000478        0x4 c:/program files (x86)/gnu tools arm embedded/6 2017-q2-update/bin/../lib/gcc/arm-none-eabi/6.3.1/../../../../arm-none-eabi/lib/thumb/v7e-m/fpv4-sp/hard\libnosys.a(sbrk.o)
 *(COMMON)
 COMMON         0x2000047c        0x4 build/base/Drivers/STM32F4xx_HAL_Driver/Src/stm32f4xx_hal.o
                0x2000047c                uwTick
 COMMON         0x20000480      0x2f8 build/base/Src/main.o
                0x20000480                hdma_tim1_ch1
                0x200004e0                hi2c1
                0x20000534                hcrc
                0x2000053c                htim3
                0x2000057c                hadc1
                0x200005c4                huart1
                0x20000604                hdma_adc1
                0x20000664                htim1
                0x200006a4                hrng
                0x200006b4                hsd
                0x20000738                huart2
 COMMON         0x20000778     0x206c build/base/Src/fatfs.o
                0x20000778                retSD
                0x2000077c                SDPath
                0x20000780                SDFile
                0x200017b0                SDFatFS
 COMMON         0x200027e4     0x2042 build/src/ws2812.o
                0x200027e4                leds
                0x200029c4                buffer_dma
 *fill*         0x20004826        0x2 
 COMMON         0x20004828       0x18 build/src/app.o
                0x20004828                btn
 COMMON         0x20004840        0x4 c:/program files (x86)/gnu tools arm embedded/6 2017-q2-update/bin/../lib/gcc/arm-none-eabi/6.3.1/../../../../arm-none-eabi/lib/thumb/v7e-m/fpv4-sp/hard\libc_nano.a(lib_a-reent.o)
                0x20004840                errno
                0x20004844                . = ALIGN (0x4)
                0x20004844                _ebss = .
                0x20004844                __bss_end__ = _ebss

._user_heap_stack
                0x20004844      0x604
                0x20004848                . = ALIGN (0x8)
 *fill*         0x20004844        0x4 
                0x20004848                PROVIDE (end, .)
                [!provide]                PROVIDE (_end, .)
                0x20004a48                . = (. + _Min_Heap_Size)
 *fill*         0x20004848      0x200 
                0x20004e48                . = (. + _Min_Stack_Size)
 *fill*         0x20004a48      0x400 
                0x20004e48                . = ALIGN (0x8)

/DISCARD/
 libc.a(*)
 libm.a(*)
 libgcc.a(*)

.ARM.attributes
                0x00000000       0x30
 *(.ARM.attributes)
 .ARM.attributes
                0x00000000       0x22 c:/program files (x86)/gnu tools arm embedded/6 2017-q2-update/bin/../lib/gcc/arm-none-eabi/6.3.1/thumb/v7e-m/fpv4-sp/hard/crti.o
 .ARM.attributes
                0x00000022       0x34 c:/program files (x86)/gnu tools arm embedded/6 2017-q2-update/bin/../lib/gcc/arm-none-eabi/6.3.1/thumb/v7e-m/fpv4-sp/hard/crtbegin.o
 .ARM.attributes
                0x00000056       0x21 build/startup_stm32f405xx.o
 .ARM.attributes
                0x00000077       0x39 build/base/Drivers/STM32F4xx_HAL_Driver/Src/stm32f4xx_hal.o
 .ARM.attributes
                0x000000b0       0x39 build/base/Drivers/STM32F4xx_HAL_Driver/Src/stm32f4xx_hal_adc.o
 .ARM.attributes
                0x000000e9       0x39 build/base/Drivers/STM32F4xx_HAL_Driver/Src/stm32f4xx_hal_cortex.o
 .ARM.attributes
                0x00000122       0x39 build/base/Drivers/STM32F4xx_HAL_Driver/Src/stm32f4xx_hal_crc.o
 .ARM.attributes
                0x0000015b       0x39 build/base/Drivers/STM32F4xx_HAL_Driver/Src/stm32f4xx_hal_dma.o
 .ARM.attributes
                0x00000194       0x39 build/base/Drivers/STM32F4xx_HAL_Driver/Src/stm32f4xx_hal_gpio.o
 .ARM.attributes
                0x000001cd       0x39 build/base/Drivers/STM32F4xx_HAL_Driver/Src/stm32f4xx_hal_i2c.o
 .ARM.attributes
                0x00000206       0x39 build/base/Drivers/STM32F4xx_HAL_Driver/Src/stm32f4xx_hal_sd.o
 .ARM.attributes
                0x0000023f       0x39 build/base/Drivers/STM32F4xx_HAL_Driver/Src/stm32f4xx_ll_sdmmc.o
 .ARM.attributes
                0x00000278       0x39 build/base/Drivers/STM32F4xx_HAL_Driver/Src/stm32f4xx_hal_rcc.o
 .ARM.attributes
                0x000002b1       0x39 build/base/Drivers/STM32F4xx_HAL_Driver/Src/stm32f4xx_hal_rng.o
 .ARM.attributes
                0x000002ea       0x39 build/base/Drivers/STM32F4xx_HAL_Driver/Src/stm32f4xx_hal_tim.o
 .ARM.attributes
                0x00000323       0x39 build/base/Drivers/STM32F4xx_HAL_Driver/Src/stm32f4xx_hal_tim_ex.o
 .ARM.attributes
                0x0000035c       0x39 build/base/Drivers/STM32F4xx_HAL_Driver/Src/stm32f4xx_hal_uart.o
 .ARM.attributes
                0x00000395       0x39 build/base/Src/main.o
 .ARM.attributes
                0x000003ce       0x39 build/base/Src/fatfs.o
 .ARM.attributes
                0x00000407       0x39 build/base/Src/fatfs_platform.o
 .ARM.attributes
                0x00000440       0x39 build/base/Src/sd_diskio.o
 .ARM.attributes
                0x00000479       0x39 build/base/Src/bsp_driver_sd.o
 .ARM.attributes
                0x000004b2       0x39 build/base/Src/system_stm32f4xx.o
 .ARM.attributes
                0x000004eb       0x39 build/base/Src/stm32f4xx_it.o
 .ARM.attributes
                0x00000524       0x39 build/base/Src/stm32f4xx_hal_msp.o
 .ARM.attributes
                0x0000055d       0x39 build/base/Middlewares/Third_Party/FatFs/src/diskio.o
 .ARM.attributes
                0x00000596       0x39 build/base/Middlewares/Third_Party/FatFs/src/ff_gen_drv.o
 .ARM.attributes
                0x000005cf       0x39 build/base/Middlewares/Third_Party/FatFs/src/ff.o
 .ARM.attributes
                0x00000608       0x39 build/src/adc.o
 .ARM.attributes
                0x00000641       0x39 build/src/ws2812.o
 .ARM.attributes
                0x0000067a       0x39 build/src/app.o
 .ARM.attributes
                0x000006b3       0x39 build/src/debug.o
 .ARM.attributes
                0x000006ec       0x39 build/src/phys_engine.o
 .ARM.attributes
                0x00000725       0x34 c:/program files (x86)/gnu tools arm embedded/6 2017-q2-update/bin/../lib/gcc/arm-none-eabi/6.3.1/../../../../arm-none-eabi/lib/thumb/v7e-m/fpv4-sp/hard\libc_nano.a(lib_a-impure.o)
 .ARM.attributes
                0x00000759       0x34 c:/program files (x86)/gnu tools arm embedded/6 2017-q2-update/bin/../lib/gcc/arm-none-eabi/6.3.1/../../../../arm-none-eabi/lib/thumb/v7e-m/fpv4-sp/hard\libc_nano.a(lib_a-init.o)
 .ARM.attributes
                0x0000078d       0x34 c:/program files (x86)/gnu tools arm embedded/6 2017-q2-update/bin/../lib/gcc/arm-none-eabi/6.3.1/../../../../arm-none-eabi/lib/thumb/v7e-m/fpv4-sp/hard\libc_nano.a(lib_a-memset.o)
 .ARM.attributes
                0x000007c1       0x34 c:/program files (x86)/gnu tools arm embedded/6 2017-q2-update/bin/../lib/gcc/arm-none-eabi/6.3.1/../../../../arm-none-eabi/lib/thumb/v7e-m/fpv4-sp/hard\libc_nano.a(lib_a-nano-vfprintf_float.o)
 .ARM.attributes
                0x000007f5       0x34 c:/program files (x86)/gnu tools arm embedded/6 2017-q2-update/bin/../lib/gcc/arm-none-eabi/6.3.1/../../../../arm-none-eabi/lib/thumb/v7e-m/fpv4-sp/hard\libc_nano.a(lib_a-nano-vfprintf_i.o)
 .ARM.attributes
                0x00000829       0x1b c:/program files (x86)/gnu tools arm embedded/6 2017-q2-update/bin/../lib/gcc/arm-none-eabi/6.3.1/../../../../arm-none-eabi/lib/thumb/v7e-m/fpv4-sp/hard\libc_nano.a(lib_a-strlen.o)
 .ARM.attributes
                0x00000844       0x34 c:/program files (x86)/gnu tools arm embedded/6 2017-q2-update/bin/../lib/gcc/arm-none-eabi/6.3.1/../../../../arm-none-eabi/lib/thumb/v7e-m/fpv4-sp/hard\libc_nano.a(lib_a-vsnprintf.o)
 .ARM.attributes
                0x00000878       0x34 c:/program files (x86)/gnu tools arm embedded/6 2017-q2-update/bin/../lib/gcc/arm-none-eabi/6.3.1/../../../../arm-none-eabi/lib/thumb/v7e-m/fpv4-sp/hard\libc_nano.a(lib_a-dtoa.o)
 .ARM.attributes
                0x000008ac       0x34 c:/program files (x86)/gnu tools arm embedded/6 2017-q2-update/bin/../lib/gcc/arm-none-eabi/6.3.1/../../../../arm-none-eabi/lib/thumb/v7e-m/fpv4-sp/hard\libc_nano.a(lib_a-localeconv.o)
 .ARM.attributes
                0x000008e0       0x34 c:/program files (x86)/gnu tools arm embedded/6 2017-q2-update/bin/../lib/gcc/arm-none-eabi/6.3.1/../../../../arm-none-eabi/lib/thumb/v7e-m/fpv4-sp/hard\libc_nano.a(lib_a-malloc.o)
 .ARM.attributes
                0x00000914       0x20 c:/program files (x86)/gnu tools arm embedded/6 2017-q2-update/bin/../lib/gcc/arm-none-eabi/6.3.1/../../../../arm-none-eabi/lib/thumb/v7e-m/fpv4-sp/hard\libc_nano.a(lib_a-memchr.o)
 .ARM.attributes
                0x00000934       0x34 c:/program files (x86)/gnu tools arm embedded/6 2017-q2-update/bin/../lib/gcc/arm-none-eabi/6.3.1/../../../../arm-none-eabi/lib/thumb/v7e-m/fpv4-sp/hard\libc_nano.a(lib_a-memcpy-stub.o)
 .ARM.attributes
                0x00000968       0x34 c:/program files (x86)/gnu tools arm embedded/6 2017-q2-update/bin/../lib/gcc/arm-none-eabi/6.3.1/../../../../arm-none-eabi/lib/thumb/v7e-m/fpv4-sp/hard\libc_nano.a(lib_a-mprec.o)
 .ARM.attributes
                0x0000099c       0x34 c:/program files (x86)/gnu tools arm embedded/6 2017-q2-update/bin/../lib/gcc/arm-none-eabi/6.3.1/../../../../arm-none-eabi/lib/thumb/v7e-m/fpv4-sp/hard\libc_nano.a(lib_a-nano-callocr.o)
 .ARM.attributes
                0x000009d0       0x34 c:/program files (x86)/gnu tools arm embedded/6 2017-q2-update/bin/../lib/gcc/arm-none-eabi/6.3.1/../../../../arm-none-eabi/lib/thumb/v7e-m/fpv4-sp/hard\libc_nano.a(lib_a-nano-freer.o)
 .ARM.attributes
                0x00000a04       0x34 c:/program files (x86)/gnu tools arm embedded/6 2017-q2-update/bin/../lib/gcc/arm-none-eabi/6.3.1/../../../../arm-none-eabi/lib/thumb/v7e-m/fpv4-sp/hard\libc_nano.a(lib_a-nano-mallocr.o)
 .ARM.attributes
                0x00000a38       0x34 c:/program files (x86)/gnu tools arm embedded/6 2017-q2-update/bin/../lib/gcc/arm-none-eabi/6.3.1/../../../../arm-none-eabi/lib/thumb/v7e-m/fpv4-sp/hard\libc_nano.a(lib_a-nano-svfprintf.o)
 .ARM.attributes
                0x00000a6c       0x34 c:/program files (x86)/gnu tools arm embedded/6 2017-q2-update/bin/../lib/gcc/arm-none-eabi/6.3.1/../../../../arm-none-eabi/lib/thumb/v7e-m/fpv4-sp/hard\libc_nano.a(lib_a-sbrkr.o)
 .ARM.attributes
                0x00000aa0       0x34 c:/program files (x86)/gnu tools arm embedded/6 2017-q2-update/bin/../lib/gcc/arm-none-eabi/6.3.1/../../../../arm-none-eabi/lib/thumb/v7e-m/fpv4-sp/hard\libc_nano.a(lib_a-locale.o)
 .ARM.attributes
                0x00000ad4       0x34 c:/program files (x86)/gnu tools arm embedded/6 2017-q2-update/bin/../lib/gcc/arm-none-eabi/6.3.1/../../../../arm-none-eabi/lib/thumb/v7e-m/fpv4-sp/hard\libc_nano.a(lib_a-mbtowc_r.o)
 .ARM.attributes
                0x00000b08       0x34 c:/program files (x86)/gnu tools arm embedded/6 2017-q2-update/bin/../lib/gcc/arm-none-eabi/6.3.1/../../../../arm-none-eabi/lib/thumb/v7e-m/fpv4-sp/hard\libc_nano.a(lib_a-memmove.o)
 .ARM.attributes
                0x00000b3c       0x34 c:/program files (x86)/gnu tools arm embedded/6 2017-q2-update/bin/../lib/gcc/arm-none-eabi/6.3.1/../../../../arm-none-eabi/lib/thumb/v7e-m/fpv4-sp/hard\libc_nano.a(lib_a-mlock.o)
 .ARM.attributes
                0x00000b70       0x34 c:/program files (x86)/gnu tools arm embedded/6 2017-q2-update/bin/../lib/gcc/arm-none-eabi/6.3.1/../../../../arm-none-eabi/lib/thumb/v7e-m/fpv4-sp/hard\libc_nano.a(lib_a-nano-reallocr.o)
 .ARM.attributes
                0x00000ba4       0x34 c:/program files (x86)/gnu tools arm embedded/6 2017-q2-update/bin/../lib/gcc/arm-none-eabi/6.3.1/../../../../arm-none-eabi/lib/thumb/v7e-m/fpv4-sp/hard\libc_nano.a(lib_a-reent.o)
 .ARM.attributes
                0x00000bd8       0x34 c:/program files (x86)/gnu tools arm embedded/6 2017-q2-update/bin/../lib/gcc/arm-none-eabi/6.3.1/../../../../arm-none-eabi/lib/thumb/v7e-m/fpv4-sp/hard\libc_nano.a(lib_a-wctomb_r.o)
 .ARM.attributes
                0x00000c0c       0x34 c:/program files (x86)/gnu tools arm embedded/6 2017-q2-update/bin/../lib/gcc/arm-none-eabi/6.3.1/../../../../arm-none-eabi/lib/thumb/v7e-m/fpv4-sp/hard\libc_nano.a(lib_a-ctype_.o)
 .ARM.attributes
                0x00000c40       0x34 c:/program files (x86)/gnu tools arm embedded/6 2017-q2-update/bin/../lib/gcc/arm-none-eabi/6.3.1/../../../../arm-none-eabi/lib/thumb/v7e-m/fpv4-sp/hard\libc_nano.a(lib_a-nano-msizer.o)
 .ARM.attributes
                0x00000c74       0x34 c:/program files (x86)/gnu tools arm embedded/6 2017-q2-update/bin/../lib/gcc/arm-none-eabi/6.3.1/../../../../arm-none-eabi/lib/thumb/v7e-m/fpv4-sp/hard\libm.a(lib_a-s_floor.o)
 .ARM.attributes
                0x00000ca8       0x34 c:/program files (x86)/gnu tools arm embedded/6 2017-q2-update/bin/../lib/gcc/arm-none-eabi/6.3.1/../../../../arm-none-eabi/lib/thumb/v7e-m/fpv4-sp/hard\libm.a(lib_a-sf_fabs.o)
 .ARM.attributes
                0x00000cdc       0x34 c:/program files (x86)/gnu tools arm embedded/6 2017-q2-update/bin/../lib/gcc/arm-none-eabi/6.3.1/../../../../arm-none-eabi/lib/thumb/v7e-m/fpv4-sp/hard\libm.a(lib_a-wf_fmod.o)
 .ARM.attributes
                0x00000d10       0x34 c:/program files (x86)/gnu tools arm embedded/6 2017-q2-update/bin/../lib/gcc/arm-none-eabi/6.3.1/../../../../arm-none-eabi/lib/thumb/v7e-m/fpv4-sp/hard\libm.a(lib_a-ef_fmod.o)
 .ARM.attributes
                0x00000d44       0x34 c:/program files (x86)/gnu tools arm embedded/6 2017-q2-update/bin/../lib/gcc/arm-none-eabi/6.3.1/../../../../arm-none-eabi/lib/thumb/v7e-m/fpv4-sp/hard\libm.a(lib_a-s_lib_ver.o)
 .ARM.attributes
                0x00000d78       0x34 c:/program files (x86)/gnu tools arm embedded/6 2017-q2-update/bin/../lib/gcc/arm-none-eabi/6.3.1/../../../../arm-none-eabi/lib/thumb/v7e-m/fpv4-sp/hard\libm.a(lib_a-s_matherr.o)
 .ARM.attributes
                0x00000dac       0x34 c:/program files (x86)/gnu tools arm embedded/6 2017-q2-update/bin/../lib/gcc/arm-none-eabi/6.3.1/../../../../arm-none-eabi/lib/thumb/v7e-m/fpv4-sp/hard\libnosys.a(sbrk.o)
 .ARM.attributes
                0x00000de0       0x22 c:/program files (x86)/gnu tools arm embedded/6 2017-q2-update/bin/../lib/gcc/arm-none-eabi/6.3.1/thumb/v7e-m/fpv4-sp/hard\libgcc.a(_arm_addsubdf3.o)
 .ARM.attributes
                0x00000e02       0x22 c:/program files (x86)/gnu tools arm embedded/6 2017-q2-update/bin/../lib/gcc/arm-none-eabi/6.3.1/thumb/v7e-m/fpv4-sp/hard\libgcc.a(_arm_muldivdf3.o)
 .ARM.attributes
                0x00000e24       0x22 c:/program files (x86)/gnu tools arm embedded/6 2017-q2-update/bin/../lib/gcc/arm-none-eabi/6.3.1/thumb/v7e-m/fpv4-sp/hard\libgcc.a(_arm_cmpdf2.o)
 .ARM.attributes
                0x00000e46       0x22 c:/program files (x86)/gnu tools arm embedded/6 2017-q2-update/bin/../lib/gcc/arm-none-eabi/6.3.1/thumb/v7e-m/fpv4-sp/hard\libgcc.a(_arm_unorddf2.o)
 .ARM.attributes
                0x00000e68       0x22 c:/program files (x86)/gnu tools arm embedded/6 2017-q2-update/bin/../lib/gcc/arm-none-eabi/6.3.1/thumb/v7e-m/fpv4-sp/hard\libgcc.a(_arm_fixdfsi.o)
 .ARM.attributes
                0x00000e8a       0x22 c:/program files (x86)/gnu tools arm embedded/6 2017-q2-update/bin/../lib/gcc/arm-none-eabi/6.3.1/thumb/v7e-m/fpv4-sp/hard\libgcc.a(_arm_truncdfsf2.o)
 .ARM.attributes
                0x00000eac       0x22 c:/program files (x86)/gnu tools arm embedded/6 2017-q2-update/bin/../lib/gcc/arm-none-eabi/6.3.1/thumb/v7e-m/fpv4-sp/hard\libgcc.a(_aeabi_uldivmod.o)
 .ARM.attributes
                0x00000ece       0x34 c:/program files (x86)/gnu tools arm embedded/6 2017-q2-update/bin/../lib/gcc/arm-none-eabi/6.3.1/thumb/v7e-m/fpv4-sp/hard\libgcc.a(_udivmoddi4.o)
 .ARM.attributes
                0x00000f02       0x22 c:/program files (x86)/gnu tools arm embedded/6 2017-q2-update/bin/../lib/gcc/arm-none-eabi/6.3.1/thumb/v7e-m/fpv4-sp/hard\libgcc.a(_dvmd_tls.o)
 .ARM.attributes
                0x00000f24       0x34 c:/program files (x86)/gnu tools arm embedded/6 2017-q2-update/bin/../lib/gcc/arm-none-eabi/6.3.1/../../../../arm-none-eabi/lib/thumb/v7e-m/fpv4-sp/hard\libc_nano.a(lib_a-errno.o)
 .ARM.attributes
                0x00000f58       0x22 c:/program files (x86)/gnu tools arm embedded/6 2017-q2-update/bin/../lib/gcc/arm-none-eabi/6.3.1/thumb/v7e-m/fpv4-sp/hard/crtn.o
OUTPUT(build/head elf32-littlearm)

.debug_line     0x00000000     0xecf2
 .debug_line    0x00000000       0x74 build/startup_stm32f405xx.o
 .debug_line    0x00000074      0x3b9 build/base/Drivers/STM32F4xx_HAL_Driver/Src/stm32f4xx_hal.o
 .debug_line    0x0000042d      0x7d0 build/base/Drivers/STM32F4xx_HAL_Driver/Src/stm32f4xx_hal_adc.o
 .debug_line    0x00000bfd      0x42e build/base/Drivers/STM32F4xx_HAL_Driver/Src/stm32f4xx_hal_cortex.o
 .debug_line    0x0000102b      0x268 build/base/Drivers/STM32F4xx_HAL_Driver/Src/stm32f4xx_hal_crc.o
 .debug_line    0x00001293      0x650 build/base/Drivers/STM32F4xx_HAL_Driver/Src/stm32f4xx_hal_dma.o
 .debug_line    0x000018e3      0x3ed build/base/Drivers/STM32F4xx_HAL_Driver/Src/stm32f4xx_hal_gpio.o
 .debug_line    0x00001cd0     0x1e46 build/base/Drivers/STM32F4xx_HAL_Driver/Src/stm32f4xx_hal_i2c.o
 .debug_line    0x00003b16      0xd08 build/base/Drivers/STM32F4xx_HAL_Driver/Src/stm32f4xx_hal_sd.o
 .debug_line    0x0000481e      0xc0a build/base/Drivers/STM32F4xx_HAL_Driver/Src/stm32f4xx_ll_sdmmc.o
 .debug_line    0x00005428      0x503 build/base/Drivers/STM32F4xx_HAL_Driver/Src/stm32f4xx_hal_rcc.o
 .debug_line    0x0000592b      0x3aa build/base/Drivers/STM32F4xx_HAL_Driver/Src/stm32f4xx_hal_rng.o
 .debug_line    0x00005cd5     0x1a4c build/base/Drivers/STM32F4xx_HAL_Driver/Src/stm32f4xx_hal_tim.o
 .debug_line    0x00007721      0x7dc build/base/Drivers/STM32F4xx_HAL_Driver/Src/stm32f4xx_hal_tim_ex.o
 .debug_line    0x00007efd      0xe0d build/base/Drivers/STM32F4xx_HAL_Driver/Src/stm32f4xx_hal_uart.o
 .debug_line    0x00008d0a      0x5de build/base/Src/main.o
 .debug_line    0x000092e8      0x2cd build/base/Src/fatfs.o
 .debug_line    0x000095b5      0x166 build/base/Src/fatfs_platform.o
 .debug_line    0x0000971b      0x35b build/base/Src/sd_diskio.o
 .debug_line    0x00009a76      0x332 build/base/Src/bsp_driver_sd.o
 .debug_line    0x00009da8      0x1ab build/base/Src/system_stm32f4xx.o
 .debug_line    0x00009f53      0x34f build/base/Src/stm32f4xx_it.o
 .debug_line    0x0000a2a2      0x52a build/base/Src/stm32f4xx_hal_msp.o
 .debug_line    0x0000a7cc      0x2ec build/base/Middlewares/Third_Party/FatFs/src/diskio.o
 .debug_line    0x0000aab8      0x330 build/base/Middlewares/Third_Party/FatFs/src/ff_gen_drv.o
 .debug_line    0x0000ade8     0x2a4d build/base/Middlewares/Third_Party/FatFs/src/ff.o
 .debug_line    0x0000d835      0x313 build/src/adc.o
 .debug_line    0x0000db48      0x5ce build/src/ws2812.o
 .debug_line    0x0000e116      0x671 build/src/app.o
 .debug_line    0x0000e787      0x2f9 build/src/debug.o
 .debug_line    0x0000ea80      0x272 build/src/phys_engine.o

.debug_info     0x00000000    0x31863
 .debug_info    0x00000000       0x4b build/startup_stm32f405xx.o
 .debug_info    0x0000004b      0xabd build/base/Drivers/STM32F4xx_HAL_Driver/Src/stm32f4xx_hal.o
 .debug_info    0x00000b08      0xef2 build/base/Drivers/STM32F4xx_HAL_Driver/Src/stm32f4xx_hal_adc.o
 .debug_info    0x000019fa     0x1040 build/base/Drivers/STM32F4xx_HAL_Driver/Src/stm32f4xx_hal_cortex.o
 .debug_info    0x00002a3a      0x47c build/base/Drivers/STM32F4xx_HAL_Driver/Src/stm32f4xx_hal_crc.o
 .debug_info    0x00002eb6      0xb8e build/base/Drivers/STM32F4xx_HAL_Driver/Src/stm32f4xx_hal_dma.o
 .debug_info    0x00003a44      0x839 build/base/Drivers/STM32F4xx_HAL_Driver/Src/stm32f4xx_hal_gpio.o
 .debug_info    0x0000427d     0x3cac build/base/Drivers/STM32F4xx_HAL_Driver/Src/stm32f4xx_hal_i2c.o
 .debug_info    0x00007f29     0x2997 build/base/Drivers/STM32F4xx_HAL_Driver/Src/stm32f4xx_hal_sd.o
 .debug_info    0x0000a8c0     0x22a3 build/base/Drivers/STM32F4xx_HAL_Driver/Src/stm32f4xx_ll_sdmmc.o
 .debug_info    0x0000cb63      0xb77 build/base/Drivers/STM32F4xx_HAL_Driver/Src/stm32f4xx_hal_rcc.o
 .debug_info    0x0000d6da      0x6a3 build/base/Drivers/STM32F4xx_HAL_Driver/Src/stm32f4xx_hal_rng.o
 .debug_info    0x0000dd7d     0x4018 build/base/Drivers/STM32F4xx_HAL_Driver/Src/stm32f4xx_hal_tim.o
 .debug_info    0x00011d95     0x1693 build/base/Drivers/STM32F4xx_HAL_Driver/Src/stm32f4xx_hal_tim_ex.o
 .debug_info    0x00013428     0x19ae build/base/Drivers/STM32F4xx_HAL_Driver/Src/stm32f4xx_hal_uart.o
 .debug_info    0x00014dd6     0x31eb build/base/Src/main.o
 .debug_info    0x00017fc1      0xefd build/base/Src/fatfs.o
 .debug_info    0x00018ebe      0x183 build/base/Src/fatfs_platform.o
 .debug_info    0x00019041     0x1062 build/base/Src/sd_diskio.o
 .debug_info    0x0001a0a3      0xd90 build/base/Src/bsp_driver_sd.o
 .debug_info    0x0001ae33      0x5b6 build/base/Src/system_stm32f4xx.o
 .debug_info    0x0001b3e9     0x11cc build/base/Src/stm32f4xx_it.o
 .debug_info    0x0001c5b5     0x1ff3 build/base/Src/stm32f4xx_hal_msp.o
 .debug_info    0x0001e5a8      0xe2f build/base/Middlewares/Third_Party/FatFs/src/diskio.o
 .debug_info    0x0001f3d7      0xefc build/base/Middlewares/Third_Party/FatFs/src/ff_gen_drv.o
 .debug_info    0x000202d3     0x9e6a build/base/Middlewares/Third_Party/FatFs/src/ff.o
 .debug_info    0x0002a13d     0x1479 build/src/adc.o
 .debug_info    0x0002b5b6     0x17d4 build/src/ws2812.o
 .debug_info    0x0002cd8a     0x2d0c build/src/app.o
 .debug_info    0x0002fa96     0x10e9 build/src/debug.o
 .debug_info    0x00030b7f      0xce4 build/src/phys_engine.o

.debug_abbrev   0x00000000     0x5556
 .debug_abbrev  0x00000000       0x12 build/startup_stm32f405xx.o
 .debug_abbrev  0x00000012      0x23c build/base/Drivers/STM32F4xx_HAL_Driver/Src/stm32f4xx_hal.o
 .debug_abbrev  0x0000024e      0x2d0 build/base/Drivers/STM32F4xx_HAL_Driver/Src/stm32f4xx_hal_adc.o
 .debug_abbrev  0x0000051e      0x32c build/base/Drivers/STM32F4xx_HAL_Driver/Src/stm32f4xx_hal_cortex.o
 .debug_abbrev  0x0000084a      0x1e1 build/base/Drivers/STM32F4xx_HAL_Driver/Src/stm32f4xx_hal_crc.o
 .debug_abbrev  0x00000a2b      0x322 build/base/Drivers/STM32F4xx_HAL_Driver/Src/stm32f4xx_hal_dma.o
 .debug_abbrev  0x00000d4d      0x227 build/base/Drivers/STM32F4xx_HAL_Driver/Src/stm32f4xx_hal_gpio.o
 .debug_abbrev  0x00000f74      0x37c build/base/Drivers/STM32F4xx_HAL_Driver/Src/stm32f4xx_hal_i2c.o
 .debug_abbrev  0x000012f0      0x3bf build/base/Drivers/STM32F4xx_HAL_Driver/Src/stm32f4xx_hal_sd.o
 .debug_abbrev  0x000016af      0x2f1 build/base/Drivers/STM32F4xx_HAL_Driver/Src/stm32f4xx_ll_sdmmc.o
 .debug_abbrev  0x000019a0      0x2f7 build/base/Drivers/STM32F4xx_HAL_Driver/Src/stm32f4xx_hal_rcc.o
 .debug_abbrev  0x00001c97      0x2a7 build/base/Drivers/STM32F4xx_HAL_Driver/Src/stm32f4xx_hal_rng.o
 .debug_abbrev  0x00001f3e      0x374 build/base/Drivers/STM32F4xx_HAL_Driver/Src/stm32f4xx_hal_tim.o
 .debug_abbrev  0x000022b2      0x314 build/base/Drivers/STM32F4xx_HAL_Driver/Src/stm32f4xx_hal_tim_ex.o
 .debug_abbrev  0x000025c6      0x350 build/base/Drivers/STM32F4xx_HAL_Driver/Src/stm32f4xx_hal_uart.o
 .debug_abbrev  0x00002916      0x380 build/base/Src/main.o
 .debug_abbrev  0x00002c96      0x21f build/base/Src/fatfs.o
 .debug_abbrev  0x00002eb5       0xbc build/base/Src/fatfs_platform.o
 .debug_abbrev  0x00002f71      0x2ee build/base/Src/sd_diskio.o
 .debug_abbrev  0x0000325f      0x2dd build/base/Src/bsp_driver_sd.o
 .debug_abbrev  0x0000353c      0x128 build/base/Src/system_stm32f4xx.o
 .debug_abbrev  0x00003664      0x26b build/base/Src/stm32f4xx_it.o
 .debug_abbrev  0x000038cf      0x2aa build/base/Src/stm32f4xx_hal_msp.o
 .debug_abbrev  0x00003b79      0x257 build/base/Middlewares/Third_Party/FatFs/src/diskio.o