Archive member included to satisfy reference by file (symbol)

c:/program files (x86)/gnu tools arm embedded/6 2017-q2-update/bin/../lib/gcc/arm-none-eabi/6.3.1/../../../../arm-none-eabi/lib/thumb/v7e-m/fpv4-sp/hard\libc_nano.a(lib_a-exit.o)
                              c:/program files (x86)/gnu tools arm embedded/6 2017-q2-update/bin/../lib/gcc/arm-none-eabi/6.3.1/../../../../arm-none-eabi/lib/thumb/v7e-m/fpv4-sp/hard/crt0.o (exit)
c:/program files (x86)/gnu tools arm embedded/6 2017-q2-update/bin/../lib/gcc/arm-none-eabi/6.3.1/../../../../arm-none-eabi/lib/thumb/v7e-m/fpv4-sp/hard\libc_nano.a(lib_a-impure.o)
                              c:/program files (x86)/gnu tools arm embedded/6 2017-q2-update/bin/../lib/gcc/arm-none-eabi/6.3.1/../../../../arm-none-eabi/lib/thumb/v7e-m/fpv4-sp/hard\libc_nano.a(lib_a-exit.o) (_global_impure_ptr)
c:/program files (x86)/gnu tools arm embedded/6 2017-q2-update/bin/../lib/gcc/arm-none-eabi/6.3.1/../../../../arm-none-eabi/lib/thumb/v7e-m/fpv4-sp/hard\libc_nano.a(lib_a-init.o)
                              c:/program files (x86)/gnu tools arm embedded/6 2017-q2-update/bin/../lib/gcc/arm-none-eabi/6.3.1/../../../../arm-none-eabi/lib/thumb/v7e-m/fpv4-sp/hard/crt0.o (__libc_init_array)
c:/program files (x86)/gnu tools arm embedded/6 2017-q2-update/bin/../lib/gcc/arm-none-eabi/6.3.1/../../../../arm-none-eabi/lib/thumb/v7e-m/fpv4-sp/hard\libc_nano.a(lib_a-memcpy-stub.o)
                              build/base/Src/sd_diskio.o (memcpy)
c:/program files (x86)/gnu tools arm embedded/6 2017-q2-update/bin/../lib/gcc/arm-none-eabi/6.3.1/../../../../arm-none-eabi/lib/thumb/v7e-m/fpv4-sp/hard\libc_nano.a(lib_a-memset.o)
                              c:/program files (x86)/gnu tools arm embedded/6 2017-q2-update/bin/../lib/gcc/arm-none-eabi/6.3.1/../../../../arm-none-eabi/lib/thumb/v7e-m/fpv4-sp/hard/crt0.o (memset)
c:/program files (x86)/gnu tools arm embedded/6 2017-q2-update/bin/../lib/gcc/arm-none-eabi/6.3.1/../../../../arm-none-eabi/lib/thumb/v7e-m/fpv4-sp/hard\libc_nano.a(lib_a-nano-vfprintf_float.o)
                              (_printf_float)
c:/program files (x86)/gnu tools arm embedded/6 2017-q2-update/bin/../lib/gcc/arm-none-eabi/6.3.1/../../../../arm-none-eabi/lib/thumb/v7e-m/fpv4-sp/hard\libc_nano.a(lib_a-nano-vfprintf_i.o)
                              c:/program files (x86)/gnu tools arm embedded/6 2017-q2-update/bin/../lib/gcc/arm-none-eabi/6.3.1/../../../../arm-none-eabi/lib/thumb/v7e-m/fpv4-sp/hard\libc_nano.a(lib_a-nano-vfprintf_float.o) (_printf_common)
c:/program files (x86)/gnu tools arm embedded/6 2017-q2-update/bin/../lib/gcc/arm-none-eabi/6.3.1/../../../../arm-none-eabi/lib/thumb/v7e-m/fpv4-sp/hard\libc_nano.a(lib_a-snprintf.o)
                              build/src/app.o (snprintf)
c:/program files (x86)/gnu tools arm embedded/6 2017-q2-update/bin/../lib/gcc/arm-none-eabi/6.3.1/../../../../arm-none-eabi/lib/thumb/v7e-m/fpv4-sp/hard\libc_nano.a(lib_a-strlen.o)
                              build/src/app.o (strlen)
c:/program files (x86)/gnu tools arm embedded/6 2017-q2-update/bin/../lib/gcc/arm-none-eabi/6.3.1/../../../../arm-none-eabi/lib/thumb/v7e-m/fpv4-sp/hard\libc_nano.a(lib_a-vsnprintf.o)
                              build/src/debug.o (vsnprintf)
c:/program files (x86)/gnu tools arm embedded/6 2017-q2-update/bin/../lib/gcc/arm-none-eabi/6.3.1/../../../../arm-none-eabi/lib/thumb/v7e-m/fpv4-sp/hard\libc_nano.a(lib_a-dtoa.o)
                              c:/program files (x86)/gnu tools arm embedded/6 2017-q2-update/bin/../lib/gcc/arm-none-eabi/6.3.1/../../../../arm-none-eabi/lib/thumb/v7e-m/fpv4-sp/hard\libc_nano.a(lib_a-nano-vfprintf_float.o) (_dtoa_r)
c:/program files (x86)/gnu tools arm embedded/6 2017-q2-update/bin/../lib/gcc/arm-none-eabi/6.3.1/../../../../arm-none-eabi/lib/thumb/v7e-m/fpv4-sp/hard\libc_nano.a(lib_a-localeconv.o)
                              c:/program files (x86)/gnu tools arm embedded/6 2017-q2-update/bin/../lib/gcc/arm-none-eabi/6.3.1/../../../../arm-none-eabi/lib/thumb/v7e-m/fpv4-sp/hard\libc_nano.a(lib_a-nano-vfprintf_float.o) (_localeconv_r)
c:/program files (x86)/gnu tools arm embedded/6 2017-q2-update/bin/../lib/gcc/arm-none-eabi/6.3.1/../../../../arm-none-eabi/lib/thumb/v7e-m/fpv4-sp/hard\libc_nano.a(lib_a-malloc.o)
                              c:/program files (x86)/gnu tools arm embedded/6 2017-q2-update/bin/../lib/gcc/arm-none-eabi/6.3.1/../../../../arm-none-eabi/lib/thumb/v7e-m/fpv4-sp/hard\libc_nano.a(lib_a-dtoa.o) (malloc)
c:/program files (x86)/gnu tools arm embedded/6 2017-q2-update/bin/../lib/gcc/arm-none-eabi/6.3.1/../../../../arm-none-eabi/lib/thumb/v7e-m/fpv4-sp/hard\libc_nano.a(lib_a-memchr.o)
                              c:/program files (x86)/gnu tools arm embedded/6 2017-q2-update/bin/../lib/gcc/arm-none-eabi/6.3.1/../../../../arm-none-eabi/lib/thumb/v7e-m/fpv4-sp/hard\libc_nano.a(lib_a-nano-vfprintf_i.o) (memchr)
[...]
Memory Configuration

Name             Origin             Length             Attributes
RAM              0x20000000         0x00020000         xrw
CCMRAM           0x10000000         0x00010000         rw
FLASH            0x08000000         0x00100000         xr
*default*        0x00000000         0xffffffff

Linker script and memory map

LOAD c:/program files (x86)/gnu tools arm embedded/6 2017-q2-update/bin/../lib/gcc/arm-none-eabi/6.3.1/thumb/v7e-m/fpv4-sp/hard/crti.o
LOAD c:/program files (x86)/gnu tools arm embedded/6 2017-q2-update/bin/../lib/gcc/arm-none-eabi/6.3.1/thumb/v7e-m/fpv4-sp/hard/crtbegin.o
LOAD c:/program files (x86)/gnu tools arm embedded/6 2017-q2-update/bin/../lib/gcc/arm-none-eabi/6.3.1/../../../../arm-none-eabi/lib/thumb/v7e-m/fpv4-sp/hard/crt0.o
LOAD build/startup_stm32f405xx.o
LOAD build/base/Drivers/STM32F4xx_HAL_Driver/Src/stm32f4xx_hal.o
LOAD build/base/Drivers/STM32F4xx_HAL_Driver/Src/stm32f4xx_hal_adc.o
LOAD build/base/Drivers/STM32F4xx_HAL_Driver/Src/stm32f4xx_hal_cortex.o
LOAD build/base/Drivers/STM32F4xx_HAL_Driver/Src/stm32f4xx_hal_crc.o
LOAD build/base/Drivers/STM32F4xx_HAL_Driver/Src/stm32f4xx_hal_dma.o
LOAD build/base/Drivers/STM32F4xx_HAL_Driver/Src/stm32f4xx_hal_dma_ex.o
LOAD build/base/Drivers/STM32F4xx_HAL_Driver/Src/stm32f4xx_hal_exti.o
LOAD build/base/Drivers/STM32F4xx_HAL_Driver/Src/stm32f4xx_hal_flash.o
LOAD build/base/Drivers/STM32F4xx_HAL_Driver/Src/stm32f4xx_hal_flash_ex.o
LOAD build/base/Drivers/STM32F4xx_HAL_Driver/Src/stm32f4xx_hal_gpio.o
LOAD build/base/Drivers/STM32F4xx_HAL_Driver/Src/stm32f4xx_hal_i2c.o
LOAD build/base/Drivers/STM32F4xx_HAL_Driver/Src/stm32f4xx_hal_i2c_ex.o
LOAD build/base/Drivers/STM32F4xx_HAL_Driver/Src/stm32f4xx_hal_iwdg.o
LOAD build/base/Drivers/STM32F4xx_HAL_Driver/Src/stm32f4xx_hal_sd.o
LOAD build/base/Drivers/STM32F4xx_HAL_Driver/Src/stm32f4xx_ll_sdmmc.o
LOAD build/base/Drivers/STM32F4xx_HAL_Driver/Src/stm32f4xx_hal_pwr.o
LOAD build/base/Drivers/STM32F4xx_HAL_Driver/Src/stm32f4xx_hal_pwr_ex.o
LOAD build/base/Drivers/STM32F4xx_HAL_Driver/Src/stm32f4xx_hal_rcc.o
LOAD build/base/Drivers/STM32F4xx_HAL_Driver/Src/stm32f4xx_hal_rcc_ex.o
LOAD build/base/Drivers/STM32F4xx_HAL_Driver/Src/stm32f4xx_hal_rng.o
LOAD build/base/Drivers/STM32F4xx_HAL_Driver/Src/stm32f4xx_hal_tim.o
LOAD build/base/Drivers/STM32F4xx_HAL_Driver/Src/stm32f4xx_hal_tim_ex.o
LOAD build/base/Drivers/STM32F4xx_HAL_Driver/Src/stm32f4xx_hal_uart.o
LOAD build/base/Src/main.o
LOAD build/base/Src/fatfs.o
LOAD build/base/Src/fatfs_platform.o
LOAD build/base/Src/sd_diskio.o
LOAD build/base/Src/bsp_driver_sd.o
LOAD build/base/Src/system_stm32f4xx.o
LOAD build/base/Src/stm32f4xx_it.o
LOAD build/base/Src/stm32f4xx_hal_msp.o
LOAD build/base/Middlewares/Third_Party/FatFs/src/diskio.o
LOAD build/base/Middlewares/Third_Party/FatFs/src/ff_gen_drv.o
LOAD build/base/Middlewares/Third_Party/FatFs/src/ff.o
LOAD build/src/adc.o
LOAD build/src/ws2812.o
LOAD build/src/app.o
LOAD build/src/debug.o
LOAD build/src/phys_engine.o
LOAD build/src/console.o
LOAD build/src/dm.o
LOAD c:/program files (x86)/gnu tools arm embedded/6 2017-q2-update/bin/../lib/gcc/arm-none-eabi/6.3.1/../../../../arm-none-eabi/lib/thumb/v7e-m/fpv4-sp/hard\libc_nano.a
LOAD c:/program files (x86)/gnu tools arm embedded/6 2017-q2-update/bin/../lib/gcc/arm-none-eabi/6.3.1/../../../../arm-none-eabi/lib/thumb/v7e-m/fpv4-sp/hard\libm.a
LOAD c:/program files (x86)/gnu tools arm embedded/6 2017-q2-update/bin/../lib/gcc/arm-none-eabi/6.3.1/../../../../arm-none-eabi/lib/thumb/v7e-m/fpv4-sp/hard\libnosys.a
START GROUP
LOAD c:/program files (x86)/gnu tools arm embedded/6 2017-q2-update/bin/../lib/gcc/arm-none-eabi/6.3.1/thumb/v7e-m/fpv4-sp/hard\libgcc.a
LOAD c:/program files (x86)/gnu tools arm embedded/6 2017-q2-update/bin/../lib/gcc/arm-none-eabi/6.3.1/../../../../arm-none-eabi/lib/thumb/v7e-m/fpv4-sp/hard\libc_nano.a
END GROUP
START GROUP
LOAD c:/program files (x86)/gnu tools arm embedded/6 2017-q2-update/bin/../lib/gcc/arm-none-eabi/6.3.1/thumb/v7e-m/fpv4-sp/hard\libgcc.a
LOAD c:/program files (x86)/gnu tools arm embedded/6 2017-q2-update/bin/../lib/gcc/arm-none-eabi/6.3.1/../../../../arm-none-eabi/lib/thumb/v7e-m/fpv4-sp/hard\libc_nano.a
END GROUP
LOAD c:/program files (x86)/gnu tools arm embedded/6 2017-q2-update/bin/../lib/gcc/arm-none-eabi/6.3.1/thumb/v7e-m/fpv4-sp/hard/crtend.o
LOAD c:/program files (x86)/gnu tools arm embedded/6 2017-q2-update/bin/../lib/gcc/arm-none-eabi/6.3.1/thumb/v7e-m/fpv4-sp/hard/crtn.o
                0x20020000                _estack = 0x20020000
                0x00000200                _Min_Heap_Size = 0x200
                0x00000400                _Min_Stack_Size = 0x400

.isr_vector     0x08000000      0x188
                0x08000000                . = ALIGN (0x4)
 *(.isr_vector)
 .isr_vector    0x08000000      0x188 build/startup_stm32f405xx.o
                0x08000000                g_pfnVectors
                0x08000188                . = ALIGN (0x4)

.text           0x08000190     0xc804
                0x08000190                . = ALIGN (0x4)
 *(.text)
 .text          0x08000190       0x6c c:/program files (x86)/gnu tools arm embedded/6 2017-q2-update/bin/../lib/gcc/arm-none-eabi/6.3.1/thumb/v7e-m/fpv4-sp/hard/crtbegin.o
 .text          0x080001fc       0x10 c:/program files (x86)/gnu tools arm embedded/6 2017-q2-update/bin/../lib/gcc/arm-none-eabi/6.3.1/../../../../arm-none-eabi/lib/thumb/v7e-m/fpv4-sp/hard\libc_nano.a(lib_a-strlen.o)
                0x080001fc                strlen
 *fill*         0x0800020c        0x4 
 .text          0x08000210       0xa0 c:/program files (x86)/gnu tools arm embedded/6 2017-q2-update/bin/../lib/gcc/arm-none-eabi/6.3.1/../../../../arm-none-eabi/lib/thumb/v7e-m/fpv4-sp/hard\libc_nano.a(lib_a-memchr.o)
                0x08000210                memchr
 .text          0x080002b0      0x370 c:/program files (x86)/gnu tools arm embedded/6 2017-q2-update/bin/../lib/gcc/arm-none-eabi/6.3.1/thumb/v7e-m/fpv4-sp/hard\libgcc.a(_arm_addsubdf3.o)
                0x080002b0                __aeabi_drsub
                0x080002b8                __aeabi_dsub
                0x080002b8                __subdf3
                0x080002bc                __aeabi_dadd
                0x080002bc                __adddf3
                0x08000534                __floatunsidf
                0x08000534                __aeabi_ui2d
                0x08000554                __floatsidf
                0x08000554                __aeabi_i2d
                0x08000578                __aeabi_f2d
                0x08000578                __extendsfdf2
                0x080005b4                __floatundidf
                0x080005b4                __aeabi_ul2d
                0x080005c4                __floatdidf
                0x080005c4                __aeabi_l2d
 .text          0x08000620      0x424 c:/program files (x86)/gnu tools arm embedded/6 2017-q2-update/bin/../lib/gcc/arm-none-eabi/6.3.1/thumb/v7e-m/fpv4-sp/hard\libgcc.a(_arm_muldivdf3.o)
                0x08000620                __aeabi_dmul
                0x08000620                __muldf3
                0x08000874                __divdf3
                0x08000874                __aeabi_ddiv
 .text          0x08000a44      0x110 c:/program files (x86)/gnu tools arm embedded/6 2017-q2-update/bin/../lib/gcc/arm-none-eabi/6.3.1/thumb/v7e-m/fpv4-sp/hard\libgcc.a(_arm_cmpdf2.o)
                0x08000a44                __gtdf2
                0x08000a44                __gedf2
                0x08000a4c                __ltdf2
                0x08000a4c                __ledf2
                0x08000a54                __nedf2
                0x08000a54                __eqdf2
                0x08000a54                __cmpdf2
                0x08000ad0                __aeabi_cdrcmple
                0x08000ae0                __aeabi_cdcmpeq
                0x08000ae0                __aeabi_cdcmple
                0x08000af0                __aeabi_dcmpeq
                0x08000b04                __aeabi_dcmplt
                0x08000b18                __aeabi_dcmple
                0x08000b2c                __aeabi_dcmpge
                0x08000b40                __aeabi_dcmpgt
 .text          0x08000b54       0x2c c:/program files (x86)/gnu tools arm embedded/6 2017-q2-update/bin/../lib/gcc/arm-none-eabi/6.3.1/thumb/v7e-m/fpv4-sp/hard\libgcc.a(_arm_unorddf2.o)
                0x08000b54                __unorddf2
                0x08000b54                __aeabi_dcmpun
 .text          0x08000b80       0x50 c:/program files (x86)/gnu tools arm embedded/6 2017-q2-update/bin/../lib/gcc/arm-none-eabi/6.3.1/thumb/v7e-m/fpv4-sp/hard\libgcc.a(_arm_fixdfsi.o)
                0x08000b80                __aeabi_d2iz
                0x08000b80                __fixdfsi
 .text          0x08000bd0       0xa0 c:/program files (x86)/gnu tools arm embedded/6 2017-q2-update/bin/../lib/gcc/arm-none-eabi/6.3.1/thumb/v7e-m/fpv4-sp/hard\libgcc.a(_arm_truncdfsf2.o)
                0x08000bd0                __truncdfsf2
                0x08000bd0                __aeabi_d2f
 .text          0x08000c70       0x30 c:/program files (x86)/gnu tools arm embedded/6 2017-q2-update/bin/../lib/gcc/arm-none-eabi/6.3.1/thumb/v7e-m/fpv4-sp/hard\libgcc.a(_aeabi_uldivmod.o)
                0x08000c70                __aeabi_uldivmod
 .text          0x08000ca0      0x2dc c:/program files (x86)/gnu tools arm embedded/6 2017-q2-update/bin/../lib/gcc/arm-none-eabi/6.3.1/thumb/v7e-m/fpv4-sp/hard\libgcc.a(_udivmoddi4.o)
                0x08000ca0                __udivmoddi4
 .text          0x08000f7c        0x4 c:/program files (x86)/gnu tools arm embedded/6 2017-q2-update/bin/../lib/gcc/arm-none-eabi/6.3.1/thumb/v7e-m/fpv4-sp/hard\libgcc.a(_dvmd_tls.o)
                0x08000f7c                __aeabi_idiv0
                0x08000f7c                __aeabi_ldiv0
 *(.text*)
 .text.Reset_Handler
                0x08000f80       0x50 build/startup_stm32f405xx.o
                0x08000f80                Reset_Handler
 .text.Default_Handler
                0x08000fd0        0x2 build/startup_stm32f405xx.o
                0x08000fd0                RTC_Alarm_IRQHandler
                0x08000fd0                HASH_RNG_IRQHandler
                0x08000fd0                EXTI2_IRQHandler
                0x08000fd0                TIM8_CC_IRQHandler
                0x08000fd0                TIM1_CC_IRQHandler
                0x08000fd0                DMA2_Stream5_IRQHandler
                0x08000fd0                DMA1_Stream5_IRQHandler
                0x08000fd0                PVD_IRQHandler
                0x08000fd0                TAMP_STAMP_IRQHandler
                0x08000fd0                CAN2_RX1_IRQHandler
                0x08000fd0                EXTI3_IRQHandler
                0x08000fd0                TIM8_TRG_COM_TIM14_IRQHandler
                0x08000fd0                TIM1_UP_TIM10_IRQHandler
                0x08000fd0                TIM8_UP_TIM13_IRQHandler
                0x08000fd0                I2C3_ER_IRQHandler
                0x08000fd0                EXTI0_IRQHandler
                0x08000fd0                I2C2_EV_IRQHandler
                0x08000fd0                DMA1_Stream2_IRQHandler
                0x08000fd0                CAN1_RX0_IRQHandler
                0x08000fd0                FPU_IRQHandler
                0x08000fd0                OTG_HS_WKUP_IRQHandler
                0x08000fd0                CAN2_SCE_IRQHandler
                0x08000fd0                DMA2_Stream2_IRQHandler
                0x08000fd0                SPI1_IRQHandler
                0x08000fd0                TIM6_DAC_IRQHandler
                0x08000fd0                TIM1_BRK_TIM9_IRQHandler
                0x08000fd0                CAN2_RX0_IRQHandler
                0x08000fd0                USART6_IRQHandler
                0x08000fd0                USART3_IRQHandler
                0x08000fd0                CAN1_RX1_IRQHandler
                0x08000fd0                UART5_IRQHandler
                0x08000fd0                TIM4_IRQHandler
                0x08000fd0                I2C1_EV_IRQHandler
                0x08000fd0                DMA1_Stream6_IRQHandler
                0x08000fd0                DMA1_Stream1_IRQHandler
                0x08000fd0                UART4_IRQHandler
                0x08000fd0                TIM3_IRQHandler
                0x08000fd0                RCC_IRQHandler
                0x08000fd0                TIM8_BRK_TIM12_IRQHandler
                0x08000fd0                Default_Handler
                0x08000fd0                EXTI15_10_IRQHandler
                0x08000fd0                ADC_IRQHandler
                0x08000fd0                DMA1_Stream7_IRQHandler
                0x08000fd0                TIM7_IRQHandler
                0x08000fd0                CAN2_TX_IRQHandler
                0x08000fd0                TIM5_IRQHandler
                0x08000fd0                DMA2_Stream7_IRQHandler
                0x08000fd0                I2C3_EV_IRQHandler
                0x08000fd0                EXTI9_5_IRQHandler
                0x08000fd0                RTC_WKUP_IRQHandler
                0x08000fd0                SPI2_IRQHandler
                0x08000fd0                OTG_HS_EP1_IN_IRQHandler
                0x08000fd0                DMA1_Stream0_IRQHandler
                0x08000fd0                CAN1_TX_IRQHandler
                0x08000fd0                EXTI4_IRQHandler
                0x08000fd0                FSMC_IRQHandler
                0x08000fd0                OTG_HS_EP1_OUT_IRQHandler
                0x08000fd0                WWDG_IRQHandler
                0x08000fd0                TIM2_IRQHandler
                0x08000fd0                OTG_FS_WKUP_IRQHandler
                0x08000fd0                TIM1_TRG_COM_TIM11_IRQHandler
                0x08000fd0                OTG_HS_IRQHandler
                0x08000fd0                EXTI1_IRQHandler
                0x08000fd0                I2C2_ER_IRQHandler
                0x08000fd0                CAN1_SCE_IRQHandler
                0x08000fd0                FLASH_IRQHandler
                0x08000fd0                DMA2_Stream4_IRQHandler
                0x08000fd0                USART1_IRQHandler
                0x08000fd0                OTG_FS_IRQHandler
                0x08000fd0                SPI3_IRQHandler
                0x08000fd0                DMA1_Stream4_IRQHandler
                0x08000fd0                I2C1_ER_IRQHandler
                0x08000fd0                DMA1_Stream3_IRQHandler
 *fill*         0x08000fd2        0x2 
 .text.HAL_InitTick
                0x08000fd4       0x48 build/base/Drivers/STM32F4xx_HAL_Driver/Src/stm32f4xx_hal.o
                0x08000fd4                HAL_InitTick
 .text.HAL_Init
                0x0800101c       0x34 build/base/Drivers/STM32F4xx_HAL_Driver/Src/stm32f4xx_hal.o
                0x0800101c                HAL_Init
 .text.HAL_IncTick
                0x08001050       0x18 build/base/Drivers/STM32F4xx_HAL_Driver/Src/stm32f4xx_hal.o
                0x08001050                HAL_IncTick
 .text.HAL_GetTick
                0x08001068        0xc build/base/Drivers/STM32F4xx_HAL_Driver/Src/stm32f4xx_hal.o
                0x08001068                HAL_GetTick
 .text.HAL_Delay
                0x08001074       0x24 build/base/Drivers/STM32F4xx_HAL_Driver/Src/stm32f4xx_hal.o
                0x08001074                HAL_Delay
 .text.HAL_ADC_Init
                0x08001098      0x160 build/base/Drivers/STM32F4xx_HAL_Driver/Src/stm32f4xx_hal_adc.o
                0x08001098                HAL_ADC_Init
 .text.HAL_ADC_Start
                0x080011f8       0xfc build/base/Drivers/STM32F4xx_HAL_Driver/Src/stm32f4xx_hal_adc.o
                0x080011f8                HAL_ADC_Start
 .text.HAL_ADC_Start_DMA
                0x080012f4      0x134 build/base/Drivers/STM32F4xx_HAL_Driver/Src/stm32f4xx_hal_adc.o
                0x080012f4                HAL_ADC_Start_DMA
 .text.HAL_ADC_ConvCpltCallback
                0x08001428        0x4 build/base/Drivers/STM32F4xx_HAL_Driver/Src/stm32f4xx_hal_adc.o
                0x08001428                HAL_ADC_ConvCpltCallback
 .text.HAL_ADC_ConvHalfCpltCallback
                0x0800142c        0x4 build/base/Drivers/STM32F4xx_HAL_Driver/Src/stm32f4xx_hal_adc.o
                0x0800142c                HAL_ADC_ConvHalfCpltCallback
 .text.ADC_DMAHalfConvCplt
                0x08001430        0xc build/base/Drivers/STM32F4xx_HAL_Driver/Src/stm32f4xx_hal_adc.o
 .text.HAL_ADC_ErrorCallback
                0x0800143c        0x4 build/base/Drivers/STM32F4xx_HAL_Driver/Src/stm32f4xx_hal_adc.o
                0x0800143c                HAL_ADC_ErrorCallback
 .text.ADC_DMAError
                0x08001440       0x18 build/base/Drivers/STM32F4xx_HAL_Driver/Src/stm32f4xx_hal_adc.o
 .text.ADC_DMAConvCplt
                0x08001458       0x6c build/base/Drivers/STM32F4xx_HAL_Driver/Src/stm32f4xx_hal_adc.o
 .text.HAL_ADC_ConfigChannel
                0x080014c4      0x144 build/base/Drivers/STM32F4xx_HAL_Driver/Src/stm32f4xx_hal_adc.o
                0x080014c4                HAL_ADC_ConfigChannel
 .text.HAL_NVIC_SetPriorityGrouping
                0x08001608       0x24 build/base/Drivers/STM32F4xx_HAL_Driver/Src/stm32f4xx_hal_cortex.o
                0x08001608                HAL_NVIC_SetPriorityGrouping
 .text.HAL_NVIC_SetPriority
                0x0800162c       0x6c build/base/Drivers/STM32F4xx_HAL_Driver/Src/stm32f4xx_hal_cortex.o
                0x0800162c                HAL_NVIC_SetPriority
 .text.HAL_NVIC_EnableIRQ
                0x08001698       0x1c build/base/Drivers/STM32F4xx_HAL_Driver/Src/stm32f4xx_hal_cortex.o
                0x08001698                HAL_NVIC_EnableIRQ
 .text.HAL_SYSTICK_Config
                0x080016b4       0x34 build/base/Drivers/STM32F4xx_HAL_Driver/Src/stm32f4xx_hal_cortex.o
                0x080016b4                HAL_SYSTICK_Config
 .text.HAL_CRC_Init
                0x080016e8       0x28 build/base/Drivers/STM32F4xx_HAL_Driver/Src/stm32f4xx_hal_crc.o
                0x080016e8                HAL_CRC_Init
 .text.HAL_DMA_Init
                0x08001710      0x134 build/base/Drivers/STM32F4xx_HAL_Driver/Src/stm32f4xx_hal_dma.o
                0x08001710                HAL_DMA_Init
 .text.HAL_DMA_Start_IT
                0x08001844       0x7c build/base/Drivers/STM32F4xx_HAL_Driver/Src/stm32f4xx_hal_dma.o
                0x08001844                HAL_DMA_Start_IT
 .text.HAL_DMA_Abort_IT
                0x080018c0       0x24 build/base/Drivers/STM32F4xx_HAL_Driver/Src/stm32f4xx_hal_dma.o
                0x080018c0                HAL_DMA_Abort_IT
 .text.HAL_DMA_IRQHandler
                0x080018e4      0x1a0 build/base/Drivers/STM32F4xx_HAL_Driver/Src/stm32f4xx_hal_dma.o
                0x080018e4                HAL_DMA_IRQHandler
 .text.HAL_DMA_GetError
                0x08001a84        0x4 build/base/Drivers/STM32F4xx_HAL_Driver/Src/stm32f4xx_hal_dma.o
                0x08001a84                HAL_DMA_GetError
 .text.HAL_GPIO_Init
                0x08001a88      0x250 build/base/Drivers/STM32F4xx_HAL_Driver/Src/stm32f4xx_hal_gpio.o
                0x08001a88                HAL_GPIO_Init
 .text.HAL_GPIO_ReadPin
                0x08001cd8        0xc build/base/Drivers/STM32F4xx_HAL_Driver/Src/stm32f4xx_hal_gpio.o
                0x08001cd8                HAL_GPIO_ReadPin
 .text.HAL_GPIO_WritePin
                0x08001ce4        0x8 build/base/Drivers/STM32F4xx_HAL_Driver/Src/stm32f4xx_hal_gpio.o
                0x08001ce4                HAL_GPIO_WritePin
 .text.HAL_I2C_Init
                0x08001cec      0x180 build/base/Drivers/STM32F4xx_HAL_Driver/Src/stm32f4xx_hal_i2c.o
                0x08001cec                HAL_I2C_Init
 .text.HAL_I2C_Master_Transmit
                0x08001e6c      0x314 build/base/Drivers/STM32F4xx_HAL_Driver/Src/stm32f4xx_hal_i2c.o
                0x08001e6c                HAL_I2C_Master_Transmit
 .text.HAL_I2C_Master_Receive
                0x08002180      0x490 build/base/Drivers/STM32F4xx_HAL_Driver/Src/stm32f4xx_hal_i2c.o
                0x08002180                HAL_I2C_Master_Receive
 .text.HAL_IWDG_Init
                0x08002610       0x48 build/base/Drivers/STM32F4xx_HAL_Driver/Src/stm32f4xx_hal_iwdg.o
                0x08002610                HAL_IWDG_Init
 .text.HAL_IWDG_Refresh
                0x08002658        0xc build/base/Drivers/STM32F4xx_HAL_Driver/Src/stm32f4xx_hal_iwdg.o
                0x08002658                HAL_IWDG_Refresh
 .text.SD_DMATransmitCplt
                0x08002664       0x10 build/base/Drivers/STM32F4xx_HAL_Driver/Src/stm32f4xx_hal_sd.o
 .text.SD_FindSCR
                0x08002674       0xdc build/base/Drivers/STM32F4xx_HAL_Driver/Src/stm32f4xx_hal_sd.o
 .text.HAL_SD_ReadBlocks_DMA
                0x08002750      0x14c build/base/Drivers/STM32F4xx_HAL_Driver/Src/stm32f4xx_hal_sd.o
                0x08002750                HAL_SD_ReadBlocks_DMA
 .text.HAL_SD_WriteBlocks_DMA
                0x0800289c      0x164 build/base/Drivers/STM32F4xx_HAL_Driver/Src/stm32f4xx_hal_sd.o
                0x0800289c                HAL_SD_WriteBlocks_DMA
 .text.HAL_SD_ErrorCallback
                0x08002a00        0x4 build/base/Drivers/STM32F4xx_HAL_Driver/Src/stm32f4xx_hal_sd.o
                0x08002a00                HAL_SD_ErrorCallback
 .text.SD_DMAReceiveCplt
                0x08002a04       0x44 build/base/Drivers/STM32F4xx_HAL_Driver/Src/stm32f4xx_hal_sd.o
 .text.SD_DMAError
                0x08002a48       0x84 build/base/Drivers/STM32F4xx_HAL_Driver/Src/stm32f4xx_hal_sd.o
 .text.SD_DMARxAbort
                0x08002acc       0x64 build/base/Drivers/STM32F4xx_HAL_Driver/Src/stm32f4xx_hal_sd.o
 .text.HAL_SD_IRQHandler
                0x08002b30      0x26c build/base/Drivers/STM32F4xx_HAL_Driver/Src/stm32f4xx_hal_sd.o
                0x08002b30                HAL_SD_IRQHandler
 .text.SD_DMATxAbort
                0x08002d9c       0x64 build/base/Drivers/STM32F4xx_HAL_Driver/Src/stm32f4xx_hal_sd.o
 .text.HAL_SD_GetCardCSD
                0x08002e00      0x174 build/base/Drivers/STM32F4xx_HAL_Driver/Src/stm32f4xx_hal_sd.o
                0x08002e00                HAL_SD_GetCardCSD
 .text.HAL_SD_Init
                0x08002f74      0x214 build/base/Drivers/STM32F4xx_HAL_Driver/Src/stm32f4xx_hal_sd.o
                0x08002f74                HAL_SD_Init
 .text.HAL_SD_GetCardInfo
                0x08003188       0x28 build/base/Drivers/STM32F4xx_HAL_Driver/Src/stm32f4xx_hal_sd.o
                0x08003188                HAL_SD_GetCardInfo
 .text.HAL_SD_ConfigWideBusOperation
                0x080031b0      0x120 build/base/Drivers/STM32F4xx_HAL_Driver/Src/stm32f4xx_hal_sd.o
                0x080031b0                HAL_SD_ConfigWideBusOperation
 .text.HAL_SD_GetCardState
                0x080032d0       0x28 build/base/Drivers/STM32F4xx_HAL_Driver/Src/stm32f4xx_hal_sd.o
                0x080032d0                HAL_SD_GetCardState
 .text.SDMMC_GetCmdResp1.part.2
                0x080032f8       0xc8 build/base/Drivers/STM32F4xx_HAL_Driver/Src/stm32f4xx_ll_sdmmc.o
 .text.SDIO_Init
                0x080033c0       0x38 build/base/Drivers/STM32F4xx_HAL_Driver/Src/stm32f4xx_ll_sdmmc.o
                0x080033c0                SDIO_Init
 .text.SDIO_ReadFIFO
                0x080033f8        0x8 build/base/Drivers/STM32F4xx_HAL_Driver/Src/stm32f4xx_ll_sdmmc.o
                0x080033f8                SDIO_ReadFIFO
 .text.SDIO_WriteFIFO
                0x08003400        0xc build/base/Drivers/STM32F4xx_HAL_Driver/Src/stm32f4xx_ll_sdmmc.o
                0x08003400                SDIO_WriteFIFO
 .text.SDIO_PowerState_ON
                0x0800340c       0x10 build/base/Drivers/STM32F4xx_HAL_Driver/Src/stm32f4xx_ll_sdmmc.o
                0x0800340c                SDIO_PowerState_ON
 .text.SDIO_GetPowerState
                0x0800341c        0x8 build/base/Drivers/STM32F4xx_HAL_Driver/Src/stm32f4xx_ll_sdmmc.o
                0x0800341c                SDIO_GetPowerState
 .text.SDIO_GetResponse
                0x08003424        0x8 build/base/Drivers/STM32F4xx_HAL_Driver/Src/stm32f4xx_ll_sdmmc.o
                0x08003424                SDIO_GetResponse
 .text.SDIO_ConfigData
                0x0800342c       0x28 build/base/Drivers/STM32F4xx_HAL_Driver/Src/stm32f4xx_ll_sdmmc.o
                0x0800342c                SDIO_ConfigData
 .text.SDMMC_CmdBlockLength
                0x08003454       0x78 build/base/Drivers/STM32F4xx_HAL_Driver/Src/stm32f4xx_ll_sdmmc.o
                0x08003454                SDMMC_CmdBlockLength
 .text.SDMMC_CmdReadSingleBlock
                0x080034cc       0x7c build/base/Drivers/STM32F4xx_HAL_Driver/Src/stm32f4xx_ll_sdmmc.o
                0x080034cc                SDMMC_CmdReadSingleBlock
 .text.SDMMC_CmdReadMultiBlock
                0x08003548       0x7c build/base/Drivers/STM32F4xx_HAL_Driver/Src/stm32f4xx_ll_sdmmc.o
                0x08003548                SDMMC_CmdReadMultiBlock
 .text.SDMMC_CmdWriteSingleBlock
                0x080035c4       0x78 build/base/Drivers/STM32F4xx_HAL_Driver/Src/stm32f4xx_ll_sdmmc.o
                0x080035c4                SDMMC_CmdWriteSingleBlock
 .text.SDMMC_CmdWriteMultiBlock
                0x0800363c       0x7c build/base/Drivers/STM32F4xx_HAL_Driver/Src/stm32f4xx_ll_sdmmc.o
                0x0800363c                SDMMC_CmdWriteMultiBlock
 .text.SDMMC_CmdStopTransfer
                0x080036b8       0x90 build/base/Drivers/STM32F4xx_HAL_Driver/Src/stm32f4xx_ll_sdmmc.o
                0x080036b8                SDMMC_CmdStopTransfer
 .text.SDMMC_CmdSelDesel
                0x08003748       0x7c build/base/Drivers/STM32F4xx_HAL_Driver/Src/stm32f4xx_ll_sdmmc.o
                0x08003748                SDMMC_CmdSelDesel
 .text.SDMMC_CmdGoIdleState
                0x080037c4       0x4c build/base/Drivers/STM32F4xx_HAL_Driver/Src/stm32f4xx_ll_sdmmc.o
                0x080037c4                SDMMC_CmdGoIdleState
 .text.SDMMC_CmdOperCond
                0x08003810       0x78 build/base/Drivers/STM32F4xx_HAL_Driver/Src/stm32f4xx_ll_sdmmc.o
                0x08003810                SDMMC_CmdOperCond
 .text.SDMMC_CmdAppCommand
                0x08003888       0x7c build/base/Drivers/STM32F4xx_HAL_Driver/Src/stm32f4xx_ll_sdmmc.o
                0x08003888                SDMMC_CmdAppCommand
 .text.SDMMC_CmdAppOperCommand
                0x08003904       0x70 build/base/Drivers/STM32F4xx_HAL_Driver/Src/stm32f4xx_ll_sdmmc.o
                0x08003904                SDMMC_CmdAppOperCommand
 .text.SDMMC_CmdBusWidth
                0x08003974       0x7c build/base/Drivers/STM32F4xx_HAL_Driver/Src/stm32f4xx_ll_sdmmc.o
                0x08003974                SDMMC_CmdBusWidth
 .text.SDMMC_CmdSendSCR
                0x080039f0       0x7c build/base/Drivers/STM32F4xx_HAL_Driver/Src/stm32f4xx_ll_sdmmc.o
                0x080039f0                SDMMC_CmdSendSCR
 .text.SDMMC_CmdSendCID
                0x08003a6c       0x6c build/base/Drivers/STM32F4xx_HAL_Driver/Src/stm32f4xx_ll_sdmmc.o
                0x08003a6c                SDMMC_CmdSendCID
 .text.SDMMC_CmdSendCSD
                0x08003ad8       0x78 build/base/Drivers/STM32F4xx_HAL_Driver/Src/stm32f4xx_ll_sdmmc.o
                0x08003ad8                SDMMC_CmdSendCSD
 .text.SDMMC_CmdSetRelAdd
                0x08003b50       0xac build/base/Drivers/STM32F4xx_HAL_Driver/Src/stm32f4xx_ll_sdmmc.o
                0x08003b50                SDMMC_CmdSetRelAdd
 .text.SDMMC_CmdSendStatus
                0x08003bfc       0x7c build/base/Drivers/STM32F4xx_HAL_Driver/Src/stm32f4xx_ll_sdmmc.o
                0x08003bfc                SDMMC_CmdSendStatus
 .text.HAL_RCC_OscConfig
                0x08003c78      0x3bc build/base/Drivers/STM32F4xx_HAL_Driver/Src/stm32f4xx_hal_rcc.o
                0x08003c78                HAL_RCC_OscConfig
 .text.HAL_RCC_GetSysClockFreq
                0x08004034       0x6c build/base/Drivers/STM32F4xx_HAL_Driver/Src/stm32f4xx_hal_rcc.o
                0x08004034                HAL_RCC_GetSysClockFreq
 .text.HAL_RCC_ClockConfig
                0x080040a0      0x134 build/base/Drivers/STM32F4xx_HAL_Driver/Src/stm32f4xx_hal_rcc.o
                0x080040a0                HAL_RCC_ClockConfig
 .text.HAL_RCC_GetPCLK1Freq
                0x080041d4       0x20 build/base/Drivers/STM32F4xx_HAL_Driver/Src/stm32f4xx_hal_rcc.o
                0x080041d4                HAL_RCC_GetPCLK1Freq
 .text.HAL_RCC_GetPCLK2Freq
                0x080041f4       0x20 build/base/Drivers/STM32F4xx_HAL_Driver/Src/stm32f4xx_hal_rcc.o
                0x080041f4                HAL_RCC_GetPCLK2Freq
 .text.HAL_RNG_Init
                0x08004214       0x34 build/base/Drivers/STM32F4xx_HAL_Driver/Src/stm32f4xx_hal_rng.o
                0x08004214                HAL_RNG_Init
 .text.HAL_RNG_GetRandomNumber
                0x08004248       0x60 build/base/Drivers/STM32F4xx_HAL_Driver/Src/stm32f4xx_hal_rng.o
                0x08004248                HAL_RNG_GetRandomNumber
 .text.HAL_TIM_Base_Init
                0x080042a8      0x144 build/base/Drivers/STM32F4xx_HAL_Driver/Src/stm32f4xx_hal_tim.o
                0x080042a8                HAL_TIM_Base_Init
 .text.HAL_TIM_PWM_MspInit
                0x080043ec        0x4 build/base/Drivers/STM32F4xx_HAL_Driver/Src/stm32f4xx_hal_tim.o
                0x080043ec                HAL_TIM_PWM_MspInit
 .text.HAL_TIM_PWM_Init
                0x080043f0      0x144 build/base/Drivers/STM32F4xx_HAL_Driver/Src/stm32f4xx_hal_tim.o
                0x080043f0                HAL_TIM_PWM_Init
 .text.HAL_TIM_PWM_Start_DMA
                0x08004534      0x14c build/base/Drivers/STM32F4xx_HAL_Driver/Src/stm32f4xx_hal_tim.o
                0x08004534                HAL_TIM_PWM_Start_DMA
 .text.HAL_TIM_PWM_ConfigChannel
                0x08004680      0x20c build/base/Drivers/STM32F4xx_HAL_Driver/Src/stm32f4xx_hal_tim.o
                0x08004680                HAL_TIM_PWM_ConfigChannel
 .text.HAL_TIM_ConfigClockSource
                0x0800488c      0x14c build/base/Drivers/STM32F4xx_HAL_Driver/Src/stm32f4xx_hal_tim.o
                0x0800488c                HAL_TIM_ConfigClockSource
 .text.HAL_TIM_PWM_PulseFinishedCallback
                0x080049d8        0x4 build/base/Drivers/STM32F4xx_HAL_Driver/Src/stm32f4xx_hal_tim.o
                0x080049d8                HAL_TIM_PWM_PulseFinishedCallback
 .text.TIM_DMADelayPulseCplt
                0x080049dc       0x4c build/base/Drivers/STM32F4xx_HAL_Driver/Src/stm32f4xx_hal_tim.o
                0x080049dc                TIM_DMADelayPulseCplt
 .text.HAL_TIM_PWM_PulseFinishedHalfCpltCallback
                0x08004a28        0x4 build/base/Drivers/STM32F4xx_HAL_Driver/Src/stm32f4xx_hal_tim.o
                0x08004a28                HAL_TIM_PWM_PulseFinishedHalfCpltCallback
 .text.TIM_DMADelayPulseHalfCplt
                0x08004a2c       0x4c build/base/Drivers/STM32F4xx_HAL_Driver/Src/stm32f4xx_hal_tim.o
                0x08004a2c                TIM_DMADelayPulseHalfCplt
 .text.HAL_TIM_ErrorCallback
                0x08004a78        0x4 build/base/Drivers/STM32F4xx_HAL_Driver/Src/stm32f4xx_hal_tim.o
                0x08004a78                HAL_TIM_ErrorCallback
 .text.TIM_DMAError
                0x08004a7c       0x10 build/base/Drivers/STM32F4xx_HAL_Driver/Src/stm32f4xx_hal_tim.o
                0x08004a7c                TIM_DMAError
 .text.HAL_TIMEx_MasterConfigSynchronization
                0x08004a8c       0x8c build/base/Drivers/STM32F4xx_HAL_Driver/Src/stm32f4xx_hal_tim_ex.o
                0x08004a8c                HAL_TIMEx_MasterConfigSynchronization
 .text.HAL_TIMEx_ConfigBreakDeadTime
                0x08004b18       0x54 build/base/Drivers/STM32F4xx_HAL_Driver/Src/stm32f4xx_hal_tim_ex.o
                0x08004b18                HAL_TIMEx_ConfigBreakDeadTime
 .text.HAL_UART_Init
                0x08004b6c      0x148 build/base/Drivers/STM32F4xx_HAL_Driver/Src/stm32f4xx_hal_uart.o
                0x08004b6c                HAL_UART_Init
 .text.HAL_HalfDuplex_Init
                0x08004cb4      0x150 build/base/Drivers/STM32F4xx_HAL_Driver/Src/stm32f4xx_hal_uart.o
                0x08004cb4                HAL_HalfDuplex_Init
 .text.HAL_UART_Transmit
                0x08004e04      0x114 build/base/Drivers/STM32F4xx_HAL_Driver/Src/stm32f4xx_hal_uart.o
                0x08004e04                HAL_UART_Transmit
 .text.HAL_UART_TxCpltCallback
                0x08004f18        0x4 build/base/Drivers/STM32F4xx_HAL_Driver/Src/stm32f4xx_hal_uart.o
                0x08004f18                HAL_UART_TxCpltCallback
 .text.HAL_UART_RxCpltCallback
                0x08004f1c        0x4 build/base/Drivers/STM32F4xx_HAL_Driver/Src/stm32f4xx_hal_uart.o
                0x08004f1c                HAL_UART_RxCpltCallback
 .text.UART_Receive_IT.part.1
                0x08004f20       0x88 build/base/Drivers/STM32F4xx_HAL_Driver/Src/stm32f4xx_hal_uart.o
 .text.HAL_UART_ErrorCallback
                0x08004fa8        0x4 build/base/Drivers/STM32F4xx_HAL_Driver/Src/stm32f4xx_hal_uart.o
                0x08004fa8                HAL_UART_ErrorCallback
 .text.HAL_UART_IRQHandler
                0x08004fac      0x17c build/base/Drivers/STM32F4xx_HAL_Driver/Src/stm32f4xx_hal_uart.o
                0x08004fac                HAL_UART_IRQHandler
 .text.UART_DMAAbortOnError
                0x08005128       0x14 build/base/Drivers/STM32F4xx_HAL_Driver/Src/stm32f4xx_hal_uart.o
 .text.SystemClock_Config
                0x0800513c       0x94 build/base/Src/main.o
                0x0800513c                SystemClock_Config
 .text.startup.main
                0x080051d0      0x39c build/base/Src/main.o
                0x080051d0                main
 .text.Error_Handler
                0x0800556c        0x4 build/base/Src/main.o
                0x0800556c                Error_Handler
 .text.MX_FATFS_Init
                0x08005570       0x1c build/base/Src/fatfs.o
                0x08005570                MX_FATFS_Init
 .text.get_fattime
                0x0800558c        0x4 build/base/Src/fatfs.o
                0x0800558c                get_fattime
 .text.BSP_PlatformIsDetected
                0x08005590       0x14 build/base/Src/fatfs_platform.o
                0x08005590                BSP_PlatformIsDetected
 .text.SD_initialize
                0x080055a4       0x30 build/base/Src/sd_diskio.o
                0x080055a4                SD_initialize
 .text.SD_status
                0x080055d4       0x20 build/base/Src/sd_diskio.o
                0x080055d4                SD_status
 .text.SD_ioctl
                0x080055f4       0x58 build/base/Src/sd_diskio.o
                0x080055f4                SD_ioctl
 .text.SD_write
                0x0800564c       0xf8 build/base/Src/sd_diskio.o
                0x0800564c                SD_write
 .text.SD_read  0x08005744       0xf4 build/base/Src/sd_diskio.o
                0x08005744                SD_read
 .text.BSP_SD_WriteCpltCallback
                0x08005838        0xc build/base/Src/sd_diskio.o
                0x08005838                BSP_SD_WriteCpltCallback
 .text.BSP_SD_ReadCpltCallback
                0x08005844        0xc build/base/Src/sd_diskio.o
                0x08005844                BSP_SD_ReadCpltCallback
 .text.BSP_SD_Init
                0x08005850       0x44 build/base/Src/bsp_driver_sd.o
                0x08005850                BSP_SD_Init
 .text.BSP_SD_ReadBlocks_DMA
                0x08005894       0x1c build/base/Src/bsp_driver_sd.o
                0x08005894                BSP_SD_ReadBlocks_DMA
 .text.BSP_SD_WriteBlocks_DMA
                0x080058b0       0x1c build/base/Src/bsp_driver_sd.o
                0x080058b0                BSP_SD_WriteBlocks_DMA
 .text.BSP_SD_GetCardState
                0x080058cc       0x14 build/base/Src/bsp_driver_sd.o
                0x080058cc                BSP_SD_GetCardState
 .text.BSP_SD_GetCardInfo
                0x080058e0        0xc build/base/Src/bsp_driver_sd.o
                0x080058e0                BSP_SD_GetCardInfo
 .text.BSP_SD_AbortCallback
                0x080058ec        0x4 build/base/Src/bsp_driver_sd.o
                0x080058ec                BSP_SD_AbortCallback
 .text.HAL_SD_AbortCallback
                0x080058f0        0x8 build/base/Src/bsp_driver_sd.o
                0x080058f0                HAL_SD_AbortCallback
 .text.HAL_SD_TxCpltCallback
                0x080058f8        0x8 build/base/Src/bsp_driver_sd.o
                0x080058f8                HAL_SD_TxCpltCallback
 .text.HAL_SD_RxCpltCallback
                0x08005900        0x8 build/base/Src/bsp_driver_sd.o
                0x08005900                HAL_SD_RxCpltCallback
 .text.SystemInit
                0x08005908       0x1c build/base/Src/system_stm32f4xx.o
                0x08005908                SystemInit
 .text.NMI_Handler
                0x08005924        0x4 build/base/Src/stm32f4xx_it.o
                0x08005924                NMI_Handler
 .text.HardFault_Handler
                0x08005928        0x4 build/base/Src/stm32f4xx_it.o
                0x08005928                HardFault_Handler
 .text.MemManage_Handler
                0x0800592c        0x4 build/base/Src/stm32f4xx_it.o
                0x0800592c                MemManage_Handler
 .text.BusFault_Handler
                0x08005930        0x4 build/base/Src/stm32f4xx_it.o
                0x08005930                BusFault_Handler
 .text.UsageFault_Handler
                0x08005934        0x4 build/base/Src/stm32f4xx_it.o
                0x08005934                UsageFault_Handler
 .text.SVC_Handler
                0x08005938        0x4 build/base/Src/stm32f4xx_it.o
                0x08005938                SVC_Handler
 .text.DebugMon_Handler
                0x0800593c        0x4 build/base/Src/stm32f4xx_it.o
                0x0800593c                DebugMon_Handler
 .text.PendSV_Handler
                0x08005940        0x4 build/base/Src/stm32f4xx_it.o
                0x08005940                PendSV_Handler
 .text.SysTick_Handler
                0x08005944        0x4 build/base/Src/stm32f4xx_it.o
                0x08005944                SysTick_Handler
 .text.USART2_IRQHandler
                0x08005948        0xc build/base/Src/stm32f4xx_it.o
                0x08005948                USART2_IRQHandler
 .text.SDIO_IRQHandler
                0x08005954        0xc build/base/Src/stm32f4xx_it.o
                0x08005954                SDIO_IRQHandler
 .text.DMA2_Stream0_IRQHandler
                0x08005960       0x40 build/base/Src/stm32f4xx_it.o
                0x08005960                DMA2_Stream0_IRQHandler
 .text.DMA2_Stream1_IRQHandler
                0x080059a0       0x20 build/base/Src/stm32f4xx_it.o
                0x080059a0                DMA2_Stream1_IRQHandler
 .text.DMA2_Stream3_IRQHandler
                0x080059c0        0xc build/base/Src/stm32f4xx_it.o
                0x080059c0                DMA2_Stream3_IRQHandler
 .text.DMA2_Stream6_IRQHandler
                0x080059cc        0xc build/base/Src/stm32f4xx_it.o
                0x080059cc                DMA2_Stream6_IRQHandler
 .text.HAL_MspInit
                0x080059d8       0x38 build/base/Src/stm32f4xx_hal_msp.o
                0x080059d8                HAL_MspInit
 .text.HAL_ADC_MspInit
                0x08005a10       0xac build/base/Src/stm32f4xx_hal_msp.o
                0x08005a10                HAL_ADC_MspInit
 .text.HAL_CRC_MspInit
                0x08005abc       0x34 build/base/Src/stm32f4xx_hal_msp.o
                0x08005abc                HAL_CRC_MspInit
 .text.HAL_I2C_MspInit
                0x08005af0       0x74 build/base/Src/stm32f4xx_hal_msp.o
                0x08005af0                HAL_I2C_MspInit
 .text.HAL_RNG_MspInit
                0x08005b64       0x30 build/base/Src/stm32f4xx_hal_msp.o
                0x08005b64                HAL_RNG_MspInit
 .text.HAL_SD_MspInit
                0x08005b94      0x17c build/base/Src/stm32f4xx_hal_msp.o
                0x08005b94                HAL_SD_MspInit
 .text.HAL_TIM_Base_MspInit
                0x08005d10       0xa4 build/base/Src/stm32f4xx_hal_msp.o
                0x08005d10                HAL_TIM_Base_MspInit
 .text.HAL_TIM_MspPostInit
                0x08005db4       0x58 build/base/Src/stm32f4xx_hal_msp.o
                0x08005db4                HAL_TIM_MspPostInit
 .text.HAL_UART_MspInit
                0x08005e0c       0xd8 build/base/Src/stm32f4xx_hal_msp.o
                0x08005e0c                HAL_UART_MspInit
 .text.disk_status
                0x08005ee4       0x14 build/base/Middlewares/Third_Party/FatFs/src/diskio.o
                0x08005ee4                disk_status
 .text.disk_initialize
                0x08005ef8       0x20 build/base/Middlewares/Third_Party/FatFs/src/diskio.o
                0x08005ef8                disk_initialize
 .text.disk_read
                0x08005f18       0x1c build/base/Middlewares/Third_Party/FatFs/src/diskio.o
                0x08005f18                disk_read
 .text.disk_write
                0x08005f34       0x1c build/base/Middlewares/Third_Party/FatFs/src/diskio.o
                0x08005f34                disk_write
 .text.disk_ioctl
                0x08005f50       0x1c build/base/Middlewares/Third_Party/FatFs/src/diskio.o
                0x08005f50                disk_ioctl
 .text.FATFS_LinkDriver
                0x08005f6c       0x48 build/base/Middlewares/Third_Party/FatFs/src/ff_gen_drv.o
                0x08005f6c                FATFS_LinkDriver
 .text.unlikely.sync_window.part.6
                0x08005fb4       0x48 build/base/Middlewares/Third_Party/FatFs/src/ff.o
 .text.check_fs
                0x08005ffc       0xac build/base/Middlewares/Third_Party/FatFs/src/ff.o
 .text.unlikely.move_window
                0x080060a8       0x7e build/base/Middlewares/Third_Party/FatFs/src/ff.o
 *fill*         0x08006126        0x2 
 .text.find_volume
                0x08006128      0x434 build/base/Middlewares/Third_Party/FatFs/src/ff.o
 .text.sync_fs  0x0800655c      0x1a0 build/base/Middlewares/Third_Party/FatFs/src/ff.o
 .text.put_fat.part.8
                0x080066fc      0x2f4 build/base/Middlewares/Third_Party/FatFs/src/ff.o
 .text.remove_chain
                0x080069f0      0x328 build/base/Middlewares/Third_Party/FatFs/src/ff.o
 .text.get_fat.isra.9
                0x08006d18      0x298 build/base/Middlewares/Third_Party/FatFs/src/ff.o
 .text.create_chain
                0x08006fb0      0x3b8 build/base/Middlewares/Third_Party/FatFs/src/ff.o
 .text.dir_sdi.constprop.13
                0x08007368      0x318 build/base/Middlewares/Third_Party/FatFs/src/ff.o
 .text.dir_register
                0x08007680      0x440 build/base/Middlewares/Third_Party/FatFs/src/ff.o
 .text.follow_path
                0x08007ac0      0x338 build/base/Middlewares/Third_Party/FatFs/src/ff.o
 .text.f_mount  0x08007df8       0x84 build/base/Middlewares/Third_Party/FatFs/src/ff.o
                0x08007df8                f_mount
 .text.f_open   0x08007e7c      0x438 build/base/Middlewares/Third_Party/FatFs/src/ff.o
                0x08007e7c                f_open
 .text.f_write  0x080082b4      0x42c build/base/Middlewares/Third_Party/FatFs/src/ff.o
                0x080082b4                f_write
 .text.f_close  0x080086e0      0x198 build/base/Middlewares/Third_Party/FatFs/src/ff.o
                0x080086e0                f_close
 .text.adc_init
                0x08008878       0x30 build/src/adc.o
                0x08008878                adc_init
 .text.adc_drv_conv_complete_half
                0x080088a8        0xc build/src/adc.o
                0x080088a8                adc_drv_conv_complete_half
 .text.adc_drv_conv_complete_full
                0x080088b4        0xc build/src/adc.o
                0x080088b4                adc_drv_conv_complete_full
 .text.map      0x080088c0       0x38 build/src/adc.o
                0x080088c0                map
 .text.get_percent_battery
                0x080088f8       0x78 build/src/adc.o
                0x080088f8                get_percent_battery
 .text.ws2812_init
                0x08008970       0x28 build/src/ws2812.o
                0x08008970                ws2812_init
 .text.ws2812_push
                0x08008998      0x1e8 build/src/ws2812.o
                0x08008998                ws2812_push
 .text.ws2812_terminate
                0x08008b80       0x5c build/src/ws2812.o
                0x08008b80                ws2812_terminate
 .text.ws2812_clear
                0x08008bdc       0x10 build/src/ws2812.o
                0x08008bdc                ws2812_clear
 .text.ws2812_set_led
                0x08008bec       0x18 build/src/ws2812.o
                0x08008bec                ws2812_set_led
 .text.ws2812_set_led_recursive
                0x08008c04       0x2c build/src/ws2812.o
                0x08008c04                ws2812_set_led_recursive
 .text.hsv2rgb  0x08008c30      0x138 build/src/ws2812.o
                0x08008c30                hsv2rgb
 .text.ws2812_set_angle
                0x08008d68      0x13c build/src/ws2812.o
                0x08008d68                ws2812_set_angle
 .text.init     0x08008ea4      0x160 build/src/app.o
                0x08008ea4                init
 .text.loop     0x08009004      0x8c4 build/src/app.o
                0x08009004                loop
 .text.debug    0x080098c8       0x40 build/src/debug.o
                0x080098c8                debug
 .text.phys_engine_reset
                0x08009908       0x14 build/src/phys_engine.o
                0x08009908                phys_engine_reset
 .text.approx_atan2
                0x0800991c       0xdc build/src/phys_engine.o
                0x0800991c                approx_atan2
 .text.phys_engine_poll
                0x080099f8      0x114 build/src/phys_engine.o
                0x080099f8                phys_engine_poll
 .text.phys_engine_get_angle
                0x08009b0c        0xc build/src/phys_engine.o
                0x08009b0c                phys_engine_get_angle
 .text.phys_engine_get_w
                0x08009b18        0xc build/src/phys_engine.o
                0x08009b18                phys_engine_get_w
 .text.dm_get_mode
                0x08009b24        0xc build/src/dm.o
                0x08009b24                dm_get_mode
 .text.dm_switch_parameter
                0x08009b30       0xf0 build/src/dm.o
                0x08009b30                dm_switch_parameter
 .text.dm_init  0x08009c20      0x100 build/src/dm.o
                0x08009c20                dm_init
 .text.dm_switch_mode_vbat
                0x08009d20       0x30 build/src/dm.o
                0x08009d20                dm_switch_mode_vbat
 .text.dm_switch_mode_next
                0x08009d50       0x34 build/src/dm.o
                0x08009d50                dm_switch_mode_next
 .text.dm_poll  0x08009d84      0x718 build/src/dm.o
                0x08009d84                dm_poll
 .text.__libc_init_array
                0x0800a49c       0x48 c:/program files (x86)/gnu tools arm embedded/6 2017-q2-update/bin/../lib/gcc/arm-none-eabi/6.3.1/../../../../arm-none-eabi/lib/thumb/v7e-m/fpv4-sp/hard\libc_nano.a(lib_a-init.o)
                0x0800a49c                __libc_init_array
 .text.memcpy   0x0800a4e4       0x16 c:/program files (x86)/gnu tools arm embedded/6 2017-q2-update/bin/../lib/gcc/arm-none-eabi/6.3.1/../../../../arm-none-eabi/lib/thumb/v7e-m/fpv4-sp/hard\libc_nano.a(lib_a-memcpy-stub.o)
                0x0800a4e4                memcpy
 .text.memset   0x0800a4fa       0x10 c:/program files (x86)/gnu tools arm embedded/6 2017-q2-update/bin/../lib/gcc/arm-none-eabi/6.3.1/../../../../arm-none-eabi/lib/thumb/v7e-m/fpv4-sp/hard\libc_nano.a(lib_a-memset.o)
                0x0800a4fa                memset
 .text.__cvt    0x0800a50a       0xc2 c:/program files (x86)/gnu tools arm embedded/6 2017-q2-update/bin/../lib/gcc/arm-none-eabi/6.3.1/../../../../arm-none-eabi/lib/thumb/v7e-m/fpv4-sp/hard\libc_nano.a(lib_a-nano-vfprintf_float.o)
                0x0800a50a                __cvt
 .text.__exponent
                0x0800a5cc       0x6a c:/program files (x86)/gnu tools arm embedded/6 2017-q2-update/bin/../lib/gcc/arm-none-eabi/6.3.1/../../../../arm-none-eabi/lib/thumb/v7e-m/fpv4-sp/hard\libc_nano.a(lib_a-nano-vfprintf_float.o)
                0x0800a5cc                __exponent
 *fill*         0x0800a636        0x2 
 .text._printf_float
                0x0800a638      0x480 c:/program files (x86)/gnu tools arm embedded/6 2017-q2-update/bin/../lib/gcc/arm-none-eabi/6.3.1/../../../../arm-none-eabi/lib/thumb/v7e-m/fpv4-sp/hard\libc_nano.a(lib_a-nano-vfprintf_float.o)
                0x0800a638                _printf_float
 .text._printf_common
                0x0800aab8       0xec c:/program files (x86)/gnu tools arm embedded/6 2017-q2-update/bin/../lib/gcc/arm-none-eabi/6.3.1/../../../../arm-none-eabi/lib/thumb/v7e-m/fpv4-sp/hard\libc_nano.a(lib_a-nano-vfprintf_i.o)
                0x0800aab8                _printf_common
 .text._printf_i
                0x0800aba4      0x240 c:/program files (x86)/gnu tools arm embedded/6 2017-q2-update/bin/../lib/gcc/arm-none-eabi/6.3.1/../../../../arm-none-eabi/lib/thumb/v7e-m/fpv4-sp/hard\libc_nano.a(lib_a-nano-vfprintf_i.o)
                0x0800aba4                _printf_i
 .text.snprintf
                0x0800ade4       0x68 c:/program files (x86)/gnu tools arm embedded/6 2017-q2-update/bin/../lib/gcc/arm-none-eabi/6.3.1/../../../../arm-none-eabi/lib/thumb/v7e-m/fpv4-sp/hard\libc_nano.a(lib_a-snprintf.o)
                0x0800ade4                sniprintf
                0x0800ade4                snprintf
 .text._vsnprintf_r
                0x0800ae4c       0x58 c:/program files (x86)/gnu tools arm embedded/6 2017-q2-update/bin/../lib/gcc/arm-none-eabi/6.3.1/../../../../arm-none-eabi/lib/thumb/v7e-m/fpv4-sp/hard\libc_nano.a(lib_a-vsnprintf.o)
                0x0800ae4c                _vsniprintf_r
                0x0800ae4c                _vsnprintf_r
 .text.vsnprintf
                0x0800aea4       0x1c c:/program files (x86)/gnu tools arm embedded/6 2017-q2-update/bin/../lib/gcc/arm-none-eabi/6.3.1/../../../../arm-none-eabi/lib/thumb/v7e-m/fpv4-sp/hard\libc_nano.a(lib_a-vsnprintf.o)
                0x0800aea4                vsniprintf
                0x0800aea4                vsnprintf
 .text.quorem   0x0800aec0      0x118 c:/program files (x86)/gnu tools arm embedded/6 2017-q2-update/bin/../lib/gcc/arm-none-eabi/6.3.1/../../../../arm-none-eabi/lib/thumb/v7e-m/fpv4-sp/hard\libc_nano.a(lib_a-dtoa.o)
 .text._dtoa_r  0x0800afd8      0xb9c c:/program files (x86)/gnu tools arm embedded/6 2017-q2-update/bin/../lib/gcc/arm-none-eabi/6.3.1/../../../../arm-none-eabi/lib/thumb/v7e-m/fpv4-sp/hard\libc_nano.a(lib_a-dtoa.o)
                0x0800afd8                _dtoa_r
 .text._localeconv_r
                0x0800bb74       0x1c c:/program files (x86)/gnu tools arm embedded/6 2017-q2-update/bin/../lib/gcc/arm-none-eabi/6.3.1/../../../../arm-none-eabi/lib/thumb/v7e-m/fpv4-sp/hard\libc_nano.a(lib_a-localeconv.o)
                0x0800bb74                _localeconv_r
 .text.malloc   0x0800bb90       0x10 c:/program files (x86)/gnu tools arm embedded/6 2017-q2-update/bin/../lib/gcc/arm-none-eabi/6.3.1/../../../../arm-none-eabi/lib/thumb/v7e-m/fpv4-sp/hard\libc_nano.a(lib_a-malloc.o)
                0x0800bb90                malloc
 .text._Balloc  0x0800bba0       0x68 c:/program files (x86)/gnu tools arm embedded/6 2017-q2-update/bin/../lib/gcc/arm-none-eabi/6.3.1/../../../../arm-none-eabi/lib/thumb/v7e-m/fpv4-sp/hard\libc_nano.a(lib_a-mprec.o)
                0x0800bba0                _Balloc
 .text._Bfree   0x0800bc08       0x2e c:/program files (x86)/gnu tools arm embedded/6 2017-q2-update/bin/../lib/gcc/arm-none-eabi/6.3.1/../../../../arm-none-eabi/lib/thumb/v7e-m/fpv4-sp/hard\libc_nano.a(lib_a-mprec.o)
                0x0800bc08                _Bfree
 .text.__multadd
                0x0800bc36       0x76 c:/program files (x86)/gnu tools arm embedded/6 2017-q2-update/bin/../lib/gcc/arm-none-eabi/6.3.1/../../../../arm-none-eabi/lib/thumb/v7e-m/fpv4-sp/hard\libc_nano.a(lib_a-mprec.o)
                0x0800bc36                __multadd
 .text.__hi0bits
                0x0800bcac       0x3e c:/program files (x86)/gnu tools arm embedded/6 2017-q2-update/bin/../lib/gcc/arm-none-eabi/6.3.1/../../../../arm-none-eabi/lib/thumb/v7e-m/fpv4-sp/hard\libc_nano.a(lib_a-mprec.o)
                0x0800bcac                __hi0bits
 .text.__lo0bits
                0x0800bcea       0x5e c:/program files (x86)/gnu tools arm embedded/6 2017-q2-update/bin/../lib/gcc/arm-none-eabi/6.3.1/../../../../arm-none-eabi/lib/thumb/v7e-m/fpv4-sp/hard\libc_nano.a(lib_a-mprec.o)
                0x0800bcea                __lo0bits
 .text.__i2b    0x0800bd48       0x12 c:/program files (x86)/gnu tools arm embedded/6 2017-q2-update/bin/../lib/gcc/arm-none-eabi/6.3.1/../../../../arm-none-eabi/lib/thumb/v7e-m/fpv4-sp/hard\libc_nano.a(lib_a-mprec.o)
                0x0800bd48                __i2b
 .text.__multiply
                0x0800bd5a      0x11a c:/program files (x86)/gnu tools arm embedded/6 2017-q2-update/bin/../lib/gcc/arm-none-eabi/6.3.1/../../../../arm-none-eabi/lib/thumb/v7e-m/fpv4-sp/hard\libc_nano.a(lib_a-mprec.o)
                0x0800bd5a                __multiply
 .text.__pow5mult
                0x0800be74       0x9c c:/program files (x86)/gnu tools arm embedded/6 2017-q2-update/bin/../lib/gcc/arm-none-eabi/6.3.1/../../../../arm-none-eabi/lib/thumb/v7e-m/fpv4-sp/hard\libc_nano.a(lib_a-mprec.o)
                0x0800be74                __pow5mult
 .text.__lshift
                0x0800bf10       0xa2 c:/program files (x86)/gnu tools arm embedded/6 2017-q2-update/bin/../lib/gcc/arm-none-eabi/6.3.1/../../../../arm-none-eabi/lib/thumb/v7e-m/fpv4-sp/hard\libc_nano.a(lib_a-mprec.o)
                0x0800bf10                __lshift
 .text.__mcmp   0x0800bfb2       0x34 c:/program files (x86)/gnu tools arm embedded/6 2017-q2-update/bin/../lib/gcc/arm-none-eabi/6.3.1/../../../../arm-none-eabi/lib/thumb/v7e-m/fpv4-sp/hard\libc_nano.a(lib_a-mprec.o)
                0x0800bfb2                __mcmp
 .text.__mdiff  0x0800bfe6       0xbc c:/program files (x86)/gnu tools arm embedded/6 2017-q2-update/bin/../lib/gcc/arm-none-eabi/6.3.1/../../../../arm-none-eabi/lib/thumb/v7e-m/fpv4-sp/hard\libc_nano.a(lib_a-mprec.o)
                0x0800bfe6                __mdiff
 .text.__d2b    0x0800c0a2       0x9e c:/program files (x86)/gnu tools arm embedded/6 2017-q2-update/bin/../lib/gcc/arm-none-eabi/6.3.1/../../../../arm-none-eabi/lib/thumb/v7e-m/fpv4-sp/hard\libc_nano.a(lib_a-mprec.o)
                0x0800c0a2                __d2b
 .text._calloc_r
                0x0800c140       0x1c c:/program files (x86)/gnu tools arm embedded/6 2017-q2-update/bin/../lib/gcc/arm-none-eabi/6.3.1/../../../../arm-none-eabi/lib/thumb/v7e-m/fpv4-sp/hard\libc_nano.a(lib_a-nano-callocr.o)
                0x0800c140                _calloc_r
 .text._free_r  0x0800c15c       0x9c c:/program files (x86)/gnu tools arm embedded/6 2017-q2-update/bin/../lib/gcc/arm-none-eabi/6.3.1/../../../../arm-none-eabi/lib/thumb/v7e-m/fpv4-sp/hard\libc_nano.a(lib_a-nano-freer.o)
                0x0800c15c                _free_r
 .text._malloc_r
                0x0800c1f8       0xbc c:/program files (x86)/gnu tools arm embedded/6 2017-q2-update/bin/../lib/gcc/arm-none-eabi/6.3.1/../../../../arm-none-eabi/lib/thumb/v7e-m/fpv4-sp/hard\libc_nano.a(lib_a-nano-mallocr.o)
                0x0800c1f8                _malloc_r
 .text.__ssputs_r
                0x0800c2b4       0xb6 c:/program files (x86)/gnu tools arm embedded/6 2017-q2-update/bin/../lib/gcc/arm-none-eabi/6.3.1/../../../../arm-none-eabi/lib/thumb/v7e-m/fpv4-sp/hard\libc_nano.a(lib_a-nano-svfprintf.o)
                0x0800c2b4                __ssputs_r
 *fill*         0x0800c36a        0x2 
 .text._svfprintf_r
                0x0800c36c      0x1e8 c:/program files (x86)/gnu tools arm embedded/6 2017-q2-update/bin/../lib/gcc/arm-none-eabi/6.3.1/../../../../arm-none-eabi/lib/thumb/v7e-m/fpv4-sp/hard\libc_nano.a(lib_a-nano-svfprintf.o)
                0x0800c36c                _svfiprintf_r
                0x0800c36c                _svfprintf_r
 .text._sbrk_r  0x0800c554       0x20 c:/program files (x86)/gnu tools arm embedded/6 2017-q2-update/bin/../lib/gcc/arm-none-eabi/6.3.1/../../../../arm-none-eabi/lib/thumb/v7e-m/fpv4-sp/hard\libc_nano.a(lib_a-sbrkr.o)
                0x0800c554                _sbrk_r
 .text.__ascii_mbtowc
                0x0800c574       0x24 c:/program files (x86)/gnu tools arm embedded/6 2017-q2-update/bin/../lib/gcc/arm-none-eabi/6.3.1/../../../../arm-none-eabi/lib/thumb/v7e-m/fpv4-sp/hard\libc_nano.a(lib_a-mbtowc_r.o)
                0x0800c574                __ascii_mbtowc
 .text.memmove  0x0800c598       0x34 c:/program files (x86)/gnu tools arm embedded/6 2017-q2-update/bin/../lib/gcc/arm-none-eabi/6.3.1/../../../../arm-none-eabi/lib/thumb/v7e-m/fpv4-sp/hard\libc_nano.a(lib_a-memmove.o)
                0x0800c598                memmove
 .text.__malloc_lock
                0x0800c5cc        0x2 c:/program files (x86)/gnu tools arm embedded/6 2017-q2-update/bin/../lib/gcc/arm-none-eabi/6.3.1/../../../../arm-none-eabi/lib/thumb/v7e-m/fpv4-sp/hard\libc_nano.a(lib_a-mlock.o)
                0x0800c5cc                __malloc_lock
 .text.__malloc_unlock
                0x0800c5ce        0x2 c:/program files (x86)/gnu tools arm embedded/6 2017-q2-update/bin/../lib/gcc/arm-none-eabi/6.3.1/../../../../arm-none-eabi/lib/thumb/v7e-m/fpv4-sp/hard\libc_nano.a(lib_a-mlock.o)
                0x0800c5ce                __malloc_unlock
 .text._realloc_r
                0x0800c5d0       0x4c c:/program files (x86)/gnu tools arm embedded/6 2017-q2-update/bin/../lib/gcc/arm-none-eabi/6.3.1/../../../../arm-none-eabi/lib/thumb/v7e-m/fpv4-sp/hard\libc_nano.a(lib_a-nano-reallocr.o)
                0x0800c5d0                _realloc_r
 .text.__ascii_wctomb
                0x0800c61c       0x1a c:/program files (x86)/gnu tools arm embedded/6 2017-q2-update/bin/../lib/gcc/arm-none-eabi/6.3.1/../../../../arm-none-eabi/lib/thumb/v7e-m/fpv4-sp/hard\libc_nano.a(lib_a-wctomb_r.o)
                0x0800c61c                __ascii_wctomb
 .text._malloc_usable_size_r
                0x0800c636       0x12 c:/program files (x86)/gnu tools arm embedded/6 2017-q2-update/bin/../lib/gcc/arm-none-eabi/6.3.1/../../../../arm-none-eabi/lib/thumb/v7e-m/fpv4-sp/hard\libc_nano.a(lib_a-nano-msizer.o)
                0x0800c636                _malloc_usable_size_r
 .text.floor    0x0800c648      0x120 c:/program files (x86)/gnu tools arm embedded/6 2017-q2-update/bin/../lib/gcc/arm-none-eabi/6.3.1/../../../../arm-none-eabi/lib/thumb/v7e-m/fpv4-sp/hard\libm.a(lib_a-s_floor.o)
                0x0800c648                floor
 .text.fabsf    0x0800c768       0x10 c:/program files (x86)/gnu tools arm embedded/6 2017-q2-update/bin/../lib/gcc/arm-none-eabi/6.3.1/../../../../arm-none-eabi/lib/thumb/v7e-m/fpv4-sp/hard\libm.a(lib_a-sf_fabs.o)
                0x0800c768                fabsf
 .text.fmodf    0x0800c778       0xc0 c:/program files (x86)/gnu tools arm embedded/6 2017-q2-update/bin/../lib/gcc/arm-none-eabi/6.3.1/../../../../arm-none-eabi/lib/thumb/v7e-m/fpv4-sp/hard\libm.a(lib_a-wf_fmod.o)
                0x0800c778                fmodf
 .text.__ieee754_fmodf
                0x0800c838      0x118 c:/program files (x86)/gnu tools arm embedded/6 2017-q2-update/bin/../lib/gcc/arm-none-eabi/6.3.1/../../../../arm-none-eabi/lib/thumb/v7e-m/fpv4-sp/hard\libm.a(lib_a-ef_fmod.o)
                0x0800c838                __ieee754_fmodf
 .text.matherr  0x0800c950        0x4 c:/program files (x86)/gnu tools arm embedded/6 2017-q2-update/bin/../lib/gcc/arm-none-eabi/6.3.1/../../../../arm-none-eabi/lib/thumb/v7e-m/fpv4-sp/hard\libm.a(lib_a-s_matherr.o)
                0x0800c950                matherr
 .text._sbrk    0x0800c954       0x1c c:/program files (x86)/gnu tools arm embedded/6 2017-q2-update/bin/../lib/gcc/arm-none-eabi/6.3.1/../../../../arm-none-eabi/lib/thumb/v7e-m/fpv4-sp/hard\libnosys.a(sbrk.o)
                0x0800c954                _sbrk
 .text.__errno  0x0800c970        0xc c:/program files (x86)/gnu tools arm embedded/6 2017-q2-update/bin/../lib/gcc/arm-none-eabi/6.3.1/../../../../arm-none-eabi/lib/thumb/v7e-m/fpv4-sp/hard\libc_nano.a(lib_a-errno.o)
                0x0800c970                __errno
 *(.glue_7)
 .glue_7        0x0800c97c        0x0 linker stubs
 *(.glue_7t)
 .glue_7t       0x0800c97c        0x0 linker stubs
 *(.eh_frame)
 .eh_frame      0x0800c97c        0x0 c:/program files (x86)/gnu tools arm embedded/6 2017-q2-update/bin/../lib/gcc/arm-none-eabi/6.3.1/thumb/v7e-m/fpv4-sp/hard/crtbegin.o
 *(.init)
 .init          0x0800c97c        0x4 c:/program files (x86)/gnu tools arm embedded/6 2017-q2-update/bin/../lib/gcc/arm-none-eabi/6.3.1/thumb/v7e-m/fpv4-sp/hard/crti.o
                0x0800c97c                _init
 .init          0x0800c980        0x8 c:/program files (x86)/gnu tools arm embedded/6 2017-q2-update/bin/../lib/gcc/arm-none-eabi/6.3.1/thumb/v7e-m/fpv4-sp/hard/crtn.o
 *(.fini)
 .fini          0x0800c988        0x4 c:/program files (x86)/gnu tools arm embedded/6 2017-q2-update/bin/../lib/gcc/arm-none-eabi/6.3.1/thumb/v7e-m/fpv4-sp/hard/crti.o
                0x0800c988                _fini
 .fini          0x0800c98c        0x8 c:/program files (x86)/gnu tools arm embedded/6 2017-q2-update/bin/../lib/gcc/arm-none-eabi/6.3.1/thumb/v7e-m/fpv4-sp/hard/crtn.o
                0x0800c994                . = ALIGN (0x4)
                0x0800c994                _etext = .

.vfp11_veneer   0x0800c994        0x0
 .vfp11_veneer  0x0800c994        0x0 linker stubs

.v4_bx          0x0800c994        0x0
 .v4_bx         0x0800c994        0x0 linker stubs

.iplt           0x0800c994        0x0
 .iplt          0x0800c994        0x0 c:/program files (x86)/gnu tools arm embedded/6 2017-q2-update/bin/../lib/gcc/arm-none-eabi/6.3.1/thumb/v7e-m/fpv4-sp/hard/crtbegin.o

.rodata         0x0800c998      0x6a8
                0x0800c998                . = ALIGN (0x4)
 *(.rodata)
 .rodata        0x0800c998       0x12 build/src/dm.o
 *(.rodata*)
 *fill*         0x0800c9aa        0x2 
 .rodata.flagBitshiftOffset.8166
                0x0800c9ac        0x8 build/base/Drivers/STM32F4xx_HAL_Driver/Src/stm32f4xx_hal_dma.o
 .rodata.SD_Driver
                0x0800c9b4       0x14 build/base/Src/sd_diskio.o
                0x0800c9b4                SD_Driver
 .rodata.AHBPrescTable
                0x0800c9c8       0x10 build/base/Src/system_stm32f4xx.o
                0x0800c9c8                AHBPrescTable
 .rodata.APBPrescTable
                0x0800c9d8        0x8 build/base/Src/system_stm32f4xx.o
                0x0800c9d8                APBPrescTable
 .rodata.ExCvt  0x0800c9e0       0x80 build/base/Middlewares/Third_Party/FatFs/src/ff.o
 .rodata.follow_path.str1.4
                0x0800ca60        0xf build/base/Middlewares/Third_Party/FatFs/src/ff.o
 *fill*         0x0800ca6f        0x1 
 .rodata.black  0x0800ca70        0x3 build/src/ws2812.o
                0x0800ca70                black
 *fill*         0x0800ca73        0x1 
 .rodata.gamma8
                0x0800ca74      0x103 build/src/ws2812.o
 *fill*         0x0800cb77        0x1 
 .rodata.CSWTCH.24
                0x0800cb78       0x50 build/src/app.o
 .rodata.init.str1.4
                0x0800cbc8       0x16 build/src/app.o
                                 0x1a (size before relaxing)
 *fill*         0x0800cbde        0x2 
 .rodata.loop.str1.4
                0x0800cbe0       0xc8 build/src/app.o
 .rodata.str1.4
                0x0800cca8       0xf6 build/src/app.o
 *fill*         0x0800cd9e        0x2 
 .rodata.dm_poll.str1.4
                0x0800cda0       0x12 build/src/dm.o
 *fill*         0x0800cdb2        0x2 
 .rodata.dm_switch.str1.4
                0x0800cdb4        0xf build/src/dm.o
 *fill*         0x0800cdc3        0x1 
 .rodata.dm_switch_parameter.str1.4
                0x0800cdc4        0xe build/src/dm.o
 .rodata._printf_float.str1.1
                0x0800cdd2       0x12 c:/program files (x86)/gnu tools arm embedded/6 2017-q2-update/bin/../lib/gcc/arm-none-eabi/6.3.1/../../../../arm-none-eabi/lib/thumb/v7e-m/fpv4-sp/hard\libc_nano.a(lib_a-nano-vfprintf_float.o)
 .rodata._printf_i.str1.1
                0x0800cde4       0x22 c:/program files (x86)/gnu tools arm embedded/6 2017-q2-update/bin/../lib/gcc/arm-none-eabi/6.3.1/../../../../arm-none-eabi/lib/thumb/v7e-m/fpv4-sp/hard\libc_nano.a(lib_a-nano-vfprintf_i.o)
 .rodata._dtoa_r.str1.1
                0x0800ce06        0xd c:/program files (x86)/gnu tools arm embedded/6 2017-q2-update/bin/../lib/gcc/arm-none-eabi/6.3.1/../../../../arm-none-eabi/lib/thumb/v7e-m/fpv4-sp/hard\libc_nano.a(lib_a-dtoa.o)
                                  0xf (size before relaxing)
 *fill*         0x0800ce13        0x5 
 .rodata.__mprec_bigtens
                0x0800ce18       0x28 c:/program files (x86)/gnu tools arm embedded/6 2017-q2-update/bin/../lib/gcc/arm-none-eabi/6.3.1/../../../../arm-none-eabi/lib/thumb/v7e-m/fpv4-sp/hard\libc_nano.a(lib_a-mprec.o)
                0x0800ce18                __mprec_bigtens
 .rodata.__mprec_tens
                0x0800ce40       0xc8 c:/program files (x86)/gnu tools arm embedded/6 2017-q2-update/bin/../lib/gcc/arm-none-eabi/6.3.1/../../../../arm-none-eabi/lib/thumb/v7e-m/fpv4-sp/hard\libc_nano.a(lib_a-mprec.o)
                0x0800ce40                __mprec_tens
 .rodata.p05.7170
                0x0800cf08        0xc c:/program files (x86)/gnu tools arm embedded/6 2017-q2-update/bin/../lib/gcc/arm-none-eabi/6.3.1/../../../../arm-none-eabi/lib/thumb/v7e-m/fpv4-sp/hard\libc_nano.a(lib_a-mprec.o)
 .rodata._svfprintf_r.str1.1
                0x0800cf14       0x11 c:/program files (x86)/gnu tools arm embedded/6 2017-q2-update/bin/../lib/gcc/arm-none-eabi/6.3.1/../../../../arm-none-eabi/lib/thumb/v7e-m/fpv4-sp/hard\libc_nano.a(lib_a-nano-svfprintf.o)
 .rodata._setlocale_r.str1.1
                0x0800cf25        0x8 c:/program files (x86)/gnu tools arm embedded/6 2017-q2-update/bin/../lib/gcc/arm-none-eabi/6.3.1/../../../../arm-none-eabi/lib/thumb/v7e-m/fpv4-sp/hard\libc_nano.a(lib_a-locale.o)
                                  0x9 (size before relaxing)
 .rodata.str1.1
                0x0800cf2d        0x2 c:/program files (x86)/gnu tools arm embedded/6 2017-q2-update/bin/../lib/gcc/arm-none-eabi/6.3.1/../../../../arm-none-eabi/lib/thumb/v7e-m/fpv4-sp/hard\libc_nano.a(lib_a-locale.o)
 .rodata._ctype_
                0x0800cf2f      0x101 c:/program files (x86)/gnu tools arm embedded/6 2017-q2-update/bin/../lib/gcc/arm-none-eabi/6.3.1/../../../../arm-none-eabi/lib/thumb/v7e-m/fpv4-sp/hard\libc_nano.a(lib_a-ctype_.o)
                0x0800cf2f                _ctype_
 .rodata.fmodf.str1.4
                0x0800d030        0x8 c:/program files (x86)/gnu tools arm embedded/6 2017-q2-update/bin/../lib/gcc/arm-none-eabi/6.3.1/../../../../arm-none-eabi/lib/thumb/v7e-m/fpv4-sp/hard\libm.a(lib_a-wf_fmod.o)
                                  0x6 (size before relaxing)
 .rodata.Zero   0x0800d038        0x8 c:/program files (x86)/gnu tools arm embedded/6 2017-q2-update/bin/../lib/gcc/arm-none-eabi/6.3.1/../../../../arm-none-eabi/lib/thumb/v7e-m/fpv4-sp/hard\libm.a(lib_a-ef_fmod.o)
                0x0800d040                . = ALIGN (0x4)

.ARM.extab
 *(.ARM.extab* .gnu.linkonce.armextab.*)

.ARM            0x0800d040        0x8
                0x0800d040                __exidx_start = .
 *(.ARM.exidx*)
 .ARM.exidx     0x0800d040        0x8 c:/program files (x86)/gnu tools arm embedded/6 2017-q2-update/bin/../lib/gcc/arm-none-eabi/6.3.1/thumb/v7e-m/fpv4-sp/hard\libgcc.a(_udivmoddi4.o)
                0x0800d048                __exidx_end = .

.rel.dyn        0x0800d048        0x0
 .rel.iplt      0x0800d048        0x0 c:/program files (x86)/gnu tools arm embedded/6 2017-q2-update/bin/../lib/gcc/arm-none-eabi/6.3.1/thumb/v7e-m/fpv4-sp/hard/crtbegin.o

.preinit_array  0x0800d048        0x0
                0x0800d048                PROVIDE (__preinit_array_start, .)
 *(.preinit_array*)
                0x0800d048                PROVIDE (__preinit_array_end, .)

.init_array     0x0800d048        0x4
                0x0800d048                PROVIDE (__init_array_start, .)
 *(SORT(.init_array.*))
 *(.init_array*)
 .init_array    0x0800d048        0x4 c:/program files (x86)/gnu tools arm embedded/6 2017-q2-update/bin/../lib/gcc/arm-none-eabi/6.3.1/thumb/v7e-m/fpv4-sp/hard/crtbegin.o
                0x0800d04c                PROVIDE (__init_array_end, .)

.fini_array     0x0800d04c        0x4
                [!provide]                PROVIDE (__fini_array_start, .)
 *(SORT(.fini_array.*))
 *(.fini_array*)
 .fini_array    0x0800d04c        0x4 c:/program files (x86)/gnu tools arm embedded/6 2017-q2-update/bin/../lib/gcc/arm-none-eabi/6.3.1/thumb/v7e-m/fpv4-sp/hard/crtbegin.o
                [!provide]                PROVIDE (__fini_array_end, .)
                0x0800d050                _sidata = LOADADDR (.data)

.data           0x20000000      0x1fc load address 0x0800d050
                0x20000000                . = ALIGN (0x4)
                0x20000000                _sdata = .
 *(.data)
 *(.data*)
 .data.uwTickFreq
                0x20000000        0x1 build/base/Drivers/STM32F4xx_HAL_Driver/Src/stm32f4xx_hal.o
                0x20000000                uwTickFreq
 *fill*         0x20000001        0x3 
 .data.uwTickPrio
                0x20000004        0x4 build/base/Drivers/STM32F4xx_HAL_Driver/Src/stm32f4xx_hal.o
                0x20000004                uwTickPrio
 .data.Stat     0x20000008        0x1 build/base/Src/sd_diskio.o
 *fill*         0x20000009        0x3 
 .data.SystemCoreClock
                0x2000000c        0x4 build/base/Src/system_stm32f4xx.o
                0x2000000c                SystemCoreClock
 .data.a        0x20000010        0x4 build/src/phys_engine.o
 .data.c_damp   0x20000014        0x4 build/src/phys_engine.o
                0x20000014                c_damp
 .data.c_scale  0x20000018        0x4 build/src/phys_engine.o
                0x20000018                c_scale
 .data.is_lit.9830
                0x2000001c        0x1 build/src/dm.o
 *fill*         0x2000001d        0x3 
 .data.phase.9813
                0x20000020        0x4 build/src/dm.o
 .data.show     0x20000024        0x1 build/src/dm.o
                0x20000024                show
 .data.show_next
                0x20000025        0x1 build/src/dm.o
                0x20000025                show_next
 *fill*         0x20000026        0x2 
 .data._impure_ptr
                0x20000028        0x4 c:/program files (x86)/gnu tools arm embedded/6 2017-q2-update/bin/../lib/gcc/arm-none-eabi/6.3.1/../../../../arm-none-eabi/lib/thumb/v7e-m/fpv4-sp/hard\libc_nano.a(lib_a-impure.o)
                0x20000028                _impure_ptr
 .data.impure_data
                0x2000002c       0x60 c:/program files (x86)/gnu tools arm embedded/6 2017-q2-update/bin/../lib/gcc/arm-none-eabi/6.3.1/../../../../arm-none-eabi/lib/thumb/v7e-m/fpv4-sp/hard\libc_nano.a(lib_a-impure.o)
 .data.__global_locale
                0x2000008c      0x16c c:/program files (x86)/gnu tools arm embedded/6 2017-q2-update/bin/../lib/gcc/arm-none-eabi/6.3.1/../../../../arm-none-eabi/lib/thumb/v7e-m/fpv4-sp/hard\libc_nano.a(lib_a-locale.o)
                0x2000008c                __global_locale
 .data.__fdlib_version
                0x200001f8        0x1 c:/program files (x86)/gnu tools arm embedded/6 2017-q2-update/bin/../lib/gcc/arm-none-eabi/6.3.1/../../../../arm-none-eabi/lib/thumb/v7e-m/fpv4-sp/hard\libm.a(lib_a-s_lib_ver.o)
                0x200001f8                __fdlib_version
                0x200001fc                . = ALIGN (0x4)
 *fill*         0x200001f9        0x3 
                0x200001fc                _edata = .
                0x0800d24c                _siccmram = LOADADDR (.ccmram)

.jcr            0x200001fc        0x0 load address 0x0800d24c
 .jcr           0x200001fc        0x0 c:/program files (x86)/gnu tools arm embedded/6 2017-q2-update/bin/../lib/gcc/arm-none-eabi/6.3.1/thumb/v7e-m/fpv4-sp/hard/crtbegin.o

.igot.plt       0x200001fc        0x0 load address 0x0800d24c
 .igot.plt      0x200001fc        0x0 c:/program files (x86)/gnu tools arm embedded/6 2017-q2-update/bin/../lib/gcc/arm-none-eabi/6.3.1/thumb/v7e-m/fpv4-sp/hard/crtbegin.o

.ccmram         0x10000000        0x0 load address 0x0800d24c
                0x10000000                . = ALIGN (0x4)
                0x10000000                _sccmram = .
 *(.ccmram)
 *(.ccmram*)
                0x10000000                . = ALIGN (0x4)
                0x10000000                _eccmram = .
                0x10000000                . = ALIGN (0x4)

.bss            0x200001fc     0x59d8
                0x200001fc                _sbss = .
                0x200001fc                __bss_start__ = _sbss
 *(.bss)
 .bss           0x200001fc       0x1c c:/program files (x86)/gnu tools arm embedded/6 2017-q2-update/bin/../lib/gcc/arm-none-eabi/6.3.1/thumb/v7e-m/fpv4-sp/hard/crtbegin.o
 *(.bss*)
 .bss.ReadStatus
                0x20000218        0x4 build/base/Src/sd_diskio.o
 .bss.WriteStatus
                0x2000021c        0x4 build/base/Src/sd_diskio.o
 .bss.scratch   0x20000220      0x200 build/base/Src/sd_diskio.o
 .bss.disk      0x20000420        0xc build/base/Middlewares/Third_Party/FatFs/src/ff_gen_drv.o
                0x20000420                disk
 .bss.FatFs     0x2000042c        0x4 build/base/Middlewares/Third_Party/FatFs/src/ff.o
 .bss.Files     0x20000430       0x20 build/base/Middlewares/Third_Party/FatFs/src/ff.o
 .bss.Fsid      0x20000450        0x2 build/base/Middlewares/Third_Party/FatFs/src/ff.o
 *fill*         0x20000452        0x2 
 .bss.adc_raw   0x20000454        0x8 build/src/adc.o
 .bss.adc_sel   0x2000045c        0x4 build/src/adc.o
                0x2000045c                adc_sel
 .bss.transfer_enabled
                0x20000460        0x1 build/src/ws2812.o
 .bss.Data.10138
                0x20000461        0x1 build/src/app.o
 *fill*         0x20000462        0x2 
 .bss.fail_read.10158
                0x20000464        0x4 build/src/app.o
 .bss.i.10153   0x20000468        0x4 build/src/app.o
 .bss.led0_cnt.10154
                0x2000046c        0x4 build/src/app.o
 .bss.logging_enabled
                0x20000470        0x1 build/src/app.o
                0x20000470                logging_enabled
 .bss.must_turn_off.10172
                0x20000471        0x1 build/src/app.o
 *fill*         0x20000472        0x2 
 .bss.prev_tick.10152
                0x20000474        0x4 build/src/app.o
 .bss.shift_selection.10173
                0x20000478        0x1 build/src/app.o
 *fill*         0x20000479        0x3 
 .bss.time_ms_prev.10149
                0x2000047c        0x4 build/src/app.o
 .bss.buffer.9936
                0x20000480      0x201 build/src/debug.o
 *fill*         0x20000681        0x3 
 .bss.w         0x20000684        0x4 build/src/phys_engine.o
 .bss.cnt.9814  0x20000688        0x4 build/src/dm.o
 .bss.cnt.9815  0x2000068c        0x4 build/src/dm.o
 .bss.cnt.9821  0x20000690        0x4 build/src/dm.o
 .bss.cnt.9822  0x20000694        0x4 build/src/dm.o
 .bss.cnt.9828  0x20000698        0x4 build/src/dm.o
 .bss.cnt.9831  0x2000069c        0x4 build/src/dm.o
 .bss.hue.9838  0x200006a0        0x4 build/src/dm.o
 .bss.offset.9794
                0x200006a4        0x4 build/src/dm.o
 .bss.param     0x200006a8       0x20 build/src/dm.o
                0x200006a8                param
 .bss.to        0x200006c8        0x4 build/src/dm.o
                0x200006c8                to
 .bss.__malloc_free_list
                0x200006cc        0x4 c:/program files (x86)/gnu tools arm embedded/6 2017-q2-update/bin/../lib/gcc/arm-none-eabi/6.3.1/../../../../arm-none-eabi/lib/thumb/v7e-m/fpv4-sp/hard\libc_nano.a(lib_a-nano-mallocr.o)
                0x200006cc                __malloc_free_list
 .bss.__malloc_sbrk_start
                0x200006d0        0x4 c:/program files (x86)/gnu tools arm embedded/6 2017-q2-update/bin/../lib/gcc/arm-none-eabi/6.3.1/../../../../arm-none-eabi/lib/thumb/v7e-m/fpv4-sp/hard\libc_nano.a(lib_a-nano-mallocr.o)
                0x200006d0                __malloc_sbrk_start
 .bss.heap_end.5239
                0x200006d4        0x4 c:/program files (x86)/gnu tools arm embedded/6 2017-q2-update/bin/../lib/gcc/arm-none-eabi/6.3.1/../../../../arm-none-eabi/lib/thumb/v7e-m/fpv4-sp/hard\libnosys.a(sbrk.o)
 *(COMMON)
 COMMON         0x200006d8        0x4 build/base/Drivers/STM32F4xx_HAL_Driver/Src/stm32f4xx_hal.o
                0x200006d8                uwTick
 COMMON         0x200006dc      0x3c4 build/base/Src/main.o
                0x200006dc                hdma_sdio_rx
                0x2000073c                hdma_tim1_ch1
                0x2000079c                hi2c1
                0x200007f0                hiwdg
                0x200007fc                hcrc
                0x20000804                htim3
                0x20000844                hadc1
                0x2000088c                huart1
                0x200008cc                hdma_adc1
                0x2000092c                hdma_sdio_tx
                0x2000098c                htim1
                0x200009cc                hrng
                0x200009dc                hsd
                0x20000a60                huart2
 COMMON         0x20000aa0     0x206c build/base/Src/fatfs.o
                0x20000aa0                retSD
                0x20000aa4                SDPath
                0x20000aa8                SDFile
                0x20001ad8                SDFatFS
 COMMON         0x20002b0c     0x204a build/src/ws2812.o
                0x20002b0c                leds
                0x20002cec                buffer_dma
 *fill*         0x20004b56        0x2 
 COMMON         0x20004b58     0x1076 build/src/app.o
                0x20004b58                accel
                0x20004b64                gyro
                0x20004b70                _accel
                0x20004b78                file_log
                0x20005ba8                btn
                0x20005bc8                _gyro
 *fill*         0x20005bce        0x2 
 COMMON         0x20005bd0        0x4 c:/program files (x86)/gnu tools arm embedded/6 2017-q2-update/bin/../lib/gcc/arm-none-eabi/6.3.1/../../../../arm-none-eabi/lib/thumb/v7e-m/fpv4-sp/hard\libc_nano.a(lib_a-reent.o)
                0x20005bd0                errno
                0x20005bd4                . = ALIGN (0x4)
                0x20005bd4                _ebss = .
                0x20005bd4                __bss_end__ = _ebss

._user_heap_stack
                0x20005bd4      0x604
                0x20005bd8                . = ALIGN (0x8)
 *fill*         0x20005bd4        0x4 
                0x20005bd8                PROVIDE (end, .)
                [!provide]                PROVIDE (_end, .)
                0x20005dd8                . = (. + _Min_Heap_Size)
 *fill*         0x20005bd8      0x200 
                0x200061d8                . = (. + _Min_Stack_Size)
 *fill*         0x20005dd8      0x400 
                0x200061d8                . = ALIGN (0x8)

/DISCARD/
 libc.a(*)
 libm.a(*)
 libgcc.a(*)

.ARM.attributes
                0x00000000       0x30
 *(.ARM.attributes)
 .ARM.attributes
                0x00000000       0x22 c:/program files (x86)/gnu tools arm embedded/6 2017-q2-update/bin/../lib/gcc/arm-none-eabi/6.3.1/thumb/v7e-m/fpv4-sp/hard/crti.o
 .ARM.attributes
                0x00000022       0x34 c:/program files (x86)/gnu tools arm embedded/6 2017-q2-update/bin/../lib/gcc/arm-none-eabi/6.3.1/thumb/v7e-m/fpv4-sp/hard/crtbegin.o
 .ARM.attributes
                0x00000056       0x21 build/startup_stm32f405xx.o
 .ARM.attributes
                0x00000077       0x39 build/base/Drivers/STM32F4xx_HAL_Driver/Src/stm32f4xx_hal.o
 .ARM.attributes
                0x000000b0       0x39 build/base/Drivers/STM32F4xx_HAL_Driver/Src/stm32f4xx_hal_adc.o
 .ARM.attributes
                0x000000e9       0x39 build/base/Drivers/STM32F4xx_HAL_Driver/Src/stm32f4xx_hal_cortex.o
 .ARM.attributes
                0x00000122       0x39 build/base/Drivers/STM32F4xx_HAL_Driver/Src/stm32f4xx_hal_crc.o
 .ARM.attributes
                0x0000015b       0x39 build/base/Drivers/STM32F4xx_HAL_Driver/Src/stm32f4xx_hal_dma.o
 .ARM.attributes
                0x00000194       0x39 build/base/Drivers/STM32F4xx_HAL_Driver/Src/stm32f4xx_hal_gpio.o
 .ARM.attributes
                0x000001cd       0x39 build/base/Drivers/STM32F4xx_HAL_Driver/Src/stm32f4xx_hal_i2c.o
 .ARM.attributes
                0x00000206       0x39 build/base/Drivers/STM32F4xx_HAL_Driver/Src/stm32f4xx_hal_iwdg.o
 .ARM.attributes
                0x0000023f       0x39 build/base/Drivers/STM32F4xx_HAL_Driver/Src/stm32f4xx_hal_sd.o
 .ARM.attributes
                0x00000278       0x39 build/base/Drivers/STM32F4xx_HAL_Driver/Src/stm32f4xx_ll_sdmmc.o
 .ARM.attributes
                0x000002b1       0x39 build/base/Drivers/STM32F4xx_HAL_Driver/Src/stm32f4xx_hal_rcc.o
 .ARM.attributes
                0x000002ea       0x39 build/base/Drivers/STM32F4xx_HAL_Driver/Src/stm32f4xx_hal_rng.o
 .ARM.attributes
                0x00000323       0x39 build/base/Drivers/STM32F4xx_HAL_Driver/Src/stm32f4xx_hal_tim.o
 .ARM.attributes
                0x0000035c       0x39 build/base/Drivers/STM32F4xx_HAL_Driver/Src/stm32f4xx_hal_tim_ex.o
 .ARM.attributes
                0x00000395       0x39 build/base/Drivers/STM32F4xx_HAL_Driver/Src/stm32f4xx_hal_uart.o
 .ARM.attributes
                0x000003ce       0x39 build/base/Src/main.o
 .ARM.attributes
                0x00000407       0x39 build/base/Src/fatfs.o
 .ARM.attributes
                0x00000440       0x39 build/base/Src/fatfs_platform.o
 .ARM.attributes
                0x00000479       0x39 build/base/Src/sd_diskio.o
 .ARM.attributes
                0x000004b2       0x39 build/base/Src/bsp_driver_sd.o
 .ARM.attributes
                0x000004eb       0x39 build/base/Src/system_stm32f4xx.o
 .ARM.attributes
                0x00000524       0x39 build/base/Src/stm32f4xx_it.o
 .ARM.attributes
                0x0000055d       0x39 build/base/Src/stm32f4xx_hal_msp.o
 .ARM.attributes
                0x00000596       0x39 build/base/Middlewares/Third_Party/FatFs/src/diskio.o
 .ARM.attributes
                0x000005cf       0x39 build/base/Middlewares/Third_Party/FatFs/src/ff_gen_drv.o
 .ARM.attributes
                0x00000608       0x39 build/base/Middlewares/Third_Party/FatFs/src/ff.o
 .ARM.attributes
                0x00000641       0x39 build/src/adc.o
 .ARM.attributes
                0x0000067a       0x39 build/src/ws2812.o
 .ARM.attributes
                0x000006b3       0x39 build/src/app.o
 .ARM.attributes
                0x000006ec       0x39 build/src/debug.o
 .ARM.attributes
                0x00000725       0x39 build/src/phys_engine.o
 .ARM.attributes
                0x0000075e       0x39 build/src/dm.o
 .ARM.attributes
                0x00000797       0x34 c:/program files (x86)/gnu tools arm embedded/6 2017-q2-update/bin/../lib/gcc/arm-none-eabi/6.3.1/../../../../arm-none-eabi/lib/thumb/v7e-m/fpv4-sp/hard\libc_nano.a(lib_a-impure.o)
 .ARM.attributes
                0x000007cb       0x34 c:/program files (x86)/gnu tools arm embedded/6 2017-q2-update/bin/../lib/gcc/arm-none-eabi/6.3.1/../../../../arm-none-eabi/lib/thumb/v7e-m/fpv4-sp/hard\libc_nano.a(lib_a-init.o)
 .ARM.attributes
                0x000007ff       0x34 c:/program files (x86)/gnu tools arm embedded/6 2017-q2-update/bin/../lib/gcc/arm-none-eabi/6.3.1/../../../../arm-none-eabi/lib/thumb/v7e-m/fpv4-sp/hard\libc_nano.a(lib_a-memcpy-stub.o)
 .ARM.attributes
                0x00000833       0x34 c:/program files (x86)/gnu tools arm embedded/6 2017-q2-update/bin/../lib/gcc/arm-none-eabi/6.3.1/../../../../arm-none-eabi/lib/thumb/v7e-m/fpv4-sp/hard\libc_nano.a(lib_a-memset.o)
 .ARM.attributes
                0x00000867       0x34 c:/program files (x86)/gnu tools arm embedded/6 2017-q2-update/bin/../lib/gcc/arm-none-eabi/6.3.1/../../../../arm-none-eabi/lib/thumb/v7e-m/fpv4-sp/hard\libc_nano.a(lib_a-nano-vfprintf_float.o)
 .ARM.attributes
                0x0000089b       0x34 c:/program files (x86)/gnu tools arm embedded/6 2017-q2-update/bin/../lib/gcc/arm-none-eabi/6.3.1/../../../../arm-none-eabi/lib/thumb/v7e-m/fpv4-sp/hard\libc_nano.a(lib_a-nano-vfprintf_i.o)
 .ARM.attributes
                0x000008cf       0x34 c:/program files (x86)/gnu tools arm embedded/6 2017-q2-update/bin/../lib/gcc/arm-none-eabi/6.3.1/../../../../arm-none-eabi/lib/thumb/v7e-m/fpv4-sp/hard\libc_nano.a(lib_a-snprintf.o)
 .ARM.attributes
                0x00000903       0x1b c:/program files (x86)/gnu tools arm embedded/6 2017-q2-update/bin/../lib/gcc/arm-none-eabi/6.3.1/../../../../arm-none-eabi/lib/thumb/v7e-m/fpv4-sp/hard\libc_nano.a(lib_a-strlen.o)
 .ARM.attributes
                0x0000091e       0x34 c:/program files (x86)/gnu tools arm embedded/6 2017-q2-update/bin/../lib/gcc/arm-none-eabi/6.3.1/../../../../arm-none-eabi/lib/thumb/v7e-m/fpv4-sp/hard\libc_nano.a(lib_a-vsnprintf.o)
 .ARM.attributes
                0x00000952       0x34 c:/program files (x86)/gnu tools arm embedded/6 2017-q2-update/bin/../lib/gcc/arm-none-eabi/6.3.1/../../../../arm-none-eabi/lib/thumb/v7e-m/fpv4-sp/hard\libc_nano.a(lib_a-dtoa.o)
 .ARM.attributes
                0x00000986       0x34 c:/program files (x86)/gnu tools arm embedded/6 2017-q2-update/bin/../lib/gcc/arm-none-eabi/6.3.1/../../../../arm-none-eabi/lib/thumb/v7e-m/fpv4-sp/hard\libc_nano.a(lib_a-localeconv.o)
 .ARM.attributes
                0x000009ba       0x34 c:/program files (x86)/gnu tools arm embedded/6 2017-q2-update/bin/../lib/gcc/arm-none-eabi/6.3.1/../../../../arm-none-eabi/lib/thumb/v7e-m/fpv4-sp/hard\libc_nano.a(lib_a-malloc.o)
 .ARM.attributes
                0x000009ee       0x20 c:/program files (x86)/gnu tools arm embedded/6 2017-q2-update/bin/../lib/gcc/arm-none-eabi/6.3.1/../../../../arm-none-eabi/lib/thumb/v7e-m/fpv4-sp/hard\libc_nano.a(lib_a-memchr.o)
 .ARM.attributes
                0x00000a0e       0x34 c:/program files (x86)/gnu tools arm embedded/6 2017-q2-update/bin/../lib/gcc/arm-none-eabi/6.3.1/../../../../arm-none-eabi/lib/thumb/v7e-m/fpv4-sp/hard\libc_nano.a(lib_a-mprec.o)
 .ARM.attributes
                0x00000a42       0x34 c:/program files (x86)/gnu tools arm embedded/6 2017-q2-update/bin/../lib/gcc/arm-none-eabi/6.3.1/../../../../arm-none-eabi/lib/thumb/v7e-m/fpv4-sp/hard\libc_nano.a(lib_a-nano-callocr.o)
 .ARM.attributes
                0x00000a76       0x34 c:/program files (x86)/gnu tools arm embedded/6 2017-q2-update/bin/../lib/gcc/arm-none-eabi/6.3.1/../../../../arm-none-eabi/lib/thumb/v7e-m/fpv4-sp/hard\libc_nano.a(lib_a-nano-freer.o)
 .ARM.attributes
                0x00000aaa       0x34 c:/program files (x86)/gnu tools arm embedded/6 2017-q2-update/bin/../lib/gcc/arm-none-eabi/6.3.1/../../../../arm-none-eabi/lib/thumb/v7e-m/fpv4-sp/hard\libc_nano.a(lib_a-nano-mallocr.o)
 .ARM.attributes
                0x00000ade       0x34 c:/program files (x86)/gnu tools arm embedded/6 2017-q2-update/bin/../lib/gcc/arm-none-eabi/6.3.1/../../../../arm-none-eabi/lib/thumb/v7e-m/fpv4-sp/hard\libc_nano.a(lib_a-nano-svfprintf.o)
 .ARM.attributes
                0x00000b12       0x34 c:/program files (x86)/gnu tools arm embedded/6 2017-q2-update/bin/../lib/gcc/arm-none-eabi/6.3.1/../../../../arm-none-eabi/lib/thumb/v7e-m/fpv4-sp/hard\libc_nano.a(lib_a-sbrkr.o)
 .ARM.attributes
                0x00000b46       0x34 c:/program files (x86)/gnu tools arm embedded/6 2017-q2-update/bin/../lib/gcc/arm-none-eabi/6.3.1/../../../../arm-none-eabi/lib/thumb/v7e-m/fpv4-sp/hard\libc_nano.a(lib_a-locale.o)
 .ARM.attributes
                0x00000b7a       0x34 c:/program files (x86)/gnu tools arm embedded/6 2017-q2-update/bin/../lib/gcc/arm-none-eabi/6.3.1/../../../../arm-none-eabi/lib/thumb/v7e-m/fpv4-sp/hard\libc_nano.a(lib_a-mbtowc_r.o)
 .ARM.attributes
                0x00000bae       0x34 c:/program files (x86)/gnu tools arm embedded/6 2017-q2-update/bin/../lib/gcc/arm-none-eabi/6.3.1/../../../../arm-none-eabi/lib/thumb/v7e-m/fpv4-sp/hard\libc_nano.a(lib_a-memmove.o)
 .ARM.attributes
                0x00000be2       0x34 c:/program files (x86)/gnu tools arm embedded/6 2017-q2-update/bin/../lib/gcc/arm-none-eabi/6.3.1/../../../../arm-none-eabi/lib/thumb/v7e-m/fpv4-sp/hard\libc_nano.a(lib_a-mlock.o)
 .ARM.attributes
                0x00000c16       0x34 c:/program files (x86)/gnu tools arm embedded/6 2017-q2-update/bin/../lib/gcc/arm-none-eabi/6.3.1/../../../../arm-none-eabi/lib/thumb/v7e-m/fpv4-sp/hard\libc_nano.a(lib_a-nano-reallocr.o)
 .ARM.attributes
                0x00000c4a       0x34 c:/program files (x86)/gnu tools arm embedded/6 2017-q2-update/bin/../lib/gcc/arm-none-eabi/6.3.1/../../../../arm-none-eabi/lib/thumb/v7e-m/fpv4-sp/hard\libc_nano.a(lib_a-reent.o)
 .ARM.attributes
                0x00000c7e       0x34 c:/program files (x86)/gnu tools arm embedded/6 2017-q2-update/bin/../lib/gcc/arm-none-eabi/6.3.1/../../../../arm-none-eabi/lib/thumb/v7e-m/fpv4-sp/hard\libc_nano.a(lib_a-wctomb_r.o)
 .ARM.attributes
                0x00000cb2       0x34 c:/program files (x86)/gnu tools arm embedded/6 2017-q2-update/bin/../lib/gcc/arm-none-eabi/6.3.1/../../../../arm-none-eabi/lib/thumb/v7e-m/fpv4-sp/hard\libc_nano.a(lib_a-ctype_.o)
 .ARM.attributes
                0x00000ce6       0x34 c:/program files (x86)/gnu tools arm embedded/6 2017-q2-update/bin/../lib/gcc/arm-none-eabi/6.3.1/../../../../arm-none-eabi/lib/thumb/v7e-m/fpv4-sp/hard\libc_nano.a(lib_a-nano-msizer.o)
 .ARM.attributes
                0x00000d1a       0x34 c:/program files (x86)/gnu tools arm embedded/6 2017-q2-update/bin/../lib/gcc/arm-none-eabi/6.3.1/../../../../arm-none-eabi/lib/thumb/v7e-m/fpv4-sp/hard\libm.a(lib_a-s_floor.o)
 .ARM.attributes
                0x00000d4e       0x34 c:/program files (x86)/gnu tools arm embedded/6 2017-q2-update/bin/../lib/gcc/arm-none-eabi/6.3.1/../../../../arm-none-eabi/lib/thumb/v7e-m/fpv4-sp/hard\libm.a(lib_a-sf_fabs.o)
 .ARM.attributes
                0x00000d82       0x34 c:/program files (x86)/gnu tools arm embedded/6 2017-q2-update/bin/../lib/gcc/arm-none-eabi/6.3.1/../../../../arm-none-eabi/lib/thumb/v7e-m/fpv4-sp/hard\libm.a(lib_a-wf_fmod.o)
 .ARM.attributes
                0x00000db6       0x34 c:/program files (x86)/gnu tools arm embedded/6 2017-q2-update/bin/../lib/gcc/arm-none-eabi/6.3.1/../../../../arm-none-eabi/lib/thumb/v7e-m/fpv4-sp/hard\libm.a(lib_a-ef_fmod.o)
 .ARM.attributes
                0x00000dea       0x34 c:/program files (x86)/gnu tools arm embedded/6 2017-q2-update/bin/../lib/gcc/arm-none-eabi/6.3.1/../../../../arm-none-eabi/lib/thumb/v7e-m/fpv4-sp/hard\libm.a(lib_a-s_lib_ver.o)
 .ARM.attributes
                0x00000e1e       0x34 c:/program files (x86)/gnu tools arm embedded/6 2017-q2-update/bin/../lib/gcc/arm-none-eabi/6.3.1/../../../../arm-none-eabi/lib/thumb/v7e-m/fpv4-sp/hard\libm.a(lib_a-s_matherr.o)
 .ARM.attributes
                0x00000e52       0x34 c:/program files (x86)/gnu tools arm embedded/6 2017-q2-update/bin/../lib/gcc/arm-none-eabi/6.3.1/../../../../arm-none-eabi/lib/thumb/v7e-m/fpv4-sp/hard\libnosys.a(sbrk.o)
 .ARM.attributes
                0x00000e86       0x22 c:/program files (x86)/gnu tools arm embedded/6 2017-q2-update/bin/../lib/gcc/arm-none-eabi/6.3.1/thumb/v7e-m/fpv4-sp/hard\libgcc.a(_arm_addsubdf3.o)
 .ARM.attributes
                0x00000ea8       0x22 c:/program files (x86)/gnu tools arm embedded/6 2017-q2-update/bin/../lib/gcc/arm-none-eabi/6.3.1/thumb/v7e-m/fpv4-sp/hard\libgcc.a(_arm_muldivdf3.o)
 .ARM.attributes
                0x00000eca       0x22 c:/program files (x86)/gnu tools arm embedded/6 2017-q2-update/bin/../lib/gcc/arm-none-eabi/6.3.1/thumb/v7e-m/fpv4-sp/hard\libgcc.a(_arm_cmpdf2.o)
 .ARM.attributes
                0x00000eec       0x22 c:/program files (x86)/gnu tools arm embedded/6 2017-q2-update/bin/../lib/gcc/arm-none-eabi/6.3.1/thumb/v7e-m/fpv4-sp/hard\libgcc.a(_arm_unorddf2.o)
 .ARM.attributes
                0x00000f0e       0x22 c:/program files (x86)/gnu tools arm embedded/6 2017-q2-update/bin/../lib/gcc/arm-none-eabi/6.3.1/thumb/v7e-m/fpv4-sp/hard\libgcc.a(_arm_fixdfsi.o)
 .ARM.attributes
                0x00000f30       0x22 c:/program files (x86)/gnu tools arm embedded/6 2017-q2-update/bin/../lib/gcc/arm-none-eabi/6.3.1/thumb/v7e-m/fpv4-sp/hard\libgcc.a(_arm_truncdfsf2.o)
 .ARM.attributes
                0x00000f52       0x22 c:/program files (x86)/gnu tools arm embedded/6 2017-q2-update/bin/../lib/gcc/arm-none-eabi/6.3.1/thumb/v7e-m/fpv4-sp/hard\libgcc.a(_aeabi_uldivmod.o)
 .ARM.attributes
                0x00000f74       0x34 c:/program files (x86)/gnu tools arm embedded/6 2017-q2-update/bin/../lib/gcc/arm-none-eabi/6.3.1/thumb/v7e-m/fpv4-sp/hard\libgcc.a(_udivmoddi4.o)
 .ARM.attributes
                0x00000fa8       0x22 c:/program files (x86)/gnu tools arm embedded/6 2017-q2-update/bin/../lib/gcc/arm-none-eabi/6.3.1/thumb/v7e-m/fpv4-sp/hard\libgcc.a(_dvmd_tls.o)
 .ARM.attributes